· script 156 个
· 排除文案表主源后待抓 155 个
· 实际拉下 151 个 chunk
· ⭐ 「continuation」命中 11 个文件
·    06c4nn5h1sl8e.js（761996 字节）：6 段
·      [0] …},e,this)})),r.list=function(e,t){return a.apply(this,arguments)},l=(0,p.default)(f.default.mark(function e(t){var r,n,i,o,s,a,l,c=arguments;return f.default.wrap(function(e){for(;;)switch(e.prev=e.next){case 0:return r=c.length>1&&void 0!=…
·      [1] …tion(e,t){return a.apply(this,arguments)},l=(0,p.default)(f.default.mark(function e(t){var r,n,i,o,s,a,l,c=arguments;return f.default.wrap(function(e){for(;;)switch(e.prev=e.next){case 0:return r=c.length>1&&void 0!==c[1]?c[1]:{},(n=t["cont…
·      [2] …,p.default)(f.default.mark(function e(t){var r,n,i,o,s,a,l,c=arguments;return f.default.wrap(function(e){for(;;)switch(e.prev=e.next){case 0:return r=c.length>1&&void 0!==c[1]?c[1]:{},(n=t["continuation-token"]||t.continuationToken)&&(r.sub…
·      [3] …t){case 0:return r=c.length>1&&void 0!==c[1]?c[1]:{},(n=t["continuation-token"]||t.continuationToken)&&(r.subres=Object.assign({"continuation-token":n},r.subres)),(i=this._objectRequestParams("GET","",r)).query=Object.assign({"list-type":2}…
·      [4] …0!==c[1]?c[1]:{},(n=t["continuation-token"]||t.continuationToken)&&(r.subres=Object.assign({"continuation-token":n},r.subres)),(i=this._objectRequestParams("GET","",r)).query=Object.assign({"list-type":2},t),delete i.query["continuation-tok…
·      [5] …ass,owner:t,restoreInfo:S(e.RestoreInfo)}})),(l=o.data.CommonPrefixes||null)&&(Array.isArray(l)||(l=[l]),l=l.map(function(e){return e.Prefix})),e.abrupt("return",{res:o.res,objects:s,prefixes:l,isTruncated:"true"===o.data.IsTruncated,keyCou…
·    1hl8nlepjkiq7.js（122022 字节）：3 段
·      [0] …agraph"),e.consume(r);return}return K(r)?(e.consume(r),e.exit("chunkText"),n):(e.consume(r),t)}(r)}(n)});return n}},ee={tokenize:function(e){let t,n,r,l=this,i=[],o=0;return a;function a(t){if(o<i.length){let n=i[o];return l.containerState=…
·      [1] …ter("blockQuoteMarker"),e.consume(t),e.exit("blockQuoteMarker"),l}return n(t)};function l(n){return Q(n)?(e.enter("blockQuotePrefixWhitespace"),e.consume(n),e.exit("blockQuotePrefixWhitespace"),e.exit("blockQuotePrefix"),t):(e.exit("blockQu…
·      [2] …rState.initialBlankLine=!0,i++,c(e)}function s(t){return Q(t)?(e.enter("listItemPrefixWhitespace"),e.consume(t),e.exit("listItemPrefixWhitespace"),c):n(t)}function c(n){return r.containerState.size=i+r.sliceSerialize(e.exit("listItemPrefix"…
·    3s7mfaa6_e71g.js（365485 字节）：4 段
·      [0] …||ap,a=this.data(),s=a.micromarkExtensions||(a.micromarkExtensions=[]),o=a.fromMarkdownExtensions||(a.fromMarkdownExtensions=[]),l=a.toMarkdownExtensions||(a.toMarkdownExtensions=[]);s.push(iz([{text:iZ},{document:{91:{name:"gfmFootnoteDefi…
·      [1] …graph"),e.consume(r);return}return rR(r)?(e.consume(r),e.exit("chunkText"),n):(e.consume(r),t)}(r)}(n)});return n}},sS={tokenize:function(e){let t,n,r,i=this,a=[],s=0;return o;function o(t){if(s<a.length){let n=a[s];return i.containerState=…
·      [2] …e(o),s;let l=e.exit("attentionSequence"),c=iI(o),u=!c||2===c&&a||r.includes(o),h=!a||2===a&&c||r.includes(i);return l._open=!!(42===n?u:u&&(a||!h)),l._close=!!(42===n?h:h&&(c||!u)),t(o)}(s)}}};function sB(e,t){e.column+=t,e.offset+=t,e._buf…
·      [3] …r=s=a,function a(s){return s===r?(e.enter("thematicBreakSequence"),function t(n){return n===r?(e.consume(n),i++,t):(e.exit("thematicBreakSequence"),rx(n)?i5(e,a,"whitespace")(n):a(n))}(s)):i>=3&&(null===s||rR(s))?(e.exit("thematicBreak"),t(…
·    0xi3d93gswcjd.js（37985 字节）：2 段
·      [0] …(function(e,t){let r=e.find(e=>e.id===t),o=new Set(r?.data?.outputGroupIds??[]);if(0===o.size)return[];let n=[];for(let t of e){if(!t.parentId||!o.has(t.parentId))continue;let e=u(t);e&&n.push(e)}return n}(r,e))}])},725194,241360,e=>{"use s…
·      [1] …etEdgeId&&t.source===e.extension.sourceNodeId&&t.target===e.targetNodeId).map(e=>e.id)}},"planCreateVideoContinuation",0,function(e){return{extension:function(e){if(!e.sourceNodeId.trim()||!e.sourceToTargetEdgeId.trim()||!a(e.range))throw E…
·    1bzx2qa4_zu4z.js（61067 字节）：4 段
·      [0] …h.min(l,o)),c=Math.max(0,Math.min(l,s-r));return{startX:o,endX:s,leftHandleLeft:d,rightHandleLeft:c,outlineLeft:o,outlineRight:s}}function em({source:e,sessionPhase:t,width:a,duration:n,startSec:r,endSec:i,handleWidth:o=16,variant:s="clip",…
·      [1] …hanceClick:o,onSeparateAvClick:s,showParse:u=!0,showEnhance:p=!0,isCropping:v,isCropExporting:g,isSeparatingAv:k,isVocalSplitting:y,isDownloading:j,onExpandClick:A,onVocalSplitClick:N,vocalSplitDisabledReason:M,separateAvDisabledReason:I,on…
·      [2] …d.useRef)(!1),ey=(0,d.useCallback)((e,t)=>{t.stopPropagation(),L?.(e)},[L]),ej=eL([a&&{key:"segmentRemake",featureId:"video.segmentRemake",label:ei("canvas:segmentRemakeEntry"),onClick:()=>a(),disabled:n,title:ei("canvas:segmentRemakeDurati…
·      [3] …ck)((e,t)=>{t.stopPropagation(),L?.(e)},[L]),ej=eL([a&&{key:"segmentRemake",featureId:"video.segmentRemake",label:ei("canvas:segmentRemakeEntry"),onClick:()=>a(),disabled:n,title:ei("canvas:segmentRemakeDurationLimit")},E&&{key:"continuatio…
·    1an1x1akb2vnr.js（1687293 字节）：6 段
·      [0] …...t})=>(0,r.jsx)("a",{...t,rel:"noopener noreferrer",target:"_blank",children:e})},oU=[function(e={}){var t;let n,a,r=this.data();function o(e,t){(r[e]?r[e]:r[e]=[]).push(t)}o("micromarkExtensions",(t=e,(0,rf.combineExtensions)([rI,{docume…
·      [1] …rent)return;let e=Array.from(r.current.keys());if(0===e.length)return void b();i.current=!0;try{let t=await (0,nP.getGenerationProgress)(e,v.current??void 0),n=t?.data?.progresses??[],a={},o=!1;for(let e of n){let t=r.current.get(e.taskId);…
·      [2] …h)return void b();i.current=!0;try{let t=await (0,nP.getGenerationProgress)(e,v.current??void 0),n=t?.data?.progresses??[],a={},o=!1;for(let e of n){let t=r.current.get(e.taskId);if(!t)continue;if(t.continuationGuard&&!(0,nO.isUploadNodeCon…
·      [3] …,(0,nP.stopTaskBatch)([n.taskId]).catch(()=>void 0));return}if(n.success&&n.taskId){P=n.taskId,b?.([P],N),e.current&&(ow(P,"polling_detached"),await new Promise(()=>void 0));let t=await new Promise(e=>{r.current.set(P,{shotIds:N,startTime:D…
·      [4] …I&&o(d)},[I,N,o,d]);return(0,u.jsx)("div",{className:"absolute left-1/2 z-20",style:{top:"100%",transform:"translateX(-50%)",marginTop:8,userSelect:"none"},children:(0,u.jsx)(nE.default,{className:"relative w-[660px]",children:(0,u.jsxs)("d…
·      [5] … justify-center rounded-lg transition-colors disabled:cursor-not-allowed disabled:opacity-50",children:(0,u.jsx)(h.Icons.Close,{width:14,height:14})}),(0,u.jsxs)("div",{ref:b,className:"relative min-w-0 flex-1",children:[(0,u.jsxs)("div",{r…
·    3-mou5v69wxmq.js（970309 字节）：6 段
·      [0] …={items:t},a=(0,hl.guardTaskPatch)({nodeType:ec.NodeType.VIDEO_GROUP,patch:r,source:"task",nodeId:e});return!!a.proceed&&(eS(e,a.sanitizedPatch??r,{bypassCollabFilter:!0}),!0)},[eS]),tp=(0,y.useCallback)(({nodeId:e,itemId:t,inputFingerprint…
·      [1] …{let t=e.data;t?.type===ec.NodeType.VIDEO_GROUP&&r.push({nodeId:e.id,data:e.data})}return r},[]),th=(0,y.useCallback)(async()=>{if(!eG.current){eG.current=!0;try{let e=(0,eT.captureUploadCanvasOwner)();if(!e||e.projectUuid!==eL)return;let t…
·      [2] …{if(!eG.current){eG.current=!0;try{let e=(0,eT.captureUploadCanvasOwner)();if(!e||e.projectUuid!==eL)return;let t=tm().map(t=>({...t,continuationGuard:(0,eT.captureUploadNodeContinuationGuard)(t.nodeId,e)})),r=M.stores.global?.getModel;for(…
·      [3] …tinue;if(r){let a=await (0,pI.pollComplianceUntilDone)([r]);if(!s())continue;let l=a.get(r);if(l?.status===1&&l.assetId)u=`asset://${l.assetId}`;else if(l?.status===1&&l.exempt);else{tp({nodeId:e,itemId:o.id,inputFingerprint:i?void 0:t,expe…
·      [4] …xempt);else{tp({nodeId:e,itemId:o.id,inputFingerprint:i?void 0:t,expectedTaskId:o.taskId,continuationGuard:n,patch:{status:"failed",taskStatus:ec.TASK_STATUS.FAILED}});continue}}else{tp({nodeId:e,itemId:o.id,inputFingerprint:i?void 0:t,expe…
·      [5] …s)().finishGenerationAttempt(f.taskId,"abandoned",{failStage:"client",failReason:"stale_submission"}),(0,ou.stopTaskBatch)([f.taskId]).catch(()=>void 0));continue}f.success&&f.taskId?tp({nodeId:e,itemId:o.id,inputFingerprint:i?void 0:t,expe…
·    2-4l878iuf97g.js（87547 字节）：4 段
·      [0] …i);if(!o)continue;let r=(0,I.getGeneratorParamsFromNode)(t),s=(0,I.buildRequestData)(r,a,t.id,l.projectId??"",c,void 0,l.projectTeamId);n?.benefitTag&&(s.disableBenefitTags=[n.benefitTag]),s.infiniteSwitch=1,d.push({targetNodeId:t.id,oldTas…
·      [1] …enefitTag&&(s.disableBenefitTags=[n.benefitTag]),s.infiniteSwitch=1,d.push({targetNodeId:t.id,oldTaskId:e,requestData:s,continuationGuard:o,inputFingerprint:(0,w.getCanvasNodeAsyncInputFingerprint)(t.id)})}let u=e=>{if(!(0,w.isUploadNodeCon…
·      [2] …ner?C("owner-changed"):C("upload-failed",(0,h.translate)("canvas:assetBatchGenerateModalCanvas"));if(!U())return C("owner-changed");let D=F?{...F,uploadJobId:a}:null,E=F?`${F.storeInstanceId}:${F.projectGeneration}:${F.projectUuid??""}`:nul…
·      [3] …)(e.owner,e.nodeId)===e.uploadGeneration)&&(null==e.asyncContinuation||((0,n.getCanvasNodeAsyncContinuationGeneration)(e.owner,e.nodeId,e.asyncContinuation.scope)??0)===e.asyncContinuation.generation)},"isUploadResultContinuationCurrent",0,…
·    31wmcik5_hc03.js（111282 字节）：6 段
·      [0] …Id}`,(0,B.captureUploadNodeContinuationGuard)(e.nodeId)])),Q=m.map(e=>{let t={taskInfo:void 0},r=eu(e.nodeId),i=r?.data?.params,a=(0,B.captureUploadNodeContinuationGuard)(e.nodeId),o=JSON.stringify(i??null),n=()=>({nodeId:e.nodeId,data:t,by…
·      [1] …=a===u.NodeType.SCRIPT_V2?(0,K.getScriptV2TaskMode)($):void 0;ez.taskInfo.failedReason=eb(t,e)}else if(a===u.NodeType.TEXT)ez.content=j.texts??[];else if(a===u.NodeType.VIDEO_CLIP){let t=(0,em.extractTaskResultUrls)(j,a);t.length>0&&eZ.push…
·      [2] …nerUserId,members:e2,myUserId:e6,projectTeamId:e4});if(!t){U.collabMetrics.count("task_handler_lease_violation_count",{reason:"non_holder_terminal_skip"}),eo(e,ti,{skipSync:!0});return}}let to=2===eE&&null!=m;if(2===eE&&null!=m&&ee&&e0.push…
·      [3] …continue;let r=eU(t),a=i.url.filter(e=>"string"==typeof e&&e.length>0);for(let e of r)(0,$.invalidateImageCache)(e);for(let e of a)(0,$.invalidateImageCache)(e)}if(Q.length>0)for(let e of Q){let t=eu(e.nodeId),r=t?.data;(0,B.isUploadNodeCon…
·      [4] …current.set(t,function(e,t){let r=(e?.attempt??0)+1,i=Math.min(2e3*2**(r-1),3e4);return{attempt:r,nextRetryAtMs:t+i}}(ei.current.get(t),Date.now()))},i=T.stores.canvas;if(!i){r(),e1.add(e.taskId);continue}let a=()=>{if(!(0,B.isUploadNodeCon…
·      [5] …!==a.length&&e3&&(0,L.broadcastStaleHint)(a,{clientId:(0,M.buildClientId)(e3),source:"useTaskInfo",sourceNodeId:e,degraded:i})}try{eq?.length>0&&window.dispatchEvent(new CustomEvent("libtv:artifact-created"))}catch(e){}let e5=new Set;for(le…
·    38jmez7q5_bnf.js（1068825 字节）：6 段
·      [0] …__?)$/}},bold:{pattern:/^\*[\s\S]+\*$/,inside:{punctuation:/^\*\*?|\*\*?$/}},punctuation:/^(?:``?|\+{1,3}|##?|\$\$|[~^]|\(\(\(?)|(?:''?|\+{1,3}|##?|\$\$|[~^`]|\)?\)\))$/}},replacement:{pattern:/\((?:C|R|TM)\)/,alias:"builtin"},entity:/&#?[\…
·      [1] …inside.rest=a("callout"),n.table.inside.rest=a("comment-block passthrough-block literal-block other-block list-punctuation indented-block comment title attribute-entry attributes hr page-break admonition list-label callout macro inline repl…
·      [2] …admonition list-label callout macro inline replacement entity line-continuation"),n["other-block"].inside.rest=a("table list-punctuation indented-block comment attribute-entry attributes hr page-break admonition list-label macro inline repl…
·      [3] …ALIZED|SPECIAL_MT)\b/,"builtin-function":{pattern:t(/\b(?:<<0>>)\b/.source,[a],"i"),alias:"function"},"type-cast":{pattern:t(/\b(?:<<0>>)(?=\s*\()/.source,[n],"i"),alias:"keyword"},function:{pattern:/\b[a-z_]\w*(?=\s*\()|(\.)[a-z_]\w*\b/i,l…
·      [4] …:/^(gap>).+(?:(?:\r(?:\n|(?!\n))|\n)>.*)*/,lookbehind:!0,inside:null},punctuation:/^gap>/}},comment:{pattern:/#.*/,greedy:!0},string:{pattern:/(^|[^\\'"])(?:'(?:[^\r\n\\']|\\.){1,10}'|"(?:[^\r\n\\"]|\\.)*"(?!")|"""[\s\S]*?""")/,lookbehind:!…
·      [5] …al|mod|not|od|or|quit|readonly|readwrite|rec|repeat|return|then|until|while)\b/,boolean:/\b(?:false|true)\b/,function:/\b[a-z_]\w*(?=\s*\()/i,number:{pattern:/(^|[^\w.]|\.\.)(?:\d+(?:\.\d*)?|\.\d+)(?:[eE][+-]?\d+)?(?:_[a-z]?)?(?=$|[^\w.]|\.…
·    3u3ydab86zoxk.js（85312 字节）：1 段
·      [0] …rceNodeId)}}async function i(e){try{if(!(await e.ports.acquireEditLock(e.targetNodeId)).ok)return{ok:!1,reason:"lock_unavailable"};let r=e.ports.readCurrentContinuation();if(!(0,t.isSameVideoContinuationExtension)(e.extension,r.extension))r…
· ⭐ 「videoContinuation」命中 2 个文件
·    1bzx2qa4_zu4z.js（61067 字节）：1 段
·      [0] …,L?.(e)},[L]),ej=eL([a&&{key:"segmentRemake",featureId:"video.segmentRemake",label:ei("canvas:segmentRemakeEntry"),onClick:()=>a(),disabled:n,title:ei("canvas:segmentRemakeDurationLimit")},E&&{key:"continuation",featureId:"video.continuatio…
·    1an1x1akb2vnr.js（1687293 字节）：6 段
·      [0] …,j,e1,M,X,tn,ta,t,nm,e5,$,Y,r4,ew,e$,ti,a,G]),ow=(0,p.useCallback)(()=>{ea(!0),tA&&!(ro<=0)&&rG({url:tA,duration:ro}).catch(e=>{})},[ro,tA,rG]),oC=(0,p.useCallback)(()=>{var e;if((0,tT.reportLog)({e:"libtv.canvas.video.edit.click",var:{func…
·      [1] …VideoContinuationInitialSelection)({models:x.stores.global?.schema.video??null,support:x.stores.global?.support.video??null});n&&X("video",n.model)?(e={canEnter:rZ&&!ei,sourceNodeId:t,ports:{requestNodeViewportFocus:L,openSelector:()=>{f.No…
·      [2] …Unavailable"))},[rZ,X,t,ei,tA,rG,L,a,ry]),ok=(0,p.useCallback)(()=>{ei||(eo(!1),rz())},[rz,ei]);(0,p.useEffect)(()=>{(en||er)&&!rV&&(ea(!1),eo(!1),r_(!1),rz())},[rz,en,er,rV]);let oN=(0,p.useCallback)(async e=>{if(!rZ||!rW){eo(!1),rz(),f.No…
·      [3] …ync e=>{if(!rZ||!rW){eo(!1),rz(),f.Notify.warn(a("canvas:videoContinuationSourceChanged"));return}if(ei||!el.current.tryStart())return;let n=tn(t),r=n?.data?.url?.find(e=>"string"==typeof e&&e.length>0),o=x.stores.canvas;if(!n||!r||!o){f.No…
·      [4] …Id:l,sourceToTargetEdgeId:(0,K.genId)("edge"),range:e,createTargetNode:({extension:e,initialPromptSuffix:t})=>({id:l,type:nM.NodeType.VIDEO,position:d,sourcePosition:nw.Position.Right,targetPosition:nw.Position.Left,data:{type:nM.NodeType.V…
·      [5] …VIDEO_GENERATE,generatorType:nM.GeneratorType.DEFAULT,submissionExtension:e,params:{...(0,dq.initVideoGeneratorParams)({prompt:t,model:i.model,modeType:i.modeType,count:1},s,i.model)}}})});u.ok?(eo(!1),rz()):"source_changed"===u.reason?f.No…

完成。
