· === ① 每个节点的标题文本 ===
·    [
 {
  "id": "a-GgqvrVz0pw",
  "类": "audio",
  "框": [
   65,
   572,
   169,
   169
  ],
  "标题": "音频节点 1 尝试： 音频生视频",
  "文本前30": "音频节点 1 尝试： 音频生视频"
 },
 {
  "id": "a-THmbuJXQj4",
  "类": "audio",
  "框": [
   1171,
   69,
   169,
   169
  ],
  "标题": "音频节点 1 尝试： 音频生视频",
  "文本前30": "音频节点 1 尝试： 音频生视频"
 },
 {
  "id": "b-mfkcQNULC3",
  "类": "shot-breakdown",
  "框": [
   702,
   69,
   154,
   188
  ],
  "标题": "逐帧拉片 逐帧拉片 SD 2.5 视频素材 上传视频后开始 ",
  "文本前30": "逐帧拉片 逐帧拉片 SD 2.5 视频素材 上传视频后开始 "
 },
 {
  "id": "b-v5Ote7oaUv",
  "类": "script-v2",
  "框": [
   720,
   405,
   169,
   169
  ],
  "标题": "脚本生成器 尝试： 剧本生成分镜脚本 角色生成分镜脚本 自己",
  "文本前30": "脚本生成器 尝试： 剧本生成分镜脚本 角色生成分镜脚本 自己"
 },
 {
  "id": "i-9nlG6HdjK2",
  "类": "image",
  "框": [
   65,
   329,
   300,
   169
  ],
  "标题": "图片节点 2",
  "文本前30": "图片节点 2"
 },
 {
  "id": "i-sODTbgLUm1",
  "类": "image",
  "框": [
   835,
   329,
   300,
   169
  ],
  "标题": "图片节点 2 尝试： 图生图 图片高清",
  "文本前30": "图片节点 2 尝试： 图生图 图片高清"
 },
 {
  "id": "n-56F19pXVB4",
  "类": "director-console-3d",
  "框": [
   928,
   69,
   169,
   169
  ],
  "标题": "导演台 5 在3D空间中搭建场景并进行多视角截图 打开导演台",
  "文本前30": "导演台 5 在3D空间中搭建场景并进行多视角截图 打开导演台"
 },
 {
  "id": "t-2AK3Ukyxj3",
  "类": "text",
  "框": [
   308,
   572,
   169,
   169
  ],
  "标题": "文本节点 1 尝试： 自己编写内容 文生视频 图片反推提示词",
  "文本前30": "文本节点 1 尝试： 自己编写内容 文生视频 图片反推提示词"
 },
 {
  "id": "t-UtVx3lZmrV",
  "类": "text",
  "框": [
   1206,
   329,
   169,
   169
  ],
  "标题": "文本节点 1 尝试： 自己编写内容 文生视频 图片反推提示词",
  "文本前30": "文本节点 1 尝试： 自己编写内容 文生视频 图片反推提示词"
 },
 {
  "id": "v-eMpqKtiLlx",
  "类": "video",
  "框": [
   465,
   329,
   300,
   169
  ],
  "标题": "视频节点 3",
  "文本前30": "视频节点 3"
 },
 {
  "id": "v-oZNpH99MtM",
  "类": "video-clip",
  "框": [
   465,
   69,
   169,
   169
  ],
  "标题": "智能剪辑 4 空空如也，请连接视频节点后操作 尝试： 讲解视",
  "文本前30": "智能剪辑 4 空空如也，请连接视频节点后操作 尝试： 讲解视"
 },
 {
  "id": "v-v2hlWY4Br3",
  "类": "video",
  "框": [
   65,
   69,
   300,
   169
  ],
  "标题": "视频节点 3 尝试： 5分钟超长视频 首尾帧生成视频 首帧生",
  "文本前30": "视频节点 3 尝试： 5分钟超长视频 首尾帧生成视频 首帧生"
 }
]
·    ⭐ video-clip 节点 1 个，标题分别是 ["智能剪辑 4 空空如也，请连接视频节点后操作 尝试： 讲解视"]
·    ❌ 断言失败：主画布上现在有 1 个智能剪辑节点（建前 1 个 + FQ-5 建 1 个）｜数据 1
·    ⭐ 标题里的数字集合 = ["4"]
·    ❌ 断言失败：标题数字不是「同名实例序号」（有 1 个节点，数字却是 ["4"]）｜数据 {"节点数":1,"数字":["4"]}
· === ② 「自己编写分镜脚本」===
·    script-v2 节点 id = b-v5Ote7oaUv
·    ✅ 断言通过：点之前「自己编写分镜脚本」在页面上
·    点「自己编写分镜脚本」{"框":[732,532,76,17],"点":[770,541],"属主文字":"自己编写分镜脚本","属主类":"group/btn text-fg-default hover:bg-canvas-controls-hover fle"}
·    ✅ 断言通过：「自己编写分镜脚本」的落点属主就是它自己（⛔ FQ-3 就栽在这）
·    ✅ 断言通过：点掉之后独占文案「自己编写分镜脚本」消失（面板确实切了）
·    进编辑器后新增文本 ["重新生成","批量生成分镜","批量生视频","下载","脚本V21","1","确认镜头","2","准备资产","3","合成提示词","打开脚本节点→","参考图","描述剧情片段、故事，为你生成分镜脚本","GVLM3.1","6","脚本V21·点击定位到画布节点","1个镜头待核对","暂无资产","0/1已合成","0/3完成后可批量生视频","关闭(ESC)","镜号","时长","画面描述","景别","光影氛围","对白·旁白","音效","运镜","最终提示词","操作","点击编辑时长","5","s","点击编辑画面描述","+","点击选择景别","点击编辑光影氛围","点击编辑对白·旁白"]
·    高 z 浮层 [{"框":[720,405,169,169],"z":"1000","position":"absolute","class":"react-flow__node react-flow__node-script-v2 nopan selected selectable draggable","文字":"重新生成 批量生成分镜 批量生视频 脚本 V2 1 1 确认镜头 2 准备资产 3 合成提示词 打开脚本节点 → 参考图 描述剧情片段、故事，为你生成分镜脚本 GVLM 3.1 6"},{"框":[1024,154,400,640],"z":"100","position":"fixed","class":"m_60c222c7 m_31cd769a mantine-Drawer-inner","文字":"新对话 让 TV Director 辅助你的无限创意 感知画布开始创作 从爆款预设开始剧本原创 上传故事来改编 批量优化提示词 开启浏览器通知，及时获取最新消息 开启 脚本 V2 1 全能创作"},{"框":[0,0,1440,810],"z":"180","position":"fixed","class":"pointer-events-none fixed inset-0 z-[180] motion-safe:transition-opacity motion-safe:duration-200","文字":""},{"框":[0,0,1440,810],"z":"400","position":"fixed","class":"fixed inset-0 flex flex-col","文字":"1 确认镜头 1个镜头待核对 2 准备资产 暂无资产 3 合成提示词 0/1 已合成 0/3 完成后可批量生视频 镜号 时长 画面描述 景别 光影氛围 对白·旁白 音效 运镜 最终提示词 操作 1 5s + + + + + 待生成提示词 添加镜头 → 下一步：准备资产"}]
·    📷 fq6-1-自己编写分镜脚本.png
·    ❌ 断言失败：Esc 之后「自己编写分镜脚本」回来了（退出了编辑器）｜数据 ["分镜","批量生成分镜","描述剧情片段、故事，为你生成分镜脚本"]
· === ③ 找「首帧生成视频」「首尾帧生成视频」===
·    ⭐ [
 {
  "文字": "首尾帧生成视频",
  "框": [
   77,
   170,
   70,
   17
  ],
  "所属节点": "v-v2hlWY4Br3",
  "所属类": "video",
  "禁用": false,
  "cursor": "pointer",
  "外层文字": "尝试：5分钟超长视频首尾帧生成视频首帧生成视频"
 },
 {
  "文字": "首帧生成视频",
  "框": [
   77,
   190,
   63,
   17
  ],
  "所属节点": "v-v2hlWY4Br3",
  "所属类": "video",
  "禁用": false,
  "cursor": "pointer",
  "外层文字": "尝试：5分钟超长视频首尾帧生成视频首帧生成视频"
 }
]
·    ✅ 断言通过：「首帧/首尾帧生成视频」两枚按钮真实存在
· 断言统计 {"次数":7,"失败":3}

完成。
