·    图片节点（按 x 降序）[{"id":"i-sODTbgLUm1","类":"image","框":[835.3671875,329.2188415527344,300.2265625,168.9388427734375],"图片数":0},{"id":"i-9nlG6HdjK2","类":"image","框":[65.0078125,329.2188415527344,300.2265625,168.9388427734375],"图片数":0}]
·    ✅ 断言通过：至少有一个图片节点
·    ⭐ 选最靠右的：i-sODTbgLUm1 框 [835,329,300,169]
·    点标题栏：全页可点元素 68 → 79（⭐ 变多了 = 编辑区展开了）
·    ✅ 断言通过：图片节点(i-sODTbgLUm1) 中心落点属主就是它自己
·    ✅ 断言通过：⭐ 选中后出现了新的可点元素（编辑区/参数条展开了）
·    ⭐ 编辑区浮层：[
 {
  "框": [
   0,
   0,
   1440,
   810
  ],
  "z": "auto",
  "class": "h-screen w-screen",
  "全文": "画布 2 开通会员 限时 45 折 20 音频节点 1 尝试： 音频生视频 音频节点 1 尝试： 音频生视频 逐帧拉片 逐帧拉片 SD 2.5 视频素材 上传视频后开始 拆解维度 分镜 动态 音乐 开始拉片 脚本 V2 1 1 确认镜头 2 准备资产 3 合成提示词 打开脚本节点 → 图片节点 2 图片节点 2 尝试： 图生图 图片高清 参考 标记 风格 可直接文字生图，或上传图片输入文字指令对图片进行编辑，如：将背景改为雪夜 Lib Image 2.5 Pro 16:9 · 标准画质 · 2K · 1张 15 高级设置 智能引用 AutoLink 导演台 5 在3D空间中搭建场景并进行多视角截图 打开导演台 文本节点 1 尝试： 自己编写内容 文生视频 图片反推提示词 文字生音乐 文本节点 1 尝试： 自己编写内容 文生视频 图片反推提示词 文字生音乐 视频节点 3 智能剪辑 4 空空如",
  "按钮": [
   {
    "文字": "画布 2",
    "aria": "",
    "title": "",
    "框": [
     165,
     8,
     69,
     32
    ],
    "点": [
     200,
     24
    ],
    "禁用": false,
    "cursor": "pointer",
    "class": "group/canvas-chip hover:bg-canvas-controls-hover data-open:bg-canvas-controls-ac"
   },
   {
    "文字": "",
    "aria": "工作流",
    "title": "",
    "框": [
     244,
     8,
     32,
     32
    ],
    "点": [
     260,
     24
    ],
    "禁用": false,
    "cursor": "pointer",
    "class": "flex size-8 items-center justify-center rounded-lg bg-clip-content transition-co"
   },
   {
    "文字": "",
    "aria": "故事板",
    "title": "",
    "框": [
     276,
     8,
     32,
     32
    ],
    "点": [
     292,
     24
    ],
    "禁用": false,
    "cursor": "pointer",
    "class": "flex size-8 items-center justify-center rounded-lg bg-clip-content p-0.5 transit"
   },
   {
    "文字": "",
    "aria": "发布与分享",
    "title": "",
    "框": [
     1087,
     8,
     32,
     32
    ],
    "点": [
     1103,
     24
    ],
    "禁用": false,
    "cursor": "pointer",
    "class": "border-(--topnav-btn-border) relative flex items-center justify-center border-[0"
   },
   {
    "文字": "",
    "aria": "积分超市",
    "title": "",
    "框": [
     1127,
     8,
     32,
     32
    ],
    "点": [
     1143,
     24
    ],
    "禁用": false,
    "cursor": "pointer",
    "class": "border-border-neutral-l1 text-nt-text-default flex h-8 cursor-pointer items-cent"
   },
   {
    "文字": "20",
    "aria": "",
    "title": "",
    "框": [
     1334,
     8,
     58,
     32
    ],
    "点": [
     1363,
     24
    ],
    "禁用": false,
    "cursor": "pointer",
    "class": "border-border-neutral-l1 text-nt-text-default flex h-8 cursor-pointer items-cent"
   },
   {
    "文字": "",
    "aria": "添加节点",
    "title": "",
    "框": [
     580,
     757,
     32,
     32
    ],
    "点": [
     596,
     773
    ],
    "禁用": false,
    "cursor": "pointer",
    "class": "relative flex items-center justify-center r
·    ✅ 断言通过：⭐ 找到图片编辑区浮层（含占位提示那个框）
·    ✅ 断言通过：⭐ 编辑区完整落在视口内（FT-2 那一轮它被裁掉了一半）
·    悬停 [1079,657,32,32]（class flex size-8 shrink-0 items-center justif）→ "按 ESC 退出"
·    悬停 [1154,657,32,32]（class flex size-8 shrink-0 cursor-pointer item）→ "按 ESC 退出"
·    悬停 [1194,657,32,32]（class text-canvas-controls-text mx-1 flex size）→ "按 ESC 退出"
·    悬停 [1274,657,32,32]（class bg-btn-invert-bg flex size-8 shrink-0 cu）→ "按 ESC 退出"
·    悬停 [1278,515,28,28]（class bg-panel-background absolute right-2 top）→ "按 ESC 退出"
·    ⭐ 气泡汇总 {
 "20": "（本身有名字）",
 "画布 2": "（本身有名字）",
 "工作流": "（本身有名字）",
 "故事板": "（本身有名字）",
 "发布与分享": "（本身有名字）",
 "积分超市": "（本身有名字）",
 "添加节点": "（本身有名字）",
 "移动": "（本身有名字）",
 "素材库": "（本身有名字）",
 "角色造型室": "（本身有名字）",
 "生成历史": "（本身有名字）",
 "快捷键": "（本身有名字）",
 "教程": "（本身有名字）",
 "音频生视频": "（本身有名字）",
 "上传视频后开始": "（本身有名字）",
 "分镜": "（本身有名字）",
 "动态": "（本身有名字）",
 "音乐": "（本身有名字）",
 "开始拉片": "（本身有名字）",
 "打开脚本节点 →": "（本身有名字）",
 "图生图": "（本身有名字）",
 "图片高清": "（本身有名字）",
 "参考": "（本身有名字）",
 "标记": "（本身有名字）",
 "风格": "（本身有名字）",
 "Lib Image 2.5 Pro": "（本身有名字）",
 "16:9 · 标准画质 · 2K · 1张": "（本身有名字）",
 "预设": "（本身有名字）",
 "[1079,657,32,32]": "按 ESC 退出",
 "[1154,657,32,32]": "按 ESC 退出",
 "[1194,657,32,32]": "按 ESC 退出",
 "[1274,657,32,32]": "按 ESC 退出",
 "[1278,515,28,28]": "按 ESC 退出",
 "打开导演台": "（本身有名字）",
 "自己编写内容": "（本身有名字）",
 "文生视频": "（本身有名字）",
 "图片反推提示词": "（本身有名字）",
 "文字生音乐": "（本身有名字）",
 "讲解视频": "（本身有名字）",
 "批量广告": "（本身有名字）",
 "口播视频": "（本身有名字）",
 "素材混剪": "（本身有名字）",
 "5分钟超长视频": "（本身有名字）",
 "首尾帧生成视频": "（本身有名字）",
 "首帧生成视频": "（本身有名字）",
 "资产管理": "（本身有名字）",
 "整理画布，Option+Shift+F": "（本身有名字）",
 "切换小地图": "（本身有名字）",
 "隐藏节点连线": "（本身有名字）",
 "网格吸附": "（本身有名字）",
 "48%": "（本身有名字）"
}
·    📷 ft3-0-图片编辑区浮层.png｜裁剪 {"x":0,"y":0,"width":1440,"height":810}
· 断言统计 {"次数":5,"失败":0}

完成。
