· 视口 translate(815.324px, -104.661px) scale(0.468869)（zoom 0.468869）
· 修复前：{"i-9nlG6HdjK2":[-872.837,899.043],"i-sODTbgLUm1":[144.55,1334.13]}  目标 {"i-9nlG6HdjK2":[-1764,900],"i-sODTbgLUm1":[-168,900]}
· 　i-9nlG6HdjK2 第 1 轮：画布差 -891.2,1.0 → 屏幕拖 -417.8,0.4
· 　i-9nlG6HdjK2 第 2 轮：画布差 -891.2,1.0 → 屏幕拖 -417.8,0.4
· 　i-9nlG6HdjK2 第 3 轮：画布差 -48.0,0.0 → 屏幕拖 -22.5,0.0
· ✅ i-9nlG6HdjK2 画布坐标已复原，残差 0.00,0.00
· 　i-sODTbgLUm1 第 1 轮：画布差 -312.6,-434.1 → 屏幕拖 -146.5,-203.6
· 　i-sODTbgLUm1 第 2 轮：画布差 -12.0,-24.0 → 屏幕拖 -5.6,-11.3
· ✅ i-sODTbgLUm1 画布坐标已复原，残差 0.00,0.00
· 
⭐ 复原终检（静置 3s 后）：{"i-9nlG6HdjK2":{"目标":[-1764,900],"现":[-1764,900],"残差":[0,0]},"i-sODTbgLUm1":{"目标":[-168,900],"现":[-168,900],"残差":[0,0]}}
· 视口变化：translate(815.324px, -104.661px) scale(0.468869)  →  translate(815.324px, -104.661px) scale(0.468869)
· 
目标 i-sODTbgLUm1 屏幕 box=[737,317,292,164]，画布=[-168,900]
· ① 完全包住（阳性对照）：选中 ["i-sODTbgLUm1"]；视口 未变；节点漂移 []
· 　⇒ 目标**被选中**
· ② 只压住顶部 8px：选中 ["i-sODTbgLUm1"]；视口 未变；节点漂移 []
· 　⇒ 目标**被选中**
· ③ 只压住左半边：选中 ["i-sODTbgLUm1"]；视口 未变；节点漂移 ["i-sODTbgLUm1"]
· 　⇒ 目标**被选中**
· ④ 差 6px 完全不碰（阴性对照）：选中 []；视口 未变；节点漂移 []
· 　⇒ 目标未被选中
· ⑤ 只压住右下角 6px×6px：选中 []；视口 未变；节点漂移 []
· 　⇒ 目标未被选中

=== 已写 tools/batchEI14.json ===
