· 原始画布坐标：{"i-9nlG6HdjK2":[-1764,900],"i-sODTbgLUm1":[120,1320]}
· 点缩放按钮：{"点击":[258,778]}
· 菜单里选 25%：null
· 缩放后视口：translate(884.556px, -93.5213px) scale(0.458621)（zoom 0.458621）
· 25% 下节点：[["audio",[1214,599,161,161]],["audio",[263,182,161,161]],["shot",[1176,44,147,178]],["image",[76,319,285,161]],["image",[940,512,285,161]],["director",[323,77,161,161]],["text",[208,605,161,161]],["text",[1160,319,161,161]],["video",[65,319,285,161]],["video",[945,44,161,161]],["video",[565,44,285,161]]]
· 25% 下图片节点尺寸 [285,161]，找到的空地：[430,300,1040,501]
· 挪动："i-9nlG6HdjK2" → [430,300]，"i-sODTbgLUm1" → [755,300]
· 　i-9nlG6HdjK2: 多轮后仍有误差
· 　i-sODTbgLUm1: 多轮后仍有误差
· 放好后：[["a-GgqvrVz0pw",[1214,599,161,161]],["a-THmbuJXQj4",[263,182,161,161]],["b-mfkcQNULC3",[1176,44,147,178]],["i-9nlG6HdjK2",[428,297,285,161]],["i-sODTbgLUm1",[758,303,285,161]],["n-56F19pXVB4",[323,77,161,161]],["t-2AK3Ukyxj3",[208,605,161,161]],["t-UtVx3lZmrV",[1160,319,161,161]],["v-eMpqKtiLlx",[395,303,285,161]],["v-oZNpH99MtM",[945,44,161,161]],["v-v2hlWY4Br3",[565,44,285,161]]]
· 
⭐ 框选结果：[{"id":"v-eMpqKtiLlx","类型":"video"}]
· 工具条：没出现
· 
复原：
· 　i-9nlG6HdjK2 第 1 轮画布差 -768.0,48.0（zoom 0.459）
· 　i-9nlG6HdjK2 第 2 轮画布差 -36.0,0.0（zoom 0.459）
· 　✅ i-9nlG6HdjK2 画布坐标已复原，残差 0.00,0.00
· 　i-sODTbgLUm1 第 1 轮画布差 108.0,36.0（zoom 0.459）
· 　✅ i-sODTbgLUm1 画布坐标已复原，残差 0.00,0.00
· ⭐ 静置 3s 后终检：{"i-9nlG6HdjK2":{"目标":[-1764,900],"现":[-1764,900],"残差":[0,0]},"i-sODTbgLUm1":{"目标":[-168,900],"现":[-168,900],"残差":[0,0]}}

=== 已写 tools/batchEI15.json ===
