· 第一次读数：共 10 个节点
· 　a-GgqvrVz0pw     audio     canvas=[719.388,1509.13] box=[1214,599,161,161] 与标准差=[0,0] 父=react-flow__nodes
· 　a-THmbuJXQj4     audio     canvas=[963.997,1012.1] box=[1327,371,161,161] 与标准差=[2320,412.1] 父=react-flow__nodes
· 　b-mfkcQNULC3     shot      canvas=[636,300] box=[1176,44,147,178] 与标准差=[0,0] 父=react-flow__nodes
· 　i-9nlG6HdjK2     image     canvas=[555.997,1312.1] box=[1140,508,285,161] 与标准差=[2320,412.1] 父=react-flow__nodes
· 　n-56F19pXVB4     director  canvas=[-1225.03,370.975] box=[323,77,161,161] 与标准差=[0,0] 父=react-flow__nodes
· 　t-2AK3Ukyxj3     text      canvas=[-1476,1524] box=[208,605,161,161] 与标准差=[0,0] 父=react-flow__nodes
· 　t-UtVx3lZmrV     text      canvas=[600,900] box=[1160,319,161,161] 与标准差=[0,0] 父=react-flow__nodes
· 　v-eMpqKtiLlx     video     canvas=[532.997,1312.1] box=[1129,508,285,161] 与标准差=[2320,412.1] 父=react-flow__nodes
· 　v-oZNpH99MtM     video     canvas=[132,300] box=[945,44,161,161] 与标准差=[0,0] 父=react-flow__nodes
· 　v-v2hlWY4Br3     video     canvas=[-696,300] box=[565,44,285,161] 与标准差=[0,0] 父=react-flow__nodes
· 　缺失的基线节点：["i-sODTbgLUm1"]
· 6 秒后复读：共 10 个节点
· 　a-GgqvrVz0pw     audio     canvas=[719.388,1509.13] box=[1214,599,161,161] 与标准差=[0,0] 父=react-flow__nodes
· 　a-THmbuJXQj4     audio     canvas=[963.997,1012.1] box=[1327,371,161,161] 与标准差=[2320,412.1] 父=react-flow__nodes
· 　b-mfkcQNULC3     shot      canvas=[636,300] box=[1176,44,147,178] 与标准差=[0,0] 父=react-flow__nodes
· 　i-9nlG6HdjK2     image     canvas=[555.997,1312.1] box=[1140,508,285,161] 与标准差=[2320,412.1] 父=react-flow__nodes
· 　n-56F19pXVB4     director  canvas=[-1225.03,370.975] box=[323,77,161,161] 与标准差=[0,0] 父=react-flow__nodes
· 　t-2AK3Ukyxj3     text      canvas=[-1476,1524] box=[208,605,161,161] 与标准差=[0,0] 父=react-flow__nodes
· 　t-UtVx3lZmrV     text      canvas=[600,900] box=[1160,319,161,161] 与标准差=[0,0] 父=react-flow__nodes
· 　v-eMpqKtiLlx     video     canvas=[532.997,1312.1] box=[1129,508,285,161] 与标准差=[2320,412.1] 父=react-flow__nodes
· 　v-oZNpH99MtM     video     canvas=[132,300] box=[945,44,161,161] 与标准差=[0,0] 父=react-flow__nodes
· 　v-v2hlWY4Br3     video     canvas=[-696,300] box=[565,44,285,161] 与标准差=[0,0] 父=react-flow__nodes
· 　缺失的基线节点：["i-sODTbgLUm1"]

=== 已写 tools/batchEI18.json ===
