· 开局 11 个节点，视口 translate(619.245px, 108.463px) scale(0.272803)
· 坐标：{"a-GgqvrVz0pw":[719.388,1509.13],"a-THmbuJXQj4":[-1356,600],"b-mfkcQNULC3":[636,300],"i-9nlG6HdjK2":[-2028,864],"i-sODTbgLUm1":[2152,1312.1],"n-56F19pXVB4":[-1225.03,370.975],"t-2AK3Ukyxj3":[-1476,1524],"t-UtVx3lZmrV":[600,900],"v-eMpqKtiLlx":[-1787,900],"v-oZNpH99MtM":[132,300],"v-v2hlWY4Br3":[-696,300]}
· 不符标准的：[["i-9nlG6HdjK2",[-2028,864],[-1764,900]],["i-sODTbgLUm1",[2152,1312.1],[-168,900]]]
· 
第 1 轮，待修：[["i-9nlG6HdjK2",[-2028,864]],["i-sODTbgLUm1",[2152,1312.1]]]
· 　拖 i-9nlG6HdjK2 画布差 264,36（zoom 0.273，落点 111,350）⇒ 实际动的是 ["i-9nlG6HdjK2"]
· 　结果：成功
· 
第 2 轮，待修：[["i-9nlG6HdjK2",[-1776,900]],["i-sODTbgLUm1",[2152,1312.1]]]
· 　拖 i-9nlG6HdjK2 画布差 12,0（zoom 0.273，落点 180,360）⇒ 实际动的是 []
· 　结果：没动
· 　（中心落点重试）[-1776,900]
· 
第 3 轮，待修：[["i-9nlG6HdjK2",[-1776,900]],["i-sODTbgLUm1",[2152,1312.1]]]
· 　拖 i-9nlG6HdjK2 画布差 12,0（zoom 0.273，落点 180,360）⇒ 实际动的是 []
· 　结果：没动
· 　（中心落点重试）[-1776,900]
· 
第 4 轮，待修：[["i-9nlG6HdjK2",[-1776,900]],["i-sODTbgLUm1",[2152,1312.1]]]
· 　拖 i-9nlG6HdjK2 画布差 12,0（zoom 0.273，落点 180,360）⇒ 实际动的是 []
· 　结果：没动
· 　（中心落点重试）[-1776,900]
· 
第 5 轮，待修：[["i-9nlG6HdjK2",[-1776,900]],["i-sODTbgLUm1",[2152,1312.1]]]
· 　拖 i-9nlG6HdjK2 画布差 12,0（zoom 0.273，落点 180,360）⇒ 实际动的是 []
· 　结果：没动
· 　（中心落点重试）[-1776,900]
· 
第 6 轮，待修：[["i-9nlG6HdjK2",[-1776,900]],["i-sODTbgLUm1",[2152,1312.1]]]
· 　拖 i-9nlG6HdjK2 画布差 12,0（zoom 0.273，落点 180,360）⇒ 实际动的是 []
· 　结果：没动
· 　（中心落点重试）[-1776,900]
· 
静置 15s 等落盘…
· ⭐ 终检：11 个节点，仍不符的 [["i-9nlG6HdjK2",[-1776,900],[-1764,900]],["i-sODTbgLUm1",[2152,1312.1],[-168,900]]]
· 坐标全表：{"a-GgqvrVz0pw":[719.388,1509.13],"a-THmbuJXQj4":[-1356,600],"b-mfkcQNULC3":[636,300],"i-9nlG6HdjK2":[-1776,900],"i-sODTbgLUm1":[2152,1312.1],"n-56F19pXVB4":[-1225.03,370.975],"t-2AK3Ukyxj3":[-1476,1524],"t-UtVx3lZmrV":[600,900],"v-eMpqKtiLlx":[-1787,900],"v-oZNpH99MtM":[132,300],"v-v2hlWY4Br3":[-696,300]}

=== 已写 tools/batchEI20.json ===
