· i-sODTbgLUm1 第 1 次（现 [2152,1312.1]，还差 2320）
· 　拖 i-sODTbgLUm1 差 -2320,-412（z=0.287 落点标 1241,476）⇒ 动的是 ["i-sODTbgLUm1"]，现 [-132,912]
· i-sODTbgLUm1 第 2 次（现 [-132,912]，还差 36）
· 　拖 i-sODTbgLUm1 差 -36,-12（z=0.287 落点标 585,361）⇒ 动的是 ["i-sODTbgLUm1"]，现 [-168,900]
· ✅ i-sODTbgLUm1 已到位
· i-9nlG6HdjK2 第 1 次（现 [-1776,900]，差 -12,0）
· 　拖 i-9nlG6HdjK2 差 12,0（z=0.287 落点标 113,357）⇒ 动的是 []，现 [-1776,900]
· 　（没动）先做一次 40px 的大位移把阈值突破
· 　拖 i-9nlG6HdjK2 差 -28,0（z=0.287 落点中 158,402）⇒ 动的是 ["v-eMpqKtiLlx"]，现 [-1776,900]
· 　⤺ 回滚 v-eMpqKtiLlx → [-1803,900]
· 　拖 i-9nlG6HdjK2 差 12,0（z=0.287 落点标 113,357）⇒ 动的是 []，现 [-1776,900]
· i-9nlG6HdjK2 第 2 次（现 [-1776,900]，差 -12,0）
· 　拖 i-9nlG6HdjK2 差 12,0（z=0.287 落点中 158,402）⇒ 动的是 []，现 [-1776,900]
· 　（没动）先做一次 40px 的大位移把阈值突破
· 　拖 i-9nlG6HdjK2 差 -28,0（z=0.287 落点标 113,357）⇒ 动的是 ["v-eMpqKtiLlx"]，现 [-1776,900]
· 　⤺ 回滚 v-eMpqKtiLlx → [-1812,900]
· 　拖 i-9nlG6HdjK2 差 12,0（z=0.287 落点中 158,402）⇒ 动的是 []，现 [-1776,900]
· i-9nlG6HdjK2 第 3 次（现 [-1776,900]，差 -12,0）
· 　拖 i-9nlG6HdjK2 差 12,0（z=0.287 落点标 113,357）⇒ 动的是 []，现 [-1776,900]
· 　（没动）先做一次 40px 的大位移把阈值突破
· 　拖 i-9nlG6HdjK2 差 -28,0（z=0.287 落点中 158,402）⇒ 动的是 ["v-eMpqKtiLlx"]，现 [-1776,900]
· 　⤺ 回滚 v-eMpqKtiLlx → [-1824,900]
· 　拖 i-9nlG6HdjK2 差 12,0（z=0.287 落点标 113,357）⇒ 动的是 []，现 [-1776,900]
· i-9nlG6HdjK2 第 4 次（现 [-1776,900]，差 -12,0）
· 　拖 i-9nlG6HdjK2 差 12,0（z=0.287 落点中 158,402）⇒ 动的是 []，现 [-1776,900]
· 　（没动）先做一次 40px 的大位移把阈值突破
· 　拖 i-9nlG6HdjK2 差 -28,0（z=0.287 落点标 113,357）⇒ 动的是 ["v-eMpqKtiLlx"]，现 [-1776,900]
· 　⤺ 回滚 v-eMpqKtiLlx → [-1836,900]
· 　拖 i-9nlG6HdjK2 差 12,0（z=0.287 落点中 158,402）⇒ 动的是 []，现 [-1776,900]
· i-9nlG6HdjK2 第 5 次（现 [-1776,900]，差 -12,0）
· 　拖 i-9nlG6HdjK2 差 12,0（z=0.287 落点标 113,357）⇒ 动的是 []，现 [-1776,900]
· 　（没动）先做一次 40px 的大位移把阈值突破
· 　拖 i-9nlG6HdjK2 差 -28,0（z=0.287 落点中 158,402）⇒ 动的是 ["v-eMpqKtiLlx"]，现 [-1776,900]
· 　⤺ 回滚 v-eMpqKtiLlx → [-1847.03,900]
· 　拖 i-9nlG6HdjK2 差 12,0（z=0.287 落点标 113,357）⇒ 动的是 []，现 [-1776,900]
· i-9nlG6HdjK2 第 6 次（现 [-1776,900]，差 -12,0）
· 　拖 i-9nlG6HdjK2 差 12,0（z=0.287 落点中 158,402）⇒ 动的是 []，现 [-1776,900]
· 　（没动）先做一次 40px 的大位移把阈值突破
· 　拖 i-9nlG6HdjK2 差 -28,0（z=0.287 落点标 113,357）⇒ 动的是 ["v-eMpqKtiLlx"]，现 [-1776,900]
· 　⤺ 回滚 v-eMpqKtiLlx → [-1860,900]
· 　拖 i-9nlG6HdjK2 差 12,0（z=0.287 落点中 158,402）⇒ 动的是 []，现 [-1776,900]
· 
静置 15s…
· ⭐ 终检：11 个节点，仍不符 [["i-9nlG6HdjK2",[-1776,900],[-1764,900]],["v-eMpqKtiLlx",[-1860,900],[-1787,900]]]
· 全表：{"a-GgqvrVz0pw":[719.388,1509.13],"a-THmbuJXQj4":[-1356,600],"b-mfkcQNULC3":[636,300],"i-9nlG6HdjK2":[-1776,900],"i-sODTbgLUm1":[-168,900],"n-56F19pXVB4":[-1225.03,370.975],"t-2AK3Ukyxj3":[-1476,1524],"t-UtVx3lZmrV":[600,900],"v-eMpqKtiLlx":[-1860,900],"v-oZNpH99MtM":[132,300],"v-v2hlWY4Br3":[-696,300]}

=== 已写 tools/batchEI21.json ===
