· 两个图片节点位置：{"i-9nlG6HdjK2":[82,317,292,164],"i-sODTbgLUm1":[831,317,292,164]}
· 框选后选中的节点：["a-GgqvrVz0pw","a-THmbuJXQj4","i-9nlG6HdjK2","i-sODTbgLUm1","v-eMpqKtiLlx"]
· 命中组操作条文字 0 个：[]
· 画布层（非节点内）按钮 48 个
   「画布 2」 disabled=false box=[165,8,69,32]
   「」 disabled=false box=[244,8,32,32]
   「」 disabled=false box=[276,8,32,32]
   「」 disabled=false box=[1087,8,32,32]
   「」 disabled=false box=[1127,8,32,32]
   「20」 disabled=false box=[1334,8,58,32]
   「」 disabled=false box=[580,757,32,32]
   「」 disabled=false box=[620,757,32,32]
   「」 disabled=false box=[660,757,32,32]
   「」 disabled=false box=[700,757,32,32]
   「」 disabled=false box=[740,757,32,32]
   「」 disabled=false box=[789,757,32,32]
   「」 disabled=false box=[829,757,32,32]
   「」 disabled=false box=[290,91,30,32]
   「保存到资产」 disabled=false box=[341,91,103,32]
   「创建副本」 disabled=false box=[452,91,88,32]
   「打组」 disabled=false box=[561,91,82,32]
   「」 disabled=false box=[651,91,32,32]
   「添加到Chat」 disabled=false box=[704,91,104,32]
   「创建为Skill」 disabled=false box=[815,91,100,32]

=== 已写 tools/batchEI3.json ===
