· ① 升级卡：已点「知道了」
· ② 升级卡二次：没找到「知道了」
· ③ 通知条：已点通知条 × box=[1383,619,24,24]
· ④ 右抽屉：已点最右小钮（aria=关闭）box=[1379,165,28,28]
· 残留复查：{"升级卡":false,"通知条":false,"抽屉":false}
· 框选后：["a-GgqvrVz0pw","a-THmbuJXQj4","i-9nlG6HdjK2","i-sODTbgLUm1","v-eMpqKtiLlx"]
· 工具条 7 个：[["(无名)",290,91,30,32,"子1"],["保存到资产",341,91,103,32,"子2"],["创建副本",452,91,88,32,"子2"],["打组",561,91,82,32,"子4"],["批量下载",651,91,32,32,"子1"],["添加到Chat",704,91,104,32,"子2"],["创建为Skill",815,91,100,32,"子2"]]
· ✅ 已拍干净全图
· ✅ 已拍工具条裁图 clip=[250,60,700,300]
· ⭐ 浮层 class：z-(--z-sticky) absolute left-0 top-full mt-2 flex min-w-[148px] flex-col gap-1
· 　项「打组」 disabled=false aria-dis=null data-dis=null cursor=pointer 按钮opacity=1 文字色=rgb(255, 255, 255) 文字opacity=1 子2
· 　项「合并分镜组」 disabled=false aria-dis=null data-dis=null cursor=not-allowed 按钮opacity=0.45 文字色=rgb(255, 255, 255) 文字opacity=1 子3
· ✅ 已拍打组下拉（干净 + 裁图）
❌ page.evaluate: ReferenceError: cx is not defined
    at eval (eval at evaluate (:302:30), <anonymous>:4:56)
    at Array.filter (<anonymous>)
    at eval (eval at evaluate (:302:30), <anonymous>:4:8)
    at UtilityScript.evaluate (<anonymous>:304:16)
    at UtilityScript.<anonymous> (<anonymous>:1:44)
    at 快照 (/Users/yangjiefeng/Documents/wubuku/liblib-tv/docs/user-manual/libtv-canvas/tools/batchEI6.mjs:188:27)
    at /Users/yangjiefeng/Documents/wubuku/liblib-tv/docs/user-manual/libtv-canvas/tools/batchEI6.mjs:194:21

=== 已写 tools/batchEI6.json ===
