· 开局坐标偏差：[]
· 容器：左下={"box":[8,758,274,40],"cls":"fixed bottom-3 z-10 flex items-end gap-2"}；中央=null
· 
底部可见按钮 16 枚：
· 　[14,764,94,28] 「资产管理」 svg=["iconify iconify--libtv pointer-eve"] opacity=1 cursor=pointer
· 　[112,764,28,28] 「整理画布，Option+Shift+F」 svg=["iconify iconify--libtv pointer-eve"] opacity=1 cursor=pointer
· 　[144,764,28,28] 「切换小地图」 svg=["iconify iconify--libtv pointer-eve"] opacity=1 cursor=pointer
· 　[176,764,28,28] 「隐藏节点连线」 svg=["iconify iconify--libtv"] opacity=1 cursor=pointer
· 　[208,764,28,28] 「网格吸附」 svg=["iconify iconify--lucide pointer-ev"] opacity=1 cursor=pointer
· 　[219,717,66,17] 「图片反推提示词」 svg=["iconify iconify--libtv pointer-eve"] opacity=1 cursor=pointer
· 　[219,736,53,17] 「文字生音乐」 svg=["iconify iconify--libtv pointer-eve"] opacity=1 cursor=pointer
· 　[240,764,36,28] 「46%」 svg=[] opacity=1 cursor=pointer
· 　[580,757,32,32] 「添加节点」 svg=["iconify iconify--libtv pointer-eve"] opacity=1 cursor=pointer
· 　[620,757,32,32] 「移动」 svg=["iconify iconify--libtv pointer-eve"] opacity=1 cursor=pointer
· 　[660,757,32,32] 「素材库」 svg=["iconify iconify--libtv pointer-eve"] opacity=1 cursor=pointer
· 　[700,757,32,32] 「角色造型室」 svg=["iconify iconify--libtv pointer-eve"] opacity=1 cursor=pointer
· 　[740,757,32,32] 「生成历史」 svg=["iconify iconify--libtv pointer-eve"] opacity=1 cursor=pointer
· 　[789,757,32,32] 「快捷键」 svg=["iconify iconify--libtv pointer-eve"] opacity=1 cursor=pointer
· 　[829,757,32,32] 「教程」 svg=["iconify iconify--libtv pointer-eve"] opacity=1 cursor=pointer
· 　[875,749,48,48] 「TV Director」 svg=["absolute","ChatAgentLiquidOrb-module__JiGsiG_","ChatAgentLiquidOrb-module__JiGsiG_"] opacity=1 cursor=pointer
· 　悬停「资产管理」：[]
· 　悬停「整理画布，Option+Shift+F」：[["整理画布",[85,735,48,17]],["⌥⇧F",[137,736,30,15]]]
· 　悬停「切换小地图」：[]
· 　悬停「隐藏节点连线」：[]
· 　悬停「网格吸附」：[]
· 　悬停「图片反推提示词」：[]
· 　悬停「文字生音乐」：[]
· 　悬停「46%」：[]
· 　悬停「添加节点」：[]
· 　悬停「移动」：[]
· 　悬停「素材库」：[]
· 　悬停「角色造型室」：[]
· 　悬停「生成历史」：[]
· 　悬停「快捷键」：[]
· 　悬停「教程」：[]
· 　悬停「TV Director」：[]
· ✅ 已拍两张裁图
· ⭐ 收尾坐标偏差：[]

=== 已写 tools/batchEK1.json ===
