· 开局坐标偏差：[]
· 铁律②复核：安全落点 = [836,335]
· 点击后选中：["i-sODTbgLUm1"]
· 
⭐ 卡片底栏共 7 枚（已验 elementFromPoint 归属）：
· 　box=[629,638,159,32] 文字="Lib Image 2.5 Pro" 背景=rgba(0, 0, 0, 0) 顶层=它内部的BUTTON
· 　　　aria-label=⛔无 title=⛔无 非class属性=type,data-practice-anchor,data-quick-guide-anchor
· 　　　svg=M6.2.12a.4.4 0 0 1 .56 0l.43.4
· 　box=[798,638,201,32] 文字="16:9 · 标准画质 · 2K · 1张" 背景=rgba(0, 0, 0, 0) 顶层=它内部的BUTTON
· 　　　aria-label=⛔无 title=⛔无 非class属性=type,data-practice-anchor
· 　　　svg=M6.2.12a.4.4 0 0 1 .56 0l.43.4
· 　box=[1008,638,32,32] 文字="" 背景=rgba(0, 0, 0, 0) 顶层=它内部的BUTTON
· 　　　aria-label=预设 title=⛔无 非class属性=type,data-feature-id
· 　　　svg=M5.12 7.8c.74 0 1.34.59 1.34 1
· 　box=[1044,638,32,32] 文字="" 背景=rgba(0, 0, 0, 0) 顶层=它内部的BUTTON
· 　　　aria-label=⛔无 title=⛔无 非class属性=type
· 　　　svg=（无 path）
· 　box=[1119,638,32,32] 文字="" 背景=rgba(0, 0, 0, 0) 顶层=就是它
· 　　　aria-label=⛔无 title=⛔无 非class属性=type,data-practice-generator-lock
· 　　　svg=M15.52 7.2c.16 0 .31.1.37.26l3
· 　box=[1159,638,32,32] 文字="" 背景=rgba(0, 0, 0, 0) 顶层=就是它
· 　　　aria-label=⛔无 title=⛔无 非class属性=type,data-practice-generator-lock,aria-disabled
· 　　　svg=M14 17H5M19 7h-9
· 　box=[1239,638,32,32] 文字="" 背景=rgb(255, 255, 255) 顶层=就是它
· 　　　aria-label=⛔无 title=⛔无 非class属性=type,disabled,data-quick-guide-anchor,data-practice-anchor
· 　　　svg=M8.3.3a1 1 0 0 1 1.4 0l8 8a1 1
· 
⭐ 阳性对照① 文A 翻译提示词：{"box":[1119,638,32,32],"svg":"M15.52 7.2c.16 0 .31.1.37.26l3"}
· 
　[阳性1-文A翻译提示词] box=[1119,638,32,32] 文字=""
· 　　　悬停前后按钮背景：rgba(0, 0, 0, 0) → rgba(255, 255, 255, 0.1) （变了 ⇒ 鼠标确实落在按钮上）
· 　　　新出现气泡 2 个：
· 　　　　「翻译提示词」 [1096,604,78,27] [Tooltip 容器]
· 　　　　「」 [1132,627,6,6] [Tooltip 容器]
· 
⭐ 底栏按钮 13 枚，取第 2 枚做阳性对照②：
· 　[0] box=[580,757,32,32] 文字=""
· 　[1] box=[620,757,32,32] 文字=""
· 　[2] box=[660,757,32,32] 文字=""
· 　[3] box=[700,757,32,32] 文字=""
· 　[4] box=[740,757,32,32] 文字=""
· 　[5] box=[789,757,32,32] 文字=""
· 　[6] box=[829,757,32,32] 文字=""
· 　[7] box=[875,749,48,48] 文字="TV Director"
· 　[8] box=[112,764,28,28] 文字=""
· 　[9] box=[144,764,28,28] 文字=""
· 　[10] box=[176,764,28,28] 文字=""
· 　[11] box=[208,764,28,28] 文字=""
· 　[12] box=[240,764,36,28] 文字="46%"
· 
　[阳性2-底栏按钮] box=[660,757,32,32] 文字=""
· 　　　悬停前后按钮背景：rgba(0, 0, 0, 0) → rgba(255, 255, 255, 0.1) （变了 ⇒ 鼠标确实落在按钮上）
· 　　　新出现气泡 2 个：
· 　　　　「素材库」 [649,715,54,27] [Tooltip 容器]
· 　　　　「」 [671,737,8,8] [Tooltip 容器]
· 
⭐ 滑块 box=[1159,638,32,32] 非class属性={"type":"button","data-practice-generator-lock":"","aria-disabled":"false"}
· ⭐ 箭头 box=[1243,496,28,28] 非class属性={"type":"button"}
· 
　[高级设置滑块] box=[1159,638,32,32] 文字=""
· 　　　悬停前后按钮背景：rgba(0, 0, 0, 0) → rgba(255, 255, 255, 0.1) （变了 ⇒ 鼠标确实落在按钮上）
· 　　　新出现气泡 0 个：⛔ 0 个
· 
　[展开收起箭头] box=[1243,496,28,28] 文字=""
· 　　　悬停前后按钮背景：rgb(38, 38, 38) → rgb(38, 38, 38) （没变）
· 　　　新出现气泡 0 个：⛔ 0 个
· 
✅ 全部留下全视口截图（含阴性）
· ⏳ 静置 15s 后复核坐标（三铁律③）…
· ⭐ 收尾坐标偏差：[]

=== 已写 tools/batchEL4.json ===
