· 开局坐标偏差：[]
· 
⭐ 节点台账：
· 　a-GgqvrVz0pw  "音频节点 1 尝试： 音频生视频" box=[1214,599,161,161]
· 　a-THmbuJXQj4  "音频节点 1 尝试： 音频生视频" box=[263,182,161,161]
· 　b-mfkcQNULC3  "逐帧拉片 逐帧拉片 SD 2.5 视频素材 上传视频后开始 " box=[1176,44,147,178]
· 　i-9nlG6HdjK2  "图片节点 2" box=[76,319,285,161]
· 　i-sODTbgLUm1  "图片节点 2 尝试： 图生图 图片高清" box=[808,319,285,161]
· 　n-56F19pXVB4  "导演台 5 在3D空间中搭建场景并进行多视角截图 打开导演台" box=[323,77,161,161]
· 　t-2AK3Ukyxj3  "文本节点 1 尝试： 自己编写内容 文生视频 图片反推提示词" box=[208,605,161,161]
· 　t-UtVx3lZmrV  "文本节点 1 尝试： 自己编写内容 文生视频 图片反推提示词" box=[1160,319,161,161]
· 　v-eMpqKtiLlx  "视频节点 3" box=[65,319,285,161]
· 　v-oZNpH99MtM  "智能剪辑 4 空空如也，请连接视频节点后操作 尝试： 讲解视" box=[945,44,161,161]
· 　v-v2hlWY4Br3  "视频节点 3 尝试： 5分钟超长视频 首尾帧生成视频 首帧生" box=[565,44,285,161]
· 
———— a-GgqvrVz0pw "音频节点 1 尝试： 音频生视频" ————
· 　小控件 8 个，其中**文字/aria/title 三者全空**的有 4 个
· 　　box=[1404,913,32,32] 顶层=null 背景=rgba(0, 0, 0, 0) svg=M15.52 7.2c.16 0 .31.1.37.26 cls=flex size-8 shrink-0 cursor-pointer items-center jus
· 　　box=[1448,913,32,32] 顶层=null 背景=rgba(0, 0, 0, 0) svg=M14 17H5M19 7h-9 cls=text-canvas-controls-text mx-1 flex size-8 shrink-0 
· 　　box=[1584,913,32,32] 顶层=null 背景=rgb(255, 255, 255) svg=M8.3.3a1 1 0 0 1 1.4 0l8 8a1 cls=bg-btn-invert-bg flex size-8 shrink-0 cursor-pointer
· 　　box=[1588,775,28,28] 顶层=null 背景=rgb(38, 38, 38) svg=M1.4 8.9c.22 0 .4.18.4.4v5.5 cls=bg-panel-background absolute right-2 top-2 z-10 flex
· 　　悬停 box=[1404,913,32,32] 底色 rgba(0, 0, 0, 0) →  ✅变｜气泡 ⛔ 0 个
· 　　悬停 box=[1448,913,32,32] 底色 rgba(0, 0, 0, 0) →  ✅变｜气泡 ⛔ 0 个
· 　　悬停 box=[1584,913,32,32] 底色 rgb(255, 255, 255) →  ✅变｜气泡 ⛔ 0 个
· 　　悬停 box=[1588,775,28,28] 底色 rgb(38, 38, 38) →  ✅变｜气泡 ⛔ 0 个
· 　　⛔ 判据自检：本节点没有气泡读出，**这些阴性结果不作数**（需另配阳性对照）
· 
———— a-THmbuJXQj4 "音频节点 1 尝试： 音频生视频" ————
· 　小控件 8 个，其中**文字/aria/title 三者全空**的有 4 个
· 　　box=[452,497,32,32] 顶层=自己 背景=rgba(0, 0, 0, 0) svg=M15.52 7.2c.16 0 .31.1.37.26 cls=flex size-8 shrink-0 cursor-pointer items-center jus
· 　　box=[496,497,32,32] 顶层=自己 背景=rgba(0, 0, 0, 0) svg=M14 17H5M19 7h-9 cls=text-canvas-controls-text mx-1 flex size-8 shrink-0 
· 　　box=[632,497,32,32] 顶层=自己 背景=rgb(255, 255, 255) svg=M8.3.3a1 1 0 0 1 1.4 0l8 8a1 cls=bg-btn-invert-bg flex size-8 shrink-0 cursor-pointer
· 　　box=[636,359,28,28] 顶层=自己 背景=rgb(38, 38, 38) svg=M1.4 8.9c.22 0 .4.18.4.4v5.5 cls=bg-panel-background absolute right-2 top-2 z-10 flex
· 　　悬停 box=[452,497,32,32] 底色 rgba(0, 0, 0, 0) → rgba(255, 255, 255, 0.1) ✅变｜气泡 ["翻译提示词",""]
· 　　悬停 box=[496,497,32,32] 底色 rgba(0, 0, 0, 0) → rgba(255, 255, 255, 0.1) ✅变｜气泡 ⛔ 0 个
· 　　悬停 box=[632,497,32,32] 底色 rgb(255, 255, 255) → rgb(255, 255, 255) ⛔没变｜气泡 ["请输入提示词或添加参考素材",""]
· 　　悬停 box=[636,359,28,28] 底色 rgb(38, 38, 38) → rgb(38, 38, 38) ⛔没变｜气泡 ⛔ 0 个
· 
———— b-mfkcQNULC3 "逐帧拉片 逐帧拉片 SD 2.5 视频素材 上传视频后开始 " ————
· 　小控件 5 个，其中**文字/aria/title 三者全空**的有 0 个
· 　　（本节点无「三处都空」的控件）
· 
—— 跳过 i-9nlG6HdjK2（被完全遮住，铁律② 拦下）
· 
———— i-sODTbgLUm1 "图片节点 2 尝试： 图生图 图片高清" ————
· 　小控件 13 个，其中**文字/aria/title 三者全空**的有 5 个
· 　　box=[1044,638,32,32] 顶层=内部 背景=rgba(0, 0, 0, 0) svg=（无） cls=flex size-8 shrink-0 items-center justify-center rou
· 　　box=[1119,638,32,32] 顶层=自己 背景=rgba(0, 0, 0, 0) svg=M15.52 7.2c.16 0 .31.1.37.26 cls=flex size-8 shrink-0 cursor-pointer items-center jus
· 　　box=[1159,638,32,32] 顶层=自己 背景=rgba(0, 0, 0, 0) svg=M14 17H5M19 7h-9 cls=text-canvas-controls-text mx-1 flex size-8 shrink-0 
· 　　box=[1239,638,32,32] 顶层=自己 背景=rgb(255, 255, 255) svg=M8.3.3a1 1 0 0 1 1.4 0l8 8a1 cls=bg-btn-invert-bg flex size-8 shrink-0 cursor-pointer
· 　　box=[1243,496,28,28] 顶层=自己 背景=rgb(38, 38, 38) svg=M1.4 8.9c.22 0 .4.18.4.4v5.5 cls=bg-panel-background absolute right-2 top-2 z-10 flex
· 　　悬停 box=[1044,638,32,32] 底色 rgba(0, 0, 0, 0) → rgba(255, 255, 255, 0.1) ✅变｜气泡 ["Panavision DXL2 已关闭 Arri Signature Prime / 35mm / ƒ/4","Panavision DXL2","已关闭"]
· 　　悬停 box=[1119,638,32,32] 底色 rgba(0, 0, 0, 0) → rgba(255, 255, 255, 0.1) ✅变｜气泡 ["翻译提示词",""]
· 　　悬停 box=[1159,638,32,32] 底色 rgba(0, 0, 0, 0) → rgba(255, 255, 255, 0.1) ✅变｜气泡 ⛔ 0 个
· 　　悬停 box=[1239,638,32,32] 底色 rgb(255, 255, 255) → rgb(255, 255, 255) ⛔没变｜气泡 ["请输入提示词或添加参考素材",""]
· 　　悬停 box=[1243,496,28,28] 底色 rgb(38, 38, 38) → rgb(38, 38, 38) ⛔没变｜气泡 ⛔ 0 个
· 
———— n-56F19pXVB4 "导演台 5 在3D空间中搭建场景并进行多视角截图 打开导演台" ————
· 　小控件 3 个，其中**文字/aria/title 三者全空**的有 0 个
· 　　（本节点无「三处都空」的控件）
· 
———— t-2AK3Ukyxj3 "文本节点 1 尝试： 自己编写内容 文生视频 图片反推提示词" ————
· 　小控件 8 个，其中**文字/aria/title 三者全空**的有 3 个
· 　　box=[497,882,32,32] 顶层=null 背景=rgba(0, 0, 0, 0) svg=M15.52 7.2c.16 0 .31.1.37.26 cls=flex size-8 shrink-0 cursor-pointer items-center jus
· 　　box=[577,882,32,32] 顶层=null 背景=rgb(255, 255, 255) svg=M8.3.3a1 1 0 0 1 1.4 0l8 8a1 cls=bg-btn-invert-bg flex size-8 shrink-0 cursor-pointer
· 　　box=[581,782,28,28] 顶层=外层:DIV 背景=rgb(38, 38, 38) svg=M1.4 8.9c.22 0 .4.18.4.4v5.5 cls=bg-panel-background absolute right-2 top-2 z-10 flex
· 　　悬停 box=[497,882,32,32] 底色 rgba(0, 0, 0, 0) →  ✅变｜气泡 ⛔ 0 个
· 　　悬停 box=[577,882,32,32] 底色 rgb(255, 255, 255) →  ✅变｜气泡 ⛔ 0 个
· 　　悬停 box=[581,782,28,28] 底色 rgb(38, 38, 38) →  ✅变｜气泡 ⛔ 0 个
· 　　⛔ 判据自检：本节点没有气泡读出，**这些阴性结果不作数**（需另配阳性对照）
· 
———— t-UtVx3lZmrV "文本节点 1 尝试： 自己编写内容 文生视频 图片反推提示词" ————
· 　小控件 8 个，其中**文字/aria/title 三者全空**的有 3 个
· 　　box=[1449,596,32,32] 顶层=null 背景=rgba(0, 0, 0, 0) svg=M15.52 7.2c.16 0 .31.1.37.26 cls=flex size-8 shrink-0 cursor-pointer items-center jus
· 　　box=[1529,596,32,32] 顶层=null 背景=rgb(255, 255, 255) svg=M8.3.3a1 1 0 0 1 1.4 0l8 8a1 cls=bg-btn-invert-bg flex size-8 shrink-0 cursor-pointer
· 　　box=[1533,496,28,28] 顶层=null 背景=rgb(38, 38, 38) svg=M1.4 8.9c.22 0 .4.18.4.4v5.5 cls=bg-panel-background absolute right-2 top-2 z-10 flex
· 　　悬停 box=[1449,596,32,32] 底色 rgba(0, 0, 0, 0) →  ✅变｜气泡 ⛔ 0 个
· 　　悬停 box=[1529,596,32,32] 底色 rgb(255, 255, 255) →  ✅变｜气泡 ⛔ 0 个
· 　　悬停 box=[1533,496,28,28] 底色 rgb(38, 38, 38) →  ✅变｜气泡 ⛔ 0 个
· 　　⛔ 判据自检：本节点没有气泡读出，**这些阴性结果不作数**（需另配阳性对照）
· 
———— v-eMpqKtiLlx "视频节点 3" ————
· 　小控件 14 个，其中**文字/aria/title 三者全空**的有 6 个
· 　　box=[-78,536,15,15] 顶层=null 背景=rgb(51, 51, 51) svg=M15.8.12a.4.4 0 0 1 .56 0l.7 cls=absolute right-0.5 top-0.5 z-20 flex size-[15px] ite
· 　　box=[328,694,32,32] 顶层=自己 背景=rgba(0, 0, 0, 0) svg=M10.26 1.67c.32 0 .57.25.57. cls=text-fg-default relative flex size-8 shrink-0 cursor
· 　　box=[364,694,32,32] 顶层=自己 背景=rgba(0, 0, 0, 0) svg=M15.52 7.2c.16 0 .31.1.37.26 cls=flex size-8 shrink-0 cursor-pointer items-center jus
· 　　box=[404,694,32,32] 顶层=自己 背景=rgba(0, 0, 0, 0) svg=M14 17H5M19 7h-9 cls=text-canvas-controls-text mx-1 flex size-8 shrink-0 
· 　　box=[497,694,32,32] 顶层=自己 背景=rgb(255, 255, 255) svg=M8.3.3a1 1 0 0 1 1.4 0l8 8a1 cls=bg-btn-invert-bg flex size-8 shrink-0 cursor-pointer
· 　　box=[501,496,28,28] 顶层=自己 背景=rgb(38, 38, 38) svg=M1.4 8.9c.22 0 .4.18.4.4v5.5 cls=bg-panel-background absolute right-2 top-2 z-10 flex
· 　　悬停 box=[-78,536,15,15] 底色 rgb(51, 51, 51) →  ✅变｜气泡 ⛔ 0 个
· 　　悬停 box=[328,694,32,32] 底色 rgba(0, 0, 0, 0) → rgba(255, 255, 255, 0.1) ✅变｜气泡 ["提示词优化",""]
· 　　悬停 box=[364,694,32,32] 底色 rgba(0, 0, 0, 0) → rgba(255, 255, 255, 0.1) ✅变｜气泡 ["翻译提示词",""]
· 　　悬停 box=[404,694,32,32] 底色 rgba(0, 0, 0, 0) → rgba(255, 255, 255, 0.1) ✅变｜气泡 ⛔ 0 个
· 　　悬停 box=[497,694,32,32] 底色 rgb(255, 255, 255) → rgb(255, 255, 255) ⛔没变｜气泡 ⛔ 0 个
· 　　悬停 box=[501,496,28,28] 底色 rgb(38, 38, 38) → rgb(38, 38, 38) ⛔没变｜气泡 ⛔ 0 个
· 
———— v-oZNpH99MtM "智能剪辑 4 空空如也，请连接视频节点后操作 尝试： 讲解视" ————
· 　小控件 10 个，其中**文字/aria/title 三者全空**的有 2 个
· 　　box=[739,261,15,15] 顶层=自己 背景=rgb(51, 51, 51) svg=M15.8.12a.4.4 0 0 1 .56 0l.7 cls=absolute right-0.5 top-0.5 z-20 flex size-[15px] ite
· 　　box=[1318,221,28,28] 顶层=自己 背景=rgb(38, 38, 38) svg=M1.4 8.9c.22 0 .4.18.4.4v5.5 cls=bg-panel-background absolute right-2 top-2 z-10 flex
· 　　悬停 box=[739,261,15,15] 底色 rgb(51, 51, 51) → rgb(51, 51, 51) ⛔没变｜气泡 ["双击可聚焦至节点",""]
· 　　悬停 box=[1318,221,28,28] 底色 rgb(38, 38, 38) → rgb(38, 38, 38) ⛔没变｜气泡 ⛔ 0 个
· 
———— v-v2hlWY4Br3 "视频节点 3 尝试： 5分钟超长视频 首尾帧生成视频 首帧生" ————
· 　小控件 16 个，其中**文字/aria/title 三者全空**的有 5 个
· 　　box=[828,363,32,32] 顶层=自己 背景=rgba(0, 0, 0, 0) svg=M10.26 1.67c.32 0 .57.25.57. cls=text-fg-default relative flex size-8 shrink-0 cursor
· 　　box=[864,363,32,32] 顶层=自己 背景=rgba(0, 0, 0, 0) svg=M15.52 7.2c.16 0 .31.1.37.26 cls=flex size-8 shrink-0 cursor-pointer items-center jus
· 　　box=[904,363,32,32] 顶层=自己 背景=rgba(0, 0, 0, 0) svg=M14 17H5M19 7h-9 cls=text-canvas-controls-text mx-1 flex size-8 shrink-0 
· 　　box=[997,363,32,32] 顶层=自己 背景=rgb(255, 255, 255) svg=M8.3.3a1 1 0 0 1 1.4 0l8 8a1 cls=bg-btn-invert-bg flex size-8 shrink-0 cursor-pointer
· 　　box=[1001,221,28,28] 顶层=自己 背景=rgb(38, 38, 38) svg=M1.4 8.9c.22 0 .4.18.4.4v5.5 cls=bg-panel-background absolute right-2 top-2 z-10 flex
· 　　悬停 box=[828,363,32,32] 底色 rgba(0, 0, 0, 0) → rgba(255, 255, 255, 0.1) ✅变｜气泡 ["提示词优化",""]
· 　　悬停 box=[864,363,32,32] 底色 rgba(0, 0, 0, 0) → rgba(255, 255, 255, 0.1) ✅变｜气泡 ["翻译提示词",""]
· 　　悬停 box=[904,363,32,32] 底色 rgba(0, 0, 0, 0) → rgba(255, 255, 255, 0.1) ✅变｜气泡 ⛔ 0 个
· 　　悬停 box=[997,363,32,32] 底色 rgb(255, 255, 255) → rgb(255, 255, 255) ⛔没变｜气泡 ["请输入提示词或添加参考素材",""]
· 　　悬停 box=[1001,221,28,28] 底色 rgb(38, 38, 38) → rgb(38, 38, 38) ⛔没变｜气泡 ⛔ 0 个
· 
✅ 11 个节点普查完毕
· ⏳ 静置 15s 后复核坐标（三铁律③）…
· ⭐ 收尾坐标偏差：[]

=== 已写 tools/batchEM1.json ===
