· 　　开局：已渲染 11/11，未渲染 0，**真的被移动 0** []
· 
———— a-GgqvrVz0pw 音频节点 1（右下） ————
· 　　第 1 段：从 (1290,570) 中键拖 (-1014,-449)｜需要 (-1014,-449)｜干净度 15
· 　　本段后：已渲染 3/11，未渲染 8，**真的被移动 0** []
· 　　第 1 段：已到位 [200,150,161,161]
· 　平移后视口框 [200,150,161,161]
· 　✅ 选中正确
· 　三处全空的控件 4 个
· 　　box=[390,464,32,32] svg=M15.52 7.2c.16 0 .31.1.37.26
· 　　　:hover ✅命中 [390,464,32,32] svg=M15.52 7.2c.16 0 .31.1.37.26｜气泡 ["翻译提示词",""]
· 　　box=[434,464,32,32] svg=M14 17H5M19 7h-9
· 　　　:hover ✅命中 [434,464,32,32] svg=M14 17H5M19 7h-9｜气泡 ⛔ 0 个
· 　　box=[570,464,32,32] svg=M8.3.3a1 1 0 0 1 1.4 0l8 8a1
· 　　　:hover ✅命中 [570,464,32,32] svg=M8.3.3a1 1 0 0 1 1.4 0l8 8a1｜气泡 ["请输入提示词或添加参考素材",""]
· 　　box=[574,326,28,28] svg=M1.4 8.9c.22 0 .4.18.4.4v5.5
· 　　　:hover ✅命中 [574,326,28,28] svg=M1.4 8.9c.22 0 .4.18.4.4v5.5｜气泡 ⛔ 0 个
· 
———— t-UtVx3lZmrV 文本节点 1（右） ————
· 　　第 1 段：从 (130,130) 中键拖 (54,280)｜需要 (54,280)｜干净度 25
· 　　本段后：已渲染 5/11，未渲染 6，**真的被移动 0** []
· 　　第 1 段：已到位 [200,150,161,161]
· 　平移后视口框 [200,150,161,161]
· 　✅ 选中正确
· 　三处全空的控件 3 个
· 　　box=[489,427,32,32] svg=M15.52 7.2c.16 0 .31.1.37.26
· 　　　:hover ✅命中 [489,427,32,32] svg=M15.52 7.2c.16 0 .31.1.37.26｜气泡 ["翻译提示词",""]
· 　　box=[569,427,32,32] svg=M8.3.3a1 1 0 0 1 1.4 0l8 8a1
· 　　　:hover ✅命中 [569,427,32,32] svg=M8.3.3a1 1 0 0 1 1.4 0l8 8a1｜气泡 ["请输入提示词",""]
· 　　box=[573,327,28,28] svg=M1.4 8.9c.22 0 .4.18.4.4v5.5
· 　　　:hover ✅命中 [573,327,28,28] svg=M1.4 8.9c.22 0 .4.18.4.4v5.5｜气泡 ⛔ 0 个
· 
✅ 二维平移补测完毕
· ⏳ ⌘0 复位 + 静置 15s（三铁律③）…
· ⭐ 复位后坐标：{"a-GgqvrVz0pw":[719.388,1509.13],"a-THmbuJXQj4":[-1356,600],"b-mfkcQNULC3":[636,300],"i-9nlG6HdjK2":[-1764,900],"i-sODTbgLUm1":[-168,900],"n-56F19pXVB4":[-1225.03,370.975],"t-2AK3Ukyxj3":[-1476,1524],"t-UtVx3lZmrV":[600,900],"v-eMpqKtiLlx":[-1787,900],"v-oZNpH99MtM":[132,300],"v-v2hlWY4Br3":[-696,300]}
· ⭐ 收尾核对（未渲染的节点不计入）：[]
· ⭐ 真的被移动：0 个 []

=== 已写 tools/batchEM4.json ===
