· 开局坐标偏差：[]
· 
════ v-v2hlWY4Br3 视频 ════
· 　⭐ 参数条上带文字的按钮 11 枚：["5分钟超长视频","首尾帧生成视频","首帧生成视频","参考","标记","特效","角色库","运镜","2.0","文生视频","16:9 · 720P · 5s · 1个 ·"]
· 　打开摘要下拉「16:9 · 720P · 5s · 1个 ·」
· 　浮层候选 4 个：
· 　　<DIV> z=1000 box=[200,150,285,161] 文本长=136 cls=react-flow__node react-flow__node-video nopan selected s｜「视频节点 3 尝试： 5分钟超长视频 首尾帧生成视频 首帧生成视频 参考 标记 特效 角色库 运镜 描述你想要生成的画面内容，@引用素材 2」
· 　　<DIV> z=auto box=[520,12,660,371] 文本长=391 cls=react-flow__nodes｜「音频节点 1 尝试： 音频生视频 音频节点 1 尝试： 音频生视频 逐帧拉片 逐帧拉片 SD 2.5 视频素材 上传视频后开始 拆解维度 分」
· 　　<DIV> z=20 box=[13,318,660,192] 文本长=102 cls=node-floating-ui nodrag nowheel nopan origin-top transit｜「参考 标记 特效 角色库 运镜 描述你想要生成的画面内容，@引用素材 2.0 文生视频 16:9 · 720P · 5s · 1个 · 13」
· 　　<DIV> z=300 box=[234,-19,342,488] 文本长=89 cls=m_38a85659 mantine-Popover-dropdown border-border-muted ｜「比例 Auto 16:9 4:3 1:1 3:4 9:16 21:9 清晰度 480P 720P 1080P 4K 视频时长 s 生成音频 」
· 　面板 [200,150,285,161]，读到 0 个可点项：
· 　⭐ 白边（当前值）0 个：[]
· 　⭐ 摘要「16:9 · 720P · 5s · 1个 ·」拆成 ["16:9","720P","5s","1个"]，逐个在面板里找：16:9=false 720P=false 5s=false 1个=false
· 
════ a-THmbuJXQj4 音频 ════
· 　⭐ 参数条上带文字的按钮 4 枚：["音频生视频","参考","Seed Audio 1.0","中文 · 24k · wav"]
· 　打开摘要下拉「中文 · 24k · wav」
· 　浮层候选 4 个：
· 　　<DIV> z=1000 box=[200,150,161,161] 文本长=93 cls=react-flow__node react-flow__node-audio nopan selected s｜「音频节点 1 尝试： 音频生视频 参考 描述你想要的音频效果，可用 @ 引用音频 Seed Audio 1.0 中文 · 24k · wav」
· 　　<DIV> z=auto box=[822,-126,660,371] 文本长=379 cls=react-flow__nodes｜「音频节点 1 尝试： 音频生视频 音频节点 1 尝试： 音频生视频 参考 描述你想要的音频效果，可用 @ 引用音频 Seed Audio 1」
· 　　<DIV> z=20 box=[-50,318,660,188] 文本长=76 cls=node-floating-ui nodrag nowheel nopan origin-top transit｜「参考 描述你想要的音频效果，可用 @ 引用音频 Seed Audio 1.0 中文 · 24k · wav 0/2000 1 高级设置 语速」
· 　　<DIV> z=300 box=[106,497,342,302] 文本长=53 cls=m_38a85659 mantine-Popover-dropdown border-border-muted ｜「语种 中文 英文 采样率 8k 16k 24k 48k 输出格式 wav mp3 pcm ogg_opus」
· 　面板 [200,150,161,161]，读到 0 个可点项：
· 　⭐ 白边（当前值）0 个：[]
· 　⭐ 摘要「中文 · 24k · wav」拆成 ["中文","24k","wav"]，逐个在面板里找：中文=false 24k=false wav=false
· 
════ t-UtVx3lZmrV 文本 ════
· 　⭐ 参数条上带文字的按钮 5 枚：["自己编写内容","文生视频","图片反推提示词","文字生音乐","GVLM 3.1"]
· 　⛔ 参数条上**没有**带「 · 」的摘要下拉 —— 这本身就是结论
· 
════ v-oZNpH99MtM 智能剪辑 ════
· 　⭐ 参数条上带文字的按钮 7 枚：["讲解视频","批量广告","口播视频","素材混剪","参考","默认模式","16:9 · 720P · 30s"]
· 　打开摘要下拉「16:9 · 720P · 30s」
· 　浮层候选 4 个：
· 　　<DIV> z=1000 box=[200,150,161,161] 文本长=84 cls=react-flow__node react-flow__node-video-clip nopan selec｜「智能剪辑 4 空空如也，请连接视频节点后操作 尝试： 讲解视频 批量广告 口播视频 素材混剪 参考 1 描述想剪成什么效果 默认模式 16:」
· 　　<DIV> z=auto box=[140,12,660,371] 文本长=241 cls=react-flow__nodes｜「音频节点 1 尝试： 音频生视频 逐帧拉片 逐帧拉片 SD 2.5 视频素材 上传视频后开始 拆解维度 分镜 动态 音乐 开始拉片 图片节点」
· 　　<DIV> z=300 box=[65,213,342,312] 文本长=54 cls=m_38a85659 mantine-Popover-dropdown border-border-muted ｜「比例 21:9 16:9 9:16 1:1 4:3 3:4 时长 s 清晰度 480P 720P 1080P」
· 　　<DIV> z=20 box=[-50,318,660,248] 文本长=37 cls=node-floating-ui nodrag nowheel nopan origin-top transit｜「参考 1 描述想剪成什么效果 默认模式 16:9 · 720P · 30s」
· 　面板 [200,150,161,161]，读到 0 个可点项：
· 　⭐ 白边（当前值）0 个：[]
· 　⭐ 摘要「16:9 · 720P · 30s」拆成 ["16:9","720P","30s"]，逐个在面板里找：16:9=false 720P=false 30s=false
· 
════ i-sODTbgLUm1 图片 ════
· 　⭐ 参数条上带文字的按钮 7 枚：["图生图","图片高清","参考","标记","风格","Lib Image 2.5 Pro","16:9 · 标准画质 · 2K · 1张"]
· 　打开摘要下拉「16:9 · 标准画质 · 2K · 1张」
· 　浮层候选 4 个：
· 　　<DIV> z=1000 box=[200,150,285,161] 文本长=127 cls=react-flow__node react-flow__node-image nopan selected s｜「图片节点 2 尝试： 图生图 图片高清 参考 标记 风格 可直接文字生图，或上传图片输入文字指令对图片进行编辑，如：将背景改为雪夜 Lib 」
· 　　<DIV> z=auto box=[277,-263,660,371] 文本长=311 cls=react-flow__nodes｜「音频节点 1 尝试： 音频生视频 逐帧拉片 逐帧拉片 SD 2.5 视频素材 上传视频后开始 拆解维度 分镜 动态 音乐 开始拉片 图片节点」
· 　　<DIV> z=20 box=[12,318,660,192] 文本长=107 cls=node-floating-ui nodrag nowheel nopan origin-top transit｜「参考 标记 风格 可直接文字生图，或上传图片输入文字指令对图片进行编辑，如：将背景改为雪夜 Lib Image 2.5 Pro 16:9 ·」
· 　　<DIV> z=300 box=[190,-102,342,571] 文本长=127 cls=m_38a85659 mantine-Popover-dropdown border-border-muted ｜「画质 低画质 标准画质 高画质 超高画质 极致画质 清晰度 1K 2K 4K 背景 自动 保留背景 透明背景 比例 1:1 1:2 2:1 」
· 　面板 [200,150,285,161]，读到 0 个可点项：
· 　⭐ 白边（当前值）0 个：[]
· 　⭐ 摘要「16:9 · 标准画质 · 2K · 1张」拆成 ["16:9","标准画质","2K","1张"]，逐个在面板里找：16:9=false 标准画质=false 2K=false 1张=false
· 
✅ 完成（未点任何一项）
· ⏳ ⌘0 复位 + 静置 15s（三铁律③）…
· ⭐ 真的被移动：0 个 []

=== 已写 tools/batchEO2.json ===
