· 开局坐标偏差：[]
· 
════ 视频 v-v2hlWY4Br3 ════
· 　打开「16:9 · 720P · 5s · 1个 ·」
· 　面板 [234,-19,342,488]｜全文「比例 Auto 16:9 4:3 1:1 3:4 9:16 21:9 清晰度 480P 720P 1080P 4K 视频时长 s 生成音频 开启 关闭 生成数量 1个 2个 4个」
· 　⭐ 面板内叶子元素 9 个（弱判据，不预判哪些是项）：
· 　　y=-6 x=247 「比例」 <div> 28×20 光标=auto 字重=500 圆角=0px
· 　　　　边框=rgb(82, 82, 82) 0px 背景=rgba(0, 0, 0, 0) data=（无）
· 　　y=56 x=262 「Auto」 <div> 26×16 光标=pointer 字重=400 圆角=0px
· 　　　　边框=rgb(82, 82, 82) 0px 背景=rgba(0, 0, 0, 0) data=（无）
· 　　y=127 x=263 「9:16」 <div> 24×16 光标=pointer 字重=400 圆角=0px
· 　　　　边框=rgb(82, 82, 82) 0px 背景=rgba(0, 0, 0, 0) data=（无）
· 　　y=164 x=247 「清晰度」 <div> 42×20 光标=auto 字重=500 圆角=0px
· 　　　　边框=rgb(82, 82, 82) 0px 背景=rgba(0, 0, 0, 0) data=（无）
· 　　y=272 x=247 「视频时长」 <div> 56×20 光标=auto 字重=500 圆角=0px
· 　　　　边框=rgb(82, 82, 82) 0px 背景=rgba(0, 0, 0, 0) data=（无）
· 　　y=328 x=247 「生成音频」 <div> 56×20 光标=auto 字重=500 圆角=0px
· 　　　　边框=rgb(82, 82, 82) 0px 背景=rgba(0, 0, 0, 0) data=（无）
· 　　y=335 x=292 「运镜」 <div> 24×18 光标=pointer 字重=400 圆角=0px
· 　　　　边框=rgb(82, 82, 82) 0px 背景=rgba(0, 0, 0, 0) data=（无）
· 　　y=396 x=247 「生成数量」 <div> 56×20 光标=auto 字重=500 圆角=0px
· 　　　　边框=rgb(82, 82, 82) 0px 背景=rgba(0, 0, 0, 0) data=（无）
· 　　y=424 x=247 「1个」 <button> 100×32 光标=pointer 字重=400 圆角=8px
· 　　　　边框=rgb(255, 255, 255) 1px 背景=rgba(255, 255, 255, 0.1) ⭐白边 data=data-practice-anchor=gen.params.count
· 　⭐ 面板内输入框 0 个：[]
· 　⭐ 白边（当前值）共 1 个：["1个"]
· 
════ 音频 a-THmbuJXQj4 ════
· 　打开「中文 · 24k · wav」
· 　面板 [106,497,342,302]｜全文「语种 中文 英文 采样率 8k 16k 24k 48k 输出格式 wav mp3 pcm ogg_opus」
· 　⭐ 面板内叶子元素 0 个（弱判据，不预判哪些是项）：
· 　⭐ 面板内输入框 0 个：[]
· 　⭐ 白边（当前值）共 0 个：[]
· 
════ 智能剪辑 v-oZNpH99MtM ════
· 　打开「16:9 · 720P · 30s」
· 　面板 [65,213,342,312]｜全文「比例 21:9 16:9 9:16 1:1 4:3 3:4 时长 s 清晰度 480P 720P 1080P」
· 　⭐ 面板内叶子元素 10 个（弱判据，不预判哪些是项）：
· 　　y=217 x=215 「尝试：」 <div> 18×9 光标=grab 字重=400 圆角=0px
· 　　　　边框=rgb(82, 82, 82) 0px 背景=rgba(0, 0, 0, 0) data=（无）
· 　　y=226 x=78 「比例」 <div> 28×20 光标=auto 字重=500 圆角=0px
· 　　　　边框=rgb(82, 82, 82) 0px 背景=rgba(0, 0, 0, 0) data=（无）
· 　　y=228 x=215 「讲解视频」 <button> 39×13 光标=pointer 字重=400 圆角=6px
· 　　　　边框=rgb(82, 82, 82) 0px 背景=rgba(0, 0, 0, 0) data=（无）
· 　　y=243 x=215 「批量广告」 <button> 39×13 光标=pointer 字重=400 圆角=6px
· 　　　　边框=rgb(82, 82, 82) 0px 背景=rgba(0, 0, 0, 0) data=（无）
· 　　y=258 x=215 「口播视频」 <button> 39×13 光标=pointer 字重=400 圆角=6px
· 　　　　边框=rgb(82, 82, 82) 0px 背景=rgba(0, 0, 0, 0) data=（无）
· 　　y=273 x=215 「素材混剪」 <button> 39×13 光标=pointer 字重=400 圆角=6px
· 　　　　边框=rgb(82, 82, 82) 0px 背景=rgba(0, 0, 0, 0) data=（无）
· 　　y=288 x=95 「21:9」 <div> 24×16 光标=pointer 字重=400 圆角=0px
· 　　　　边框=rgb(82, 82, 82) 0px 背景=rgba(0, 0, 0, 0) data=（无）
· 　　y=288 x=159 「16:9」 <div> 24×16 光标=pointer 字重=400 圆角=0px
· 　　　　边框=rgb(82, 82, 82) 0px 背景=rgba(0, 0, 0, 0) data=（无）
· 　　y=288 x=224 「9:16」 <div> 24×16 光标=pointer 字重=400 圆角=0px
· 　　　　边框=rgb(82, 82, 82) 0px 背景=rgba(0, 0, 0, 0) data=（无）
· 　　y=288 x=294 「1:1」 <div> 15×16 光标=pointer 字重=400 圆角=0px
· 　　　　边框=rgb(82, 82, 82) 0px 背景=rgba(0, 0, 0, 0) data=（无）
· 　⭐ 面板内输入框 0 个：[]
· 　⭐ 白边（当前值）共 0 个：[]
· 
✅ 完成（未点任何一项）
· ⏳ ⌘0 复位 + 静置 15s…
· ⭐ 真的被移动：0 个 []

=== 已写 tools/batchEP1.json ===
