· 开局坐标偏差：[]
· 
════ 音频节点 a-THmbuJXQj4：面板逐项（修正判据）════
· 　摘要「中文 · 24k · wav」｜面板 [106,497,342,302]｜全文「语种 中文 英文 采样率 8k 16k 24k 48k 输出格式 wav mp3 pcm ogg_opus」
· 　读到 0 个（标题 0 / 可点项 0）：
· 　⭐ 白边（当前值）：[]
· 　⭐ 摘要 ["中文","24k","wav"] 逐个在面板里找：中文=false 24k=false wav=false
· 
════ 智能剪辑 v-oZNpH99MtM：面板逐项（修正判据）════
· 　摘要「16:9 · 720P · 30s」｜面板 [65,213,342,312]｜全文「比例 21:9 16:9 9:16 1:1 4:3 3:4 时长 s 清晰度 480P 720P 1080P」
· 　读到 4 个（标题 1 / 可点项 3）：
· 　　【标题】「比例」 28×20 字重=500 光标=auto 边框=rgb(82, 82, 82) 0px 背景=rgba(0, 0, 0, 0)
· 　　【可点项】「21:9」 24×16 字重=400 光标=pointer 边框=rgb(82, 82, 82) 0px 背景=rgba(0, 0, 0, 0)
· 　　【可点项】「16:9」 24×16 字重=400 光标=pointer 边框=rgb(82, 82, 82) 0px 背景=rgba(0, 0, 0, 0)
· 　　【可点项】「9:16」 24×16 字重=400 光标=pointer 边框=rgb(82, 82, 82) 0px 背景=rgba(0, 0, 0, 0)
· 　⭐ 白边（当前值）：[]
· 　⭐ 摘要 ["16:9","720P","30s"] 逐个在面板里找：16:9=true 720P=false 30s=false
· 
════ 视频节点「生成音频 ⓘ」的问号图标 ————
· 　面板内小尺寸可点图标 14 个：[{"tag":"svg","中心":[260,24],"大小":[16,16],"svg路径":"","cls":"[object SVGAnimatedString]"},{"tag":"path","中心":[260,24],"大小":[13,13],"svg路径":"","cls":"[object SVGAnimatedString]"},{"tag":"svg","中心":[292,24],"大小":[16,16],"svg路径":"","cls":"[object SVGAnimatedString]"},{"tag":"path","中心":[292,24],"大小":[12,12],"svg路径":"","cls":"[object SVGAnimatedString]"},{"tag":"svg","中心":[284,344],"大小":[12,12],"svg路径":"","cls":"[object SVGAnimatedString]"},{"tag":"path","中心":[284,344],"大小":[12,9],"svg路径":"","cls":"[object SVGAnimatedString]"},{"tag":"SPAN","中心":[304,344],"大小":[24,18],"svg路径":"","cls":"whitespace-nowrap text-xs leading-normal text-fg-m"},{"tag":"SPAN","中心":[275,43],"大小":[17,17],"svg路径":"","cls":"flex size-[17px] items-center justify-center"},{"tag":"SPAN","中心":[275,43],"大小":[12,9],"svg路径":"","cls":"flex-none rounded-[2px] border-[1.5px] border-curr"},{"tag":"SPAN","中心":[275,64],"大小":[26,16],"svg路径":"","cls":"text-xs"},{"tag":"SPAN","中心":[275,114],"大小":[17,17],"svg路径":"","cls":"flex size-[17px] items-center justify-center"},{"tag":"SPAN","中心":[275,114],"大小":[9,16],"svg路径":"","cls":"flex-none rounded-[2px] border-[1.5px] border-curr"},{"tag":"SPAN","中心":[275,135],"大小":[24,16],"svg路径":"","cls":"text-xs"},{"tag":"DIV","中心":[272,310],"大小":[12,12],"svg路径":"","cls":"mantine-focus-auto m_c9a9a60a mantine-Slider-thumb"}]
· 　　[0] 16×16 svg= → 新出现 0 个：[]
· 　　[1] 13×13 svg= → 新出现 0 个：[]
· 　　[2] 16×16 svg= → 新出现 0 个：[]
· 　　[3] 12×12 svg= → 新出现 0 个：[]
· 　　[4] 12×12 svg= → 新出现 0 个：[]
· 　　[5] 12×9 svg= → 新出现 0 个：[]
· 　　[6] 24×18 svg= → 新出现 0 个：[]
· 　　[7] 17×17 svg= → 新出现 0 个：[]
· 　　[8] 12×9 svg= → 新出现 0 个：[]
· 　　[9] 26×16 svg= → 新出现 0 个：[]
· 　　[10] 17×17 svg= → 新出现 0 个：[]
· 　　[11] 9×16 svg= → 新出现 0 个：[]
· 　　[12] 24×16 svg= → 新出现 0 个：[]
· 　　[13] 12×12 svg= → 新出现 6 个：["视频时长 5 s","5 s","5","5","5","5"]
· 
✅ 完成（未点任何一项）
· ⏳ ⌘0 复位 + 静置 15s…
· ⭐ 真的被移动：0 个 []

=== 已写 tools/batchEQ1.json ===
