· 开局坐标偏差：[]
· 
════ 音频 a-THmbuJXQj4 ════
· 　摘要「中文 · 24k · wav」｜面板 [106,497,342,302]
· 　全文「语种 中文 英文 采样率 8k 16k 24k 48k 输出格式 wav mp3 pcm ogg_opus」
· 　读到 0 个叶子：
· 
　⭐ 旧读法的白边：[]（0 个）
· 　⭐ 新读法的白边：[]（0 个）
· 　⭐ 两法是否一致：✅ 完全一致
· 　⭐ 摘要 ["中文","24k","wav"] 逐个对上：中文=false 24k=false wav=false
· 
════ 智能剪辑 v-oZNpH99MtM ════
· 　摘要「16:9 · 720P · 30s」｜面板 [65,213,342,312]
· 　全文「比例 21:9 16:9 9:16 1:1 4:3 3:4 时长 s 清晰度 480P 720P 1080P」
· 　读到 5 个叶子：
· 　　「比例」自己28×20 字重=500 光标=auto
· 　　　旧读法：边框=rgb(82, 82, 82) 0px 白边=false
· 　　　新读法：⛔ 没找到可交互祖先
· 　　「21:9」自己24×16 字重=400 光标=pointer
· 　　　旧读法：边框=rgb(82, 82, 82) 0px 白边=false
· 　　　新读法：<BUTTON> 上溯0层 57×63 边框=rgb(82, 82, 82) 1px 背景=rgba(0, 0, 0, 0) 光标=pointer
· 　　「16:9」自己24×16 字重=400 光标=pointer
· 　　　旧读法：边框=rgb(82, 82, 82) 0px 白边=false
· 　　　新读法：<BUTTON> 上溯0层 57×63 边框=rgb(255, 255, 255) 1px 背景=rgba(255, 255, 255, 0.1) 光标=pointer ⭐白边
· 　　「9:16」自己24×16 字重=400 光标=pointer
· 　　　旧读法：边框=rgb(82, 82, 82) 0px 白边=false
· 　　　新读法：<BUTTON> 上溯0层 57×63 边框=rgb(82, 82, 82) 1px 背景=rgba(0, 0, 0, 0) 光标=pointer
· 　　「1:1」自己15×16 字重=400 光标=pointer
· 　　　旧读法：边框=rgb(82, 82, 82) 0px 白边=false
· 　　　新读法：<BUTTON> 上溯0层 57×63 边框=rgb(82, 82, 82) 1px 背景=rgba(0, 0, 0, 0) 光标=pointer
· 
　⭐ 旧读法的白边：[]（0 个）
· 　⭐ 新读法的白边：["16:9"]（1 个）
· 　⭐ 两法是否一致：⚠️ 不一致（新法多出 1 个）
· 　⭐ 摘要 ["16:9","720P","30s"] 逐个对上：16:9=true 720P=false 30s=false
· 
════ 图片 i-sODTbgLUm1 ════
· 　摘要「16:9 · 标准画质 · 2K · 1张」｜面板 [190,-102,342,571]
· 　全文「画质 低画质 标准画质 高画质 超高画质 极致画质 清晰度 1K 2K 4K 背景 自动 保留背景 透明背景 比例 1:1 1:2 2:1 9:16 16:9 3:4 4:3 3:2 2:3 5:4 4:5 21:9 9:21 生成数量 1张 2张 4张」
· 　读到 16 个叶子：
· 　　「画质」自己28×20 字重=500 光标=auto
· 　　　旧读法：边框=rgb(82, 82, 82) 0px 白边=false
· 　　　新读法：⛔ 没找到可交互祖先
· 　　「低画质」自己100×32 字重=400 光标=pointer
· 　　　旧读法：边框=rgb(82, 82, 82) 1px 白边=false
· 　　　新读法：⛔ 没找到可交互祖先
· 　　「超高画质」自己100×32 字重=400 光标=pointer
· 　　　旧读法：边框=rgb(82, 82, 82) 1px 白边=false
· 　　　新读法：⛔ 没找到可交互祖先
· 　　「清晰度」自己42×20 字重=500 光标=auto
· 　　　旧读法：边框=rgb(82, 82, 82) 0px 白边=false
· 　　　新读法：⛔ 没找到可交互祖先
· 　　「1K」自己100×32 字重=400 光标=pointer
· 　　　旧读法：边框=rgb(82, 82, 82) 1px 白边=false
· 　　　新读法：⛔ 没找到可交互祖先
· 　　「背景」自己28×20 字重=500 光标=auto
· 　　　旧读法：边框=rgb(82, 82, 82) 0px 白边=false
· 　　　新读法：⛔ 没找到可交互祖先
· 　　「自动」自己100×32 字重=400 光标=pointer
· 　　　旧读法：边框=rgb(255, 255, 255) 1px 白边=true
· 　　　新读法：⛔ 没找到可交互祖先
· 　　「比例」自己28×20 字重=500 光标=auto
· 　　　旧读法：边框=rgb(82, 82, 82) 0px 白边=false
· 　　　新读法：⛔ 没找到可交互祖先
· 　　「1:1」自己15×16 字重=400 光标=pointer
· 　　　旧读法：边框=rgb(82, 82, 82) 0px 白边=false
· 　　　新读法：<BUTTON> 上溯0层 57×63 边框=rgb(82, 82, 82) 1px 背景=rgba(0, 0, 0, 0) 光标=pointer
· 　　「1:2」自己16×16 字重=400 光标=pointer
· 　　　旧读法：边框=rgb(82, 82, 82) 0px 白边=false
· 　　　新读法：<BUTTON> 上溯0层 57×63 边框=rgb(82, 82, 82) 1px 背景=rgba(0, 0, 0, 0) 光标=pointer
· 　　「3:4」自己19×16 字重=400 光标=pointer
· 　　　旧读法：边框=rgb(82, 82, 82) 0px 白边=false
· 　　　新读法：<BUTTON> 上溯0层 57×63 边框=rgb(82, 82, 82) 1px 背景=rgba(0, 0, 0, 0) 光标=pointer
· 　　「4:3」自己19×16 字重=400 光标=pointer
· 　　　旧读法：边框=rgb(82, 82, 82) 0px 白边=false
· 　　　新读法：<BUTTON> 上溯0层 57×63 边框=rgb(82, 82, 82) 1px 背景=rgba(0, 0, 0, 0) 光标=pointer
· 　　「4:5」自己19×16 字重=400 光标=pointer
· 　　　旧读法：边框=rgb(82, 82, 82) 0px 白边=false
· 　　　新读法：<BUTTON> 上溯0层 57×63 边框=rgb(82, 82, 82) 1px 背景=rgba(0, 0, 0, 0) 光标=pointer
· 　　「21:9」自己24×16 字重=400 光标=pointer
· 　　　旧读法：边框=rgb(82, 82, 82) 0px 白边=false
· 　　　新读法：<BUTTON> 上溯0层 57×63 边框=rgb(82, 82, 82) 1px 背景=rgba(0, 0, 0, 0) 光标=pointer
· 　　「生成数量」自己56×20 字重=500 光标=auto
· 　　　旧读法：边框=rgb(82, 82, 82) 0px 白边=false
· 　　　新读法：⛔ 没找到可交互祖先
· 　　「1张」自己100×32 字重=400 光标=pointer
· 　　　旧读法：边框=rgb(255, 255, 255) 1px 白边=true
· 　　　新读法：⛔ 没找到可交互祖先
· 
　⭐ 旧读法的白边：["自动","1张"]（2 个）
· 　⭐ 新读法的白边：[]（0 个）
· 　⭐ 两法是否一致：⚠️ 不一致（新法多出 0 个）
· 　⭐ 摘要 ["16:9","标准画质","2K","1张"] 逐个对上：16:9=false 标准画质=false 2K=false 1张=true
· 
✅ 完成（未点任何一项）
· ⏳ ⌘0 复位 + 静置 15s…
· ⭐ 真的被移动：0 个 []

=== 已写 tools/batchER1.json ===
