· 开局坐标偏差：[]
· 
════ 图片（对照）i-sODTbgLUm1 ════
· 　摘要「16:9 · 标准画质 · 2K · 1张」｜面板 [190,-102,342,571]
· 　⭐ 面板内**白边元素** 2 个：
· 　　<BUTTON> 「自动」 100×32 边框=1px 背景=rgba(255, 255, 255, 0.1) 子数=0 cls=border-hair flex min-w-0 flex-1 items-center
· 　　<BUTTON> 「1张」 100×32 边框=1px 背景=rgba(255, 255, 255, 0.1) 子数=0 cls=border-hair flex min-w-0 flex-1 items-center
· 　⭐ 其中**带短文字**的（就是「项」本身）：["自动","1张"]
· 　⭐ 对照：已知 ["标准画质","2K","自动","16:9","1张"]｜读出 ["自动","1张"]
· 　　　漏 ["标准画质","2K","16:9"]｜多 []｜❌ 不一致
· 　⭐ 摘要 ["16:9","标准画质","2K","1张"] 逐个对上：16:9=false 标准画质=false 2K=false 1张=true
· 
════ 视频（对照）v-v2hlWY4Br3 ════
· 　摘要「16:9 · 720P · 5s · 1个 ·」｜面板 [234,-19,342,488]
· 　⭐ 面板内**白边元素** 1 个：
· 　　<BUTTON> 「1个」 100×32 边框=1px 背景=rgba(255, 255, 255, 0.1) 子数=0 cls=border-hair flex min-w-0 flex-1 items-center
· 　⭐ 其中**带短文字**的（就是「项」本身）：["1个"]
· 　⭐ 对照：已知 ["16:9","720P","开启","1个"]｜读出 ["1个"]
· 　　　漏 ["16:9","720P","开启"]｜多 []｜❌ 不一致
· 　⭐ 摘要 ["16:9","720P","5s","1个"] 逐个对上：16:9=false 720P=false 5s=false 1个=true
· 
════ 音频（待测）a-THmbuJXQj4 ════
· 　摘要「中文 · 24k · wav」｜面板 [106,497,342,302]
· 　⭐ 面板内**白边元素** 0 个：
· 　⭐ 其中**带短文字**的（就是「项」本身）：[]
· 　⭐ 摘要 ["中文","24k","wav"] 逐个对上：中文=false 24k=false wav=false
· 
════ 智能剪辑（待测）v-oZNpH99MtM ════
· 　摘要「16:9 · 720P · 30s」｜面板 [65,213,342,312]
· 　⭐ 面板内**白边元素** 1 个：
· 　　<BUTTON> 「16:9」 57×63 边框=1px 背景=rgba(255, 255, 255, 0.1) 子数=2 cls=border-hair flex flex-1 flex-col items-cente
· 　⭐ 其中**带短文字**的（就是「项」本身）：["16:9"]
· 　⭐ 摘要 ["16:9","720P","30s"] 逐个对上：16:9=true 720P=false 30s=false
· 
⭐⭐ 判据验证结论：两个对照组**没全部复现** ⛔ 读数不可信，不采用
· 
✅ 完成（未点任何一项）
· ⏳ ⌘0 复位 + 静置 15s…
· ⭐ 真的被移动：0 个 []

=== 已写 tools/batchES1.json ===
