· 开局坐标偏差：[]
· 
════ 图片（对照）i-sODTbgLUm1 ════
· 　摘要「16:9 · 标准画质 · 2K · 1张」｜面板 [190,-102,342,571]（left/top/w/h）｜按钮 27 枚
· 　⭐ 其中**有文字**的 27 枚，逐枚倾倒：
· 　　「低画质」 100×32 边框=rgb(82, 82, 82) | rgb(82, 82, 82) | rgb(82, 82, 82) | rgb(82, 82, 82) 宽=1px | 1px | 1px | 1px 背景=rgba(0, 0, 0, 0) 粗=400 光标=pointer 透明=1 在面板内=true
· 　　「标准画质」 100×32 边框=rgb(255, 255, 255) | rgb(255, 255, 255) | rgb(255, 255, 255) | rgb(255, 255, 255) 宽=1px | 1px | 1px | 1px 背景=rgba(255, 255, 255, 0.1) 粗=400 光标=pointer 透明=1 在面板内=true
· 　　「高画质」 100×32 边框=rgb(82, 82, 82) | rgb(82, 82, 82) | rgb(82, 82, 82) | rgb(82, 82, 82) 宽=1px | 1px | 1px | 1px 背景=rgba(0, 0, 0, 0) 粗=400 光标=pointer 透明=1 在面板内=true
· 　　「超高画质」 100×32 边框=rgb(82, 82, 82) | rgb(82, 82, 82) | rgb(82, 82, 82) | rgb(82, 82, 82) 宽=1px | 1px | 1px | 1px 背景=rgba(0, 0, 0, 0) 粗=400 光标=pointer 透明=1 在面板内=true
· 　　「极致画质」 100×32 边框=rgb(82, 82, 82) | rgb(82, 82, 82) | rgb(82, 82, 82) | rgb(82, 82, 82) 宽=1px | 1px | 1px | 1px 背景=rgba(0, 0, 0, 0) 粗=400 光标=pointer 透明=1 在面板内=true
· 　　「1K」 100×32 边框=rgb(82, 82, 82) | rgb(82, 82, 82) | rgb(82, 82, 82) | rgb(82, 82, 82) 宽=1px | 1px | 1px | 1px 背景=rgba(0, 0, 0, 0) 粗=400 光标=pointer 透明=1 在面板内=true
· 　　「2K」 100×32 边框=rgb(255, 255, 255) | rgb(255, 255, 255) | rgb(255, 255, 255) | rgb(255, 255, 255) 宽=1px | 1px | 1px | 1px 背景=rgba(255, 255, 255, 0.1) 粗=400 光标=pointer 透明=1 在面板内=true
· 　　「4K」 100×32 边框=rgb(82, 82, 82) | rgb(82, 82, 82) | rgb(82, 82, 82) | rgb(82, 82, 82) 宽=1px | 1px | 1px | 1px 背景=rgba(0, 0, 0, 0) 粗=400 光标=pointer 透明=1 在面板内=true
· 　　「自动」 100×32 边框=rgb(255, 255, 255) | rgb(255, 255, 255) | rgb(255, 255, 255) | rgb(255, 255, 255) 宽=1px | 1px | 1px | 1px 背景=rgba(255, 255, 255, 0.1) 粗=400 光标=pointer 透明=1 在面板内=true
· 　　「保留背景」 100×32 边框=rgb(82, 82, 82) | rgb(82, 82, 82) | rgb(82, 82, 82) | rgb(82, 82, 82) 宽=1px | 1px | 1px | 1px 背景=rgba(0, 0, 0, 0) 粗=400 光标=pointer 透明=1 在面板内=true
· 　　「透明背景」 100×32 边框=rgb(82, 82, 82) | rgb(82, 82, 82) | rgb(82, 82, 82) | rgb(82, 82, 82) 宽=1px | 1px | 1px | 1px 背景=rgba(0, 0, 0, 0) 粗=400 光标=pointer 透明=1 在面板内=true
· 　　「1:1」 57×63 边框=rgb(82, 82, 82) | rgb(82, 82, 82) | rgb(82, 82, 82) | rgb(82, 82, 82) 宽=1px | 1px | 1px | 1px 背景=rgba(0, 0, 0, 0) 粗=400 光标=pointer 透明=1 在面板内=true
· 　　「1:2」 57×63 边框=rgb(82, 82, 82) | rgb(82, 82, 82) | rgb(82, 82, 82) | rgb(82, 82, 82) 宽=1px | 1px | 1px | 1px 背景=rgba(0, 0, 0, 0) 粗=400 光标=pointer 透明=1 在面板内=true
· 　　「2:1」 57×63 边框=rgb(82, 82, 82) | rgb(82, 82, 82) | rgb(82, 82, 82) | rgb(82, 82, 82) 宽=1px | 1px | 1px | 1px 背景=rgba(0, 0, 0, 0) 粗=400 光标=pointer 透明=1 在面板内=true
· 　　「9:16」 57×63 边框=rgb(82, 82, 82) | rgb(82, 82, 82) | rgb(82, 82, 82) | rgb(82, 82, 82) 宽=1px | 1px | 1px | 1px 背景=rgba(0, 0, 0, 0) 粗=400 光标=pointer 透明=1 在面板内=true
· 　　「16:9」 57×63 边框=rgb(255, 255, 255) | rgb(255, 255, 255) | rgb(255, 255, 255) | rgb(255, 255, 255) 宽=1px | 1px | 1px | 1px 背景=rgba(255, 255, 255, 0.1) 粗=400 光标=pointer 透明=1 在面板内=true
· 　　「3:4」 57×63 边框=rgb(82, 82, 82) | rgb(82, 82, 82) | rgb(82, 82, 82) | rgb(82, 82, 82) 宽=1px | 1px | 1px | 1px 背景=rgba(0, 0, 0, 0) 粗=400 光标=pointer 透明=1 在面板内=true
· 　　「4:3」 57×63 边框=rgb(82, 82, 82) | rgb(82, 82, 82) | rgb(82, 82, 82) | rgb(82, 82, 82) 宽=1px | 1px | 1px | 1px 背景=rgba(0, 0, 0, 0) 粗=400 光标=pointer 透明=1 在面板内=true
· 　　「3:2」 57×63 边框=rgb(82, 82, 82) | rgb(82, 82, 82) | rgb(82, 82, 82) | rgb(82, 82, 82) 宽=1px | 1px | 1px | 1px 背景=rgba(0, 0, 0, 0) 粗=400 光标=pointer 透明=1 在面板内=true
· 　　「2:3」 57×63 边框=rgb(82, 82, 82) | rgb(82, 82, 82) | rgb(82, 82, 82) | rgb(82, 82, 82) 宽=1px | 1px | 1px | 1px 背景=rgba(0, 0, 0, 0) 粗=400 光标=pointer 透明=1 在面板内=true
· 　　「5:4」 57×63 边框=rgb(82, 82, 82) | rgb(82, 82, 82) | rgb(82, 82, 82) | rgb(82, 82, 82) 宽=1px | 1px | 1px | 1px 背景=rgba(0, 0, 0, 0) 粗=400 光标=pointer 透明=1 在面板内=true
· 　　「4:5」 57×63 边框=rgb(82, 82, 82) | rgb(82, 82, 82) | rgb(82, 82, 82) | rgb(82, 82, 82) 宽=1px | 1px | 1px | 1px 背景=rgba(0, 0, 0, 0) 粗=400 光标=pointer 透明=1 在面板内=true
· 　　「21:9」 57×63 边框=rgb(82, 82, 82) | rgb(82, 82, 82) | rgb(82, 82, 82) | rgb(82, 82, 82) 宽=1px | 1px | 1px | 1px 背景=rgba(0, 0, 0, 0) 粗=400 光标=pointer 透明=1 在面板内=true
· 　　「9:21」 57×63 边框=rgb(82, 82, 82) | rgb(82, 82, 82) | rgb(82, 82, 82) | rgb(82, 82, 82) 宽=1px | 1px | 1px | 1px 背景=rgba(0, 0, 0, 0) 粗=400 光标=pointer 透明=1 在面板内=true
· 　　「1张」 100×32 边框=rgb(255, 255, 255) | rgb(255, 255, 255) | rgb(255, 255, 255) | rgb(255, 255, 255) 宽=1px | 1px | 1px | 1px 背景=rgba(255, 255, 255, 0.1) 粗=400 光标=pointer 透明=1 在面板内=true
· 　　「2张」 100×32 边框=rgb(82, 82, 82) | rgb(82, 82, 82) | rgb(82, 82, 82) | rgb(82, 82, 82) 宽=1px | 1px | 1px | 1px 背景=rgba(0, 0, 0, 0) 粗=400 光标=pointer 透明=1 在面板内=true
· 　　「4张」 100×32 边框=rgb(82, 82, 82) | rgb(82, 82, 82) | rgb(82, 82, 82) | rgb(82, 82, 82) 宽=1px | 1px | 1px | 1px 背景=rgba(0, 0, 0, 0) 粗=400 光标=pointer 透明=1 在面板内=true
· 　⭐ 全部按钮边框色取值统计：{"rgb(82, 82, 82) | rgb(82, 82, 82) | rgb(82, 82, 82) | rgb(82, 82, 82)":22,"rgb(255, 255, 255) | rgb(255, 255, 255) | rgb(255, 255, 255) | rgb(255, 255, 255)":5}
· 　⭐ 全部按钮背景色取值统计：{"rgba(0, 0, 0, 0)":22,"rgba(255, 255, 255, 0.1)":5}
· 
════ 视频（对照）v-v2hlWY4Br3 ════
· 　摘要「16:9 · 720P · 5s · 1个 ·」｜面板 [234,-19,342,488]（left/top/w/h）｜按钮 16 枚
· 　⭐ 其中**有文字**的 16 枚，逐枚倾倒：
· 　　「Auto」 57×63 边框=rgb(82, 82, 82) | rgb(82, 82, 82) | rgb(82, 82, 82) | rgb(82, 82, 82) 宽=1px | 1px | 1px | 1px 背景=rgba(0, 0, 0, 0) 粗=400 光标=pointer 透明=1 在面板内=true
· 　　「16:9」 57×63 边框=rgb(255, 255, 255) | rgb(255, 255, 255) | rgb(255, 255, 255) | rgb(255, 255, 255) 宽=1px | 1px | 1px | 1px 背景=rgba(255, 255, 255, 0.1) 粗=400 光标=pointer 透明=1 在面板内=true
· 　　「4:3」 57×63 边框=rgb(82, 82, 82) | rgb(82, 82, 82) | rgb(82, 82, 82) | rgb(82, 82, 82) 宽=1px | 1px | 1px | 1px 背景=rgba(0, 0, 0, 0) 粗=400 光标=pointer 透明=1 在面板内=true
· 　　「1:1」 57×63 边框=rgb(82, 82, 82) | rgb(82, 82, 82) | rgb(82, 82, 82) | rgb(82, 82, 82) 宽=1px | 1px | 1px | 1px 背景=rgba(0, 0, 0, 0) 粗=400 光标=pointer 透明=1 在面板内=true
· 　　「3:4」 57×63 边框=rgb(82, 82, 82) | rgb(82, 82, 82) | rgb(82, 82, 82) | rgb(82, 82, 82) 宽=1px | 1px | 1px | 1px 背景=rgba(0, 0, 0, 0) 粗=400 光标=pointer 透明=1 在面板内=true
· 　　「9:16」 57×63 边框=rgb(82, 82, 82) | rgb(82, 82, 82) | rgb(82, 82, 82) | rgb(82, 82, 82) 宽=1px | 1px | 1px | 1px 背景=rgba(0, 0, 0, 0) 粗=400 光标=pointer 透明=1 在面板内=true
· 　　「21:9」 57×63 边框=rgb(82, 82, 82) | rgb(82, 82, 82) | rgb(82, 82, 82) | rgb(82, 82, 82) 宽=1px | 1px | 1px | 1px 背景=rgba(0, 0, 0, 0) 粗=400 光标=pointer 透明=1 在面板内=true
· 　　「480P」 154×32 边框=rgb(82, 82, 82) | rgb(82, 82, 82) | rgb(82, 82, 82) | rgb(82, 82, 82) 宽=1px | 1px | 1px | 1px 背景=rgba(0, 0, 0, 0) 粗=400 光标=pointer 透明=1 在面板内=true
· 　　「720P」 154×32 边框=rgb(255, 255, 255) | rgb(255, 255, 255) | rgb(255, 255, 255) | rgb(255, 255, 255) 宽=1px | 1px | 1px | 1px 背景=rgba(255, 255, 255, 0.1) 粗=400 光标=pointer 透明=1 在面板内=true
· 　　「1080P」 154×32 边框=rgb(82, 82, 82) | rgb(82, 82, 82) | rgb(82, 82, 82) | rgb(82, 82, 82) 宽=1px | 1px | 1px | 1px 背景=rgba(0, 0, 0, 0) 粗=400 光标=pointer 透明=1 在面板内=true
· 　　「4K」 154×32 边框=rgb(82, 82, 82) | rgb(82, 82, 82) | rgb(82, 82, 82) | rgb(82, 82, 82) 宽=1px | 1px | 1px | 1px 背景=rgba(0, 0, 0, 0) 粗=400 光标=pointer 透明=1 在面板内=true
· 　　「开启」 154×32 边框=rgb(255, 255, 255) | rgb(255, 255, 255) | rgb(255, 255, 255) | rgb(255, 255, 255) 宽=1px | 1px | 1px | 1px 背景=rgba(255, 255, 255, 0.1) 粗=400 光标=pointer 透明=1 在面板内=true
· 　　「关闭」 154×32 边框=rgb(82, 82, 82) | rgb(82, 82, 82) | rgb(82, 82, 82) | rgb(82, 82, 82) 宽=1px | 1px | 1px | 1px 背景=rgba(0, 0, 0, 0) 粗=400 光标=pointer 透明=1 在面板内=true
· 　　「1个」 100×32 边框=rgb(255, 255, 255) | rgb(255, 255, 255) | rgb(255, 255, 255) | rgb(255, 255, 255) 宽=1px | 1px | 1px | 1px 背景=rgba(255, 255, 255, 0.1) 粗=400 光标=pointer 透明=1 在面板内=true
· 　　「2个」 100×32 边框=rgb(82, 82, 82) | rgb(82, 82, 82) | rgb(82, 82, 82) | rgb(82, 82, 82) 宽=1px | 1px | 1px | 1px 背景=rgba(0, 0, 0, 0) 粗=400 光标=pointer 透明=1 在面板内=true
· 　　「4个」 100×32 边框=rgb(82, 82, 82) | rgb(82, 82, 82) | rgb(82, 82, 82) | rgb(82, 82, 82) 宽=1px | 1px | 1px | 1px 背景=rgba(0, 0, 0, 0) 粗=400 光标=pointer 透明=1 在面板内=true
· 　⭐ 全部按钮边框色取值统计：{"rgb(82, 82, 82) | rgb(82, 82, 82) | rgb(82, 82, 82) | rgb(82, 82, 82)":12,"rgb(255, 255, 255) | rgb(255, 255, 255) | rgb(255, 255, 255) | rgb(255, 255, 255)":4}
· 　⭐ 全部按钮背景色取值统计：{"rgba(0, 0, 0, 0)":12,"rgba(255, 255, 255, 0.1)":4}
· 
════ 音频（待测）a-THmbuJXQj4 ════
· 　摘要「中文 · 24k · wav」｜面板 [106,497,342,302]（left/top/w/h）｜按钮 10 枚
· 　⭐ 其中**有文字**的 10 枚，逐枚倾倒：
· 　　「中文」 154×32 边框=rgb(255, 255, 255) | rgb(255, 255, 255) | rgb(255, 255, 255) | rgb(255, 255, 255) 宽=1px | 1px | 1px | 1px 背景=rgba(255, 255, 255, 0.1) 粗=400 光标=pointer 透明=1 在面板内=true
· 　　「英文」 154×32 边框=rgb(82, 82, 82) | rgb(82, 82, 82) | rgb(82, 82, 82) | rgb(82, 82, 82) 宽=1px | 1px | 1px | 1px 背景=rgba(0, 0, 0, 0) 粗=400 光标=pointer 透明=1 在面板内=true
· 　　「8k」 154×32 边框=rgb(82, 82, 82) | rgb(82, 82, 82) | rgb(82, 82, 82) | rgb(82, 82, 82) 宽=1px | 1px | 1px | 1px 背景=rgba(0, 0, 0, 0) 粗=400 光标=pointer 透明=1 在面板内=true
· 　　「16k」 154×32 边框=rgb(82, 82, 82) | rgb(82, 82, 82) | rgb(82, 82, 82) | rgb(82, 82, 82) 宽=1px | 1px | 1px | 1px 背景=rgba(0, 0, 0, 0) 粗=400 光标=pointer 透明=1 在面板内=true
· 　　「24k」 154×32 边框=rgb(255, 255, 255) | rgb(255, 255, 255) | rgb(255, 255, 255) | rgb(255, 255, 255) 宽=1px | 1px | 1px | 1px 背景=rgba(255, 255, 255, 0.1) 粗=400 光标=pointer 透明=1 在面板内=true
· 　　「48k」 154×32 边框=rgb(82, 82, 82) | rgb(82, 82, 82) | rgb(82, 82, 82) | rgb(82, 82, 82) 宽=1px | 1px | 1px | 1px 背景=rgba(0, 0, 0, 0) 粗=400 光标=pointer 透明=1 在面板内=true
· 　　「wav」 154×32 边框=rgb(255, 255, 255) | rgb(255, 255, 255) | rgb(255, 255, 255) | rgb(255, 255, 255) 宽=1px | 1px | 1px | 1px 背景=rgba(255, 255, 255, 0.1) 粗=400 光标=pointer 透明=1 在面板内=true
· 　　「mp3」 154×32 边框=rgb(82, 82, 82) | rgb(82, 82, 82) | rgb(82, 82, 82) | rgb(82, 82, 82) 宽=1px | 1px | 1px | 1px 背景=rgba(0, 0, 0, 0) 粗=400 光标=pointer 透明=1 在面板内=true
· 　　「pcm」 154×32 边框=rgb(82, 82, 82) | rgb(82, 82, 82) | rgb(82, 82, 82) | rgb(82, 82, 82) 宽=1px | 1px | 1px | 1px 背景=rgba(0, 0, 0, 0) 粗=400 光标=pointer 透明=1 在面板内=true
· 　　「ogg_opus」 154×32 边框=rgb(82, 82, 82) | rgb(82, 82, 82) | rgb(82, 82, 82) | rgb(82, 82, 82) 宽=1px | 1px | 1px | 1px 背景=rgba(0, 0, 0, 0) 粗=400 光标=pointer 透明=1 在面板内=true
· 　⭐ 全部按钮边框色取值统计：{"rgb(255, 255, 255) | rgb(255, 255, 255) | rgb(255, 255, 255) | rgb(255, 255, 255)":3,"rgb(82, 82, 82) | rgb(82, 82, 82) | rgb(82, 82, 82) | rgb(82, 82, 82)":7}
· 　⭐ 全部按钮背景色取值统计：{"rgba(255, 255, 255, 0.1)":3,"rgba(0, 0, 0, 0)":7}
· 
════ 智能剪辑（待测）v-oZNpH99MtM ════
· 　摘要「16:9 · 720P · 30s」｜面板 [65,213,342,312]（left/top/w/h）｜按钮 9 枚
· 　⭐ 其中**有文字**的 9 枚，逐枚倾倒：
· 　　「21:9」 57×63 边框=rgb(82, 82, 82) | rgb(82, 82, 82) | rgb(82, 82, 82) | rgb(82, 82, 82) 宽=1px | 1px | 1px | 1px 背景=rgba(0, 0, 0, 0) 粗=400 光标=pointer 透明=1 在面板内=true
· 　　「16:9」 57×63 边框=rgb(255, 255, 255) | rgb(255, 255, 255) | rgb(255, 255, 255) | rgb(255, 255, 255) 宽=1px | 1px | 1px | 1px 背景=rgba(255, 255, 255, 0.1) 粗=400 光标=pointer 透明=1 在面板内=true
· 　　「9:16」 57×63 边框=rgb(82, 82, 82) | rgb(82, 82, 82) | rgb(82, 82, 82) | rgb(82, 82, 82) 宽=1px | 1px | 1px | 1px 背景=rgba(0, 0, 0, 0) 粗=400 光标=pointer 透明=1 在面板内=true
· 　　「1:1」 57×63 边框=rgb(82, 82, 82) | rgb(82, 82, 82) | rgb(82, 82, 82) | rgb(82, 82, 82) 宽=1px | 1px | 1px | 1px 背景=rgba(0, 0, 0, 0) 粗=400 光标=pointer 透明=1 在面板内=true
· 　　「4:3」 57×63 边框=rgb(82, 82, 82) | rgb(82, 82, 82) | rgb(82, 82, 82) | rgb(82, 82, 82) 宽=1px | 1px | 1px | 1px 背景=rgba(0, 0, 0, 0) 粗=400 光标=pointer 透明=1 在面板内=true
· 　　「3:4」 57×63 边框=rgb(82, 82, 82) | rgb(82, 82, 82) | rgb(82, 82, 82) | rgb(82, 82, 82) 宽=1px | 1px | 1px | 1px 背景=rgba(0, 0, 0, 0) 粗=400 光标=pointer 透明=1 在面板内=true
· 　　「480P」 100×32 边框=rgb(82, 82, 82) | rgb(82, 82, 82) | rgb(82, 82, 82) | rgb(82, 82, 82) 宽=1px | 1px | 1px | 1px 背景=rgba(0, 0, 0, 0) 粗=400 光标=pointer 透明=1 在面板内=true
· 　　「720P」 100×32 边框=rgb(255, 255, 255) | rgb(255, 255, 255) | rgb(255, 255, 255) | rgb(255, 255, 255) 宽=1px | 1px | 1px | 1px 背景=rgba(255, 255, 255, 0.1) 粗=400 光标=pointer 透明=1 在面板内=true
· 　　「1080P」 100×32 边框=rgb(82, 82, 82) | rgb(82, 82, 82) | rgb(82, 82, 82) | rgb(82, 82, 82) 宽=1px | 1px | 1px | 1px 背景=rgba(0, 0, 0, 0) 粗=400 光标=pointer 透明=1 在面板内=true
· 　⭐ 全部按钮边框色取值统计：{"rgb(82, 82, 82) | rgb(82, 82, 82) | rgb(82, 82, 82) | rgb(82, 82, 82)":7,"rgb(255, 255, 255) | rgb(255, 255, 255) | rgb(255, 255, 255) | rgb(255, 255, 255)":2}
· 　⭐ 全部按钮背景色取值统计：{"rgba(0, 0, 0, 0)":7,"rgba(255, 255, 255, 0.1)":2}
· 
✅ 全量倾倒完成（未点任何一项）
· ⏳ ⌘0 复位 + 静置 15s…
· ⭐ 真的被移动：0 个 []

=== 已写 tools/batchES2.json ===
