· 开局坐标偏差：[]
· 
════ ① 音频节点：把大编辑器摆进视口 ════
· 　选中 ["a-THmbuJXQj4"]
· 　大编辑器 box [14,537,658,0]
· 　大编辑器 box [70,537,658,0]
· 　⭐ 最终 box [70,537,658,0]
· 　　语速：aria=[0.5 ~ 2 ~ 1] now=1｜数值框「null」｜手柄中心 [520,586] 轨道 [460,582,176,8]｜位置比例=34.1%
· 　　声调：aria=[-12 ~ 12 ~ 0] now=0｜数值框「null」｜手柄中心 [548,622] 轨道 [460,618,176,8]｜位置比例=50.0%
· 　　音量：aria=[0.01 ~ 10 ~ 6.2] now=6.2｜数值框「null」｜手柄中心 [568,658] 轨道 [460,654,176,8]｜位置比例=61.4%
· 
════ ② 视频参数面板：带上 ⓘ 的气泡 ════
· 　摘要下拉 "16:9 · 720P · 5s · 1个 ·"
· 　面板 box [599,395,342,488]
· 　⭐ 平移后面板 box [599,395,342,488]
· 　ⓘ 中心 [[680,752]]
· 　　指针落点自证 "DIV.cursor-help"｜气泡 [{"文字":"新功能：支持真人","box":[541,191,114,27]},{"文字":"为生成的视频添加音频内容","box":[599,712,162,27]}]
· 
✅ 完成（未拖滑块、未改数值）
· ⏳ ⌘0 复位 + 静置 15s…
· ⭐ 真的被移动：0 个 []

=== 已写 tools/batchET5.json ===
