· 开局坐标偏差：[]
· 
════ ① 初始态 ════
· 
　　【初始】
· 　　<BUTTON> 「」 aria="隐藏节点连线" title=null box=[176,764,28,28] 子数=1 svg数=1 背景=rgba(0, 0, 0, 0) 边框宽=0px
· 　　　　└ path M9.28 0a2.28 2.28 0 1 1-2.22 2.8h-4.5a1.52 1.52 0 
· 　　<BUTTON> 「」 aria="网格吸附" title=null box=[208,764,28,28] 子数=1 svg数=1 背景=rgba(0, 0, 0, 0) 边框宽=0px
· 　　　　└ path m12 15l4 4M2.352 10.648a1.205 1.205 0 0 0 0 1.704l
· 　　⭐ 连线（独立读数）：{"找到":true,"用哪":".react-flow__edge path","共":4,"明细":[{"尺寸":[312,0],"路径长":715,"描边":"rgba(0, 0, 0, 0)","描边宽":"20px","描边不透明":"1","不透明":"1","可见性":"visible","显示":"inline","d":"M-1141.9995875202508,1075.0000490814107 "},{"尺寸":[312,0],"路径长":715,"描边":"rgb(134, 144, 156)","描边宽":"2px","描边不透明":"1","不透明":"1","可见性":"visible","显示":"inline","d":"M-1141.9995875202508,1075.0000490814107 "},{"尺寸":[95,0],"路径长":208,"描边":"rgba(0, 0, 0, 0)","描边宽":"20px","描边不透明":"1","不透明":"1","可见性":"visible","显示":"inline","d":"M-74.99971442071717,475.0001156234532 C2"},{"尺寸":[95,0],"路径长":208,"描边":"rgb(134, 144, 156)","描边宽":"2px","描边不透明":"1","不透明":"1","可见性":"visible","显示":"inline","d":"M-74.99971442071717,475.0001156234532 C2"}]}
· 
════ ② 点它 ════
　　目标 box=[176,764,28,28] 中心 [190,778]
· 　　elementFromPoint 自证 "path.[object SVGAnimatedString]"
· 
　　【点后】
· 　　<BUTTON> 「」 aria="显示节点连线" title=null box=[176,764,28,28] 子数=1 svg数=1 背景=rgba(255, 255, 255, 0.1) 边框宽=0px
· 　　　　└ path M.15.15c.2-.2.54-.2.75 0l11.66 11.67a.53.53 0 0 1-
· 　　<BUTTON> 「」 aria="网格吸附" title=null box=[208,764,28,28] 子数=1 svg数=1 背景=rgba(0, 0, 0, 0) 边框宽=0px
· 　　　　└ path m12 15l4 4M2.352 10.648a1.205 1.205 0 0 0 0 1.704l
· 　　⭐ 连线（独立读数）：{"找到":false,"各选择器命中":[["path.react-flow__edge-path",0],[".react-flow__edge path",0],["g.react-flow__edge path",0]]}
· 
════ ③ 再点一次（复原）════
· 　　同一位置 box=[176,764,28,28]，当前 aria="显示节点连线"，先点它复原
· 
　　【复原后】
· 　　<BUTTON> 「」 aria="隐藏节点连线" title=null box=[176,764,28,28] 子数=1 svg数=1 背景=rgba(255, 255, 255, 0.1) 边框宽=0px
· 　　　　└ path M9.28 0a2.28 2.28 0 1 1-2.22 2.8h-4.5a1.52 1.52 0 
· 　　<BUTTON> 「」 aria="网格吸附" title=null box=[208,764,28,28] 子数=1 svg数=1 背景=rgba(0, 0, 0, 0) 边框宽=0px
· 　　　　└ path m12 15l4 4M2.352 10.648a1.205 1.205 0 0 0 0 1.704l
· 　　⭐ 连线（独立读数）：{"找到":true,"用哪":".react-flow__edge path","共":4,"明细":[{"尺寸":[312,0],"路径长":715,"描边":"rgba(0, 0, 0, 0)","描边宽":"20px","描边不透明":"1","不透明":"1","可见性":"visible","显示":"inline","d":"M-1141.9995875202508,1075.0000490814107 "},{"尺寸":[312,0],"路径长":715,"描边":"rgb(134, 144, 156)","描边宽":"2px","描边不透明":"1","不透明":"1","可见性":"visible","显示":"inline","d":"M-1141.9995875202508,1075.0000490814107 "},{"尺寸":[95,0],"路径长":208,"描边":"rgba(0, 0, 0, 0)","描边宽":"20px","描边不透明":"1","不透明":"1","可见性":"visible","显示":"inline","d":"M-74.99971442071717,475.0001156234532 C2"},{"尺寸":[95,0],"路径长":208,"描边":"rgb(134, 144, 156)","描边宽":"2px","描边不透明":"1","不透明":"1","可见性":"visible","显示":"inline","d":"M-74.99971442071717,475.0001156234532 C2"}]}
· 
⭐⭐ 复原回归：底栏读数与初始**不一致 ⛔**
· ⭐⭐ 连线读数：初始 [{"尺寸":[312,0],"路径长":715,"描边":"rgba(0, 0, 0, 0)","描边宽":"20px","描边不透明":"1","不透明":"1","可见性":"visible","显示":"inline","d":"M-1141.9995875202508,1075.0000490814107 "},{"尺寸":[312,0],"路径长":715,"描边":"rgb(134, 144, 156)","描边宽":"2px","描边不透明":"1","不透明":"1","可见性":"visible","显示":"inline","d":"M-1141.9995875202508,1075.0000490814107 "},{"尺寸":[95,0],"路径长":208,"描边":"rgba(0, 0, 0, 0)","描边宽":"20px","描边不透明":"1","不透明":"1","可见性":"visible","显示":"inline","d":"M-74.99971442071717,475.0001156234532 C2"},{"尺寸":[95,0],"路径长":208,"描边":"rgb(134, 144, 156)","描边宽":"2px","描边不透明":"1","不透明":"1","可见性":"visible","显示":"inline","d":"M-74.99971442071717,475.0001156234532 C2"}] → 复原 [{"尺寸":[312,0],"路径长":715,"描边":"rgba(0, 0, 0, 0)","描边宽":"20px","描边不透明":"1","不透明":"1","可见性":"visible","显示":"inline","d":"M-1141.9995875202508,1075.0000490814107 "},{"尺寸":[312,0],"路径长":715,"描边":"rgb(134, 144, 156)","描边宽":"2px","描边不透明":"1","不透明":"1","可见性":"visible","显示":"inline","d":"M-1141.9995875202508,1075.0000490814107 "},{"尺寸":[95,0],"路径长":208,"描边":"rgba(0, 0, 0, 0)","描边宽":"20px","描边不透明":"1","不透明":"1","可见性":"visible","显示":"inline","d":"M-74.99971442071717,475.0001156234532 C2"},{"尺寸":[95,0],"路径长":208,"描边":"rgb(134, 144, 156)","描边宽":"2px","描边不透明":"1","不透明":"1","可见性":"visible","显示":"inline","d":"M-74.99971442071717,475.0001156234532 C2"}]
· 
✅ 完成（只点这一枚纯视图开关，已复原）
· ⏳ ⌘0 复位 + 静置 15s…
· ⭐ 真的被移动：0 个 []

=== 已写 tools/batchEU4.json ===
