· 开局坐标偏差：[]
· 网格属性：{
 "找到": true,
 "svg": {
  "class": "react-flow__background",
  "data-testid": "rf__background",
  "style": "position: absolute; width: 100%; height: 100%; top: 0px; left: 0px; --xy-background-pattern-color-props: var(--canvas-bg-dot);"
 },
 "子": [
  {
   "标签": "pattern",
   "属性": {
    "id": "pattern-1",
    "x": "1.7102685276284717",
    "y": "-13.262573208716816",
    "width": "16.051743489369613",
    "height": "16.051743489369613",
    "patternUnits": "userSpaceOnUse",
    "patternTransform": "translate(-8.025871744684807,-8.025871744684807)"
   },
   "子": [
    {
     "标签": "circle",
     "属性": {
      "cx": "0.2293106212767088",
      "cy": "0.2293106212767088",
      "r": "0.2293106212767088",
      "class": "react-flow__background-pattern dots"
     },
     "子数": 0
    }
   ]
  },
  {
   "标签": "rect",
   "属性": {
    "x": "0",
    "y": "0",
    "width": "100%",
    "height": "100%",
    "fill": "url(#pattern-1)"
   },
   "子": []
  }
 ]
}
· 视口：{"transform":"matrix(0.458621, 0, 0, 0.458621, 884.556, -93.5213)","zoom":0.458621,"pan":[884.556,-93.5213]}
· 圆点：{
 "数量": 1,
 "样本": [
  {
   "cx": 0.2293106212767088,
   "cy": 0.2293106212767088,
   "r": 0.2293106212767088,
   "fill": null,
   "stroke": null,
   "祖先pattern": "pattern",
   "祖先svg": "react-flow__background"
  }
 ]
}
· 算步长：{"找到":true,"width":16.051743489369613,"height":16.051743489369613,"patternTransform":"translate(-8.025871744684807,-8.025871744684807)","patternUnits":"userSpaceOnUse","scale":null,"tx":-8.025871744684807,"ty":-8.025871744684807}
· 已拍 ev2-网格左上角.png（320×200 CSS px，看点距最直观）
· 底栏：[{"aria":"资产管理","box":[14,764,94,28],"svg数":1,"背景":"rgba(0, 0, 0, 0)"},{"aria":"整理画布，Option+Shift+F","box":[112,764,28,28],"svg数":1,"背景":"rgba(0, 0, 0, 0)"},{"aria":"切换小地图","box":[144,764,28,28],"svg数":1,"背景":"rgba(0, 0, 0, 0)"},{"aria":"隐藏节点连线","box":[176,764,28,28],"svg数":1,"背景":"rgba(0, 0, 0, 0)"},{"aria":"网格吸附","box":[208,764,28,28],"svg数":1,"背景":"rgba(0, 0, 0, 0)"},{"aria":"缩放选项","box":[240,764,36,28],"svg数":0,"背景":"rgba(0, 0, 0, 0)"}]
· ⭐⭐ 收尾坐标复核：[]

=== 已写 tools/batchEV2.json ===
