· 开局坐标偏差：[]
· 点之前可见元素数：703
· 落点自证：v-v2hlWY4Br3
· 点之后可见元素数：836
· ⭐ 新增 133 个 / 消失 0 个
· 新增明细：[
 [
  "svg",
  1355,
  171,
  16,
  16,
  ""
 ],
 [
  "path",
  1356,
  174,
  13,
  11,
  ""
 ],
 [
  "BUTTON",
  1379,
  165,
  28,
  28,
  ""
 ],
 [
  "svg",
  1385,
  171,
  16,
  16,
  ""
 ],
 [
  "DIV",
  1025,
  207,
  398,
  586,
  "让 TV Director 辅助你的无限创意\n\n感知画布开始创作\n从爆款预设开始"
 ],
 [
  "DIV",
  1025,
  207,
  398,
  586,
  "让 TV Director 辅助你的无限创意\n\n感知画布开始创作\n从爆款预设开始"
 ],
 [
  "DIV",
  1025,
  207,
  398,
  586,
  "让 TV Director 辅助你的无限创意\n\n感知画布开始创作\n从爆款预设开始"
 ],
 [
  "DIV",
  1025,
  207,
  398,
  400,
  "让 TV Director 辅助你的无限创意\n\n感知画布开始创作\n从爆款预设开始"
 ],
 [
  "DIV",
  1025,
  207,
  398,
  400,
  "让 TV Director 辅助你的无限创意\n\n感知画布开始创作\n从爆款预设开始"
 ],
 [
  "DIV",
  1025,
  207,
  398,
  400,
  "让 TV Director 辅助你的无限创意\n\n感知画布开始创作\n从爆款预设开始"
 ],
 [
  "DIV",
  1041,
  347,
  366,
  252,
  "让 TV Director 辅助你的无限创意\n\n感知画布开始创作\n从爆款预设开始"
 ],
 [
  "DIV",
  1041,
  347,
  366,
  76,
  "让 TV Director 辅助你的无限创意"
 ],
 [
  "DIV",
  1204,
  347,
  40,
  40,
  ""
 ],
 [
  "DIV",
  1197,
  340,
  54,
  54,
  ""
 ],
 [
  "DIV",
  1204,
  347,
  40,
  40,
  ""
 ],
 [
  "DIV",
  1204,
  347,
  40,
  40,
  ""
 ],
 [
  "DIV",
  1201,
  344,
  46,
  46,
  ""
 ],
 [
  "DIV",
  1201,
  344,
  46,
  46,
  ""
 ],
 [
  "DIV",
  1206,
  349,
  35,
  35,
  ""
 ],
 [
  "DIV",
  1206,
  349,
  35,
  35,
  ""
 ],
 [
  "DIV",
  1206,
  349,
  35,
  35,
  ""
 ],
 [
  "DIV",
  1216,
  359,
  23,
  23,
  ""
 ],
 [
  "DIV",
  1210,
  359,
  23,
  23,
  ""
 ],
 [
  "DIV",
  1211,
  364,
  28,
  28,
  ""
 ],
 [
  "DIV",
  1213,
  344,
  28,
  28,
  ""
 ],
 [
  "DIV",
  1208,
  359,
  32,
  16,
  ""
 ],
 [
  "DIV",
  1204,
  347,
  20,
  20,
  ""
 ],
 [
  "DIV",
  1206,
  349,
  36,
  36,
  ""
 ],
 [
  "DIV",
  1218,
  348,
  24,
  20,
  ""
 ],
 [
  "DIV",
  1205,
  364,
  26,
  24,
  ""
 ],
 [
  "DIV",
  1232,
  355,
  8,
  13,
  ""
 ],
 [
  "DIV",
  1204,
  347,
  40,
  40,
  ""
 ],
 [
  "DIV",
  1207,
  347,
  30,
  27,
  ""
 ],
 [
  "svg",
  1198,
  341,
  44,
  44,
  ""
 ],
 [
  "path",
  1195,
  338,
  40,
  34,
  ""
 ],
 [
  "path",
  1204,
  354,
  40,
  34,
  ""
 ],
 [
  "svg",
  1204,
  347,
  44,
  44,
  ""
 ],
 [
  "path",
  1206,
  349,
  38,
  36,
  ""
 ],
 [
  "path",
  1206,
  353,
  38,
  36,
  ""
 ],
 [
  "P",
  1100,
  399,
  249,
  24,
  "让 TV Director 辅助你的无限创意"
 ],
 [
  "DIV",
  1041,
  443,
  366,
  156,
  "感知画布开始创作\n从爆款预设开始剧本原创\n上传故事来改编\n批量优化提示词"
 ],
 [
  "BUTTON",
  1041,
  443,
  366,
  39,
  "感知画布开始创作"
 ],
 [
  "IMG",
  1053,
  455,
  16,
  16,
  ""
 ],
 [
  "SPAN",
  1079,
  452,
  290,
  22,
  "感知画布开始创作"
 ],
 [
  "IMG",
  1379,
  455,
  16,
  16,
  ""
 ],
 [
  "BUTTON",
  1041,
  482,
  366,
  39,
  "从爆款预设开始剧本原创"
 ],
 [
  "IMG",
  1053,
  494,
  16,
  16,
  ""
 ],
 [
  "SPAN",
  1079,
  491,
  290,
  22,
  "从爆款预设开始剧本原创"
 ],
 [
  "IMG",
  1379,
  494,
  16,
  16,
  ""
 ],
 [
  "BUTTON",
  1041,
  521,
  366,
  39,
  "上传故事来改编"
 ],
 [
  "IMG",
  1053,
  533,
  16,
  16,
  ""
 ],
 [
  "SPAN",
  1079,
  530,
  290,
  22,
  "上传故事来改编"
 ],
 [
  "IMG",
  1379,
  533,
  16,
  16,
  ""
 ],
 [
  "BUTTON",
  1041,
  560,
  366,
  39,
  "批量优化提示词"
 ],
 [
  "IMG",
  1053,
  572,
  16,
  16,
  ""
 ],
 [
  "SPAN",
  1079,
  569,
  290,
  22,
  "批量优化提示词"
 ],
 [
  "IMG",
  1379,
  572,
  16,
  16,
  ""
 ],
 [
  "DIV",
  1025,
  607,
  398,
  186,
  "开启浏览器通知，及时获取最新消息\n开启\n\n视频节点 3\n\n全能创作"
 ],
 [
  "DIV",
  1033,
  611,
  382,
  40,
  "开启浏览器通知，及时获取最新消息\n开启"
 ],
 [
  "DIV",
  1041,
  622,
  332,
  18,
  "开启浏览器通知，及时获取最新消息\n开启"
 ],
 [
  "SPAN",
  1049,
  622,
  208,
  18,
  "开启浏览器通知，及时获取最新消息"
 ],
 [
  "BUTTON",
  1269,
  622,
  26,
  18,
  "开启"
 ],
 [
  "BUTTON",
  1383,
  619,
  24,
  24,
  ""
 ],
 [
  "SPAN",
  1388,
  624,
  14,
  14,
  ""
 ],
 [
  "svg",
  1390,
  626,
  10,
  10,
  ""
 ],
 [
  "path",
  1390,
  626,
  10,
  10,
  ""
 ],
 [
  "DIV",
  1033,
  659,
  382,
  122,
  "视频节点 3\n\n全能创作"
 ],
 [
  "DIV",
  1042,
  668,
  364,
  64,
  "视频节点 3"
 ],
 [
  "DIV",
  1042,
  668,
  364,
  64,
  "视频节点 3"
 ],
 [
  "DIV",
  1042,
  668,
  364,
  64,
  "视频节点 3"
 ],
 [
  "DIV",
  1042,
  668,
  364,
  64,
  "视频节点 3"
 ],
 [
  "DIV",
  1042,
  668,
  364,
  64,
  "视频节点 3"
 ],
 [
  "DIV",
  1042,
  668,
  364,
  64,
  "视频节点 3"
 ],
 [
  "P",
  1042,
  668,
  364,
  26,
  "视频节点 3"
 ],
 [
  "SPAN",
  1044,
  668,
  96,
  24,
  "视频节点 3"
 ],
 [
  "SPAN",
  1044,
  668,
  96,
  24,
  "视频节点 3"
 ],
 [
  "SPAN",
  1049,
  672,
  16,
  16,
  ""
 ],
 [
  "svg",
  1050,
  673,
  14,
  14,
  ""
 ],
 [
  "path",
  1050,
  673,
  14,
  14,
  ""
 ],
 [
  "SPAN",
  1069,
  672,
  64,
  16,
  "视频节点 3"
 ],
 [
  "DIV",
  1042,
  740,
  364,
  32,
  "全能创作"
 ],
 [
  "SPAN",
  1042,
  740,
  32,
  32,
  ""
 ],
 [
  "BUTTON",
  1042,
  740,
  32,
  32,
  ""
 ],
 [
  "svg",
  1050,
  748,
  16,
  16,
  ""
 ],
 [
  "path",
  1051,
  749,
  14,
  14,
  ""
 ],
 [
  "BUTTON",
  1077,
  740,
  81,
  32,
  "全能创作"
 ],
 [
  "SPAN",
  1085,
  746,
  52,
  20,
  "全能创作"
 ],
 [
  "svg",
  1138,
  748,
  16,
  16,
  ""
 ],
 [
  "path",
  1142,
  754,
  7,
  4,
  ""
 ],
 [
  "SPAN",
  1161,
  740,
  32,
  32,
  ""
 ],
 [
  "SPAN",
  1161,
  740,
  32,
  32,
  ""
 ],
 [
  "BUTTON",
  1161,
  740,
  32,
  32,
  ""
 ],
 [
  "svg",
  1169,
  748,
  16,
  16,
  ""
 ],
 [
  "path",
  1170,
  749,
  13,
  15,
  ""
 ],
 [
  "SPAN",
  1196,
  740,
  32,
  32,
  ""
 ],
 [
  "BUTTON",
  1196,
  740,
  32,
  32,
  ""
 ],
 [
  "SPAN",
  1204,
  748,
  16,
  16,
  ""
 ],
 [
  "svg",
  1204,
  748,
  16,
  16,
  ""
 ],
 [
  "path",
  1206,
  749,
  13,
  14,
  ""
 ],
 [
  "SPAN",
  1231,
  740,
  32,
  32,
  ""
 ],
 [
  "SPAN",
  1231,
  740,
  32,
  32,
  ""
 ],
 [
  "BUTTON",
  1231,
  740,
  32,
  32,
  ""
 ],
 [
  "svg",
  1239,
  748,
  16,
  16,
  ""
 ],
 [
  "path",
  1240,
  749,
  15,
  15,
  ""
 ],
 [
  "BUTTON",
  1374,
  740,
  32,
  32,
  ""
 ],
 [
  "svg",
  1384,
  750,
  12,
  12,
  ""
 ],
 [
  "path",
  1384,
  750,
  12,
  12,
  ""
 ],
 [
  "DIV",
  541,
  191,
  114,
  27,
  "新功能：支持真人"
 ],
 [
  "DIV",
  595,
  214,
  6,
  6,
  ""
 ],
 [
  "DIV",
  633,
  0,
  174,
  34,
  "正在跟随\n取消ESC\n按 ESC 退出"
 ],
 [
  "DIV",
  633,
  0,
  174,
  34,
  "正在跟随\n取消ESC\n按 ESC 退出"
 ],
 [
  "SPAN",
  646,
  13,
  8,
  8,
  ""
 ],
 [
  "SPAN",
  662,
  7,
  56,
  20,
  "正在跟随"
 ],
 [
  "SPAN",
  730,
  9,
  64,
  16,
  "取消ESC\n按 ESC 退出"
 ],
 [
  "BUTTON",
  730,
  9,
  64,
  16,
  "取消ESC"
 ],
 [
  "SPAN",
  721,
  33,
  82,
  24,
  "按 ESC 退出"
 ],
 [
  "DIV",
  0,
  0,
  1440,
  810,
  ""
 ],
 [
  "DIV",
  1020,
  168,
  8,
  612,
  ""
 ],
 [
  "DIV",
  1420,
  168,
  8,
  612,
  ""
 ],
 [
  "DIV",
  1038,
  150,
  372,
  8,
  ""
 ],
 [
  "DIV",
  1038,
  790,
  372,
  8,
  ""
 ],
 [
  "DIV",
  1016,
  146,
  16,
  16,
  ""
 ],
 [
  "DIV",
  1416,
  146,
  16,
  16,
  ""
 ],
 [
  "DIV",
  1016,
  786,
  16,
  16,
  ""
 ],
 [
  "DIV",
  1416,
  786,
  16,
  16,
  ""
 ],
 [
  "DIV",
  732,
  447,
  280,
  311,
  "Agent 已升级为 TV Director\n\n全流程成片规划、批量执行、创意脑"
 ],
 [
  "DIV",
  732,
  447,
  280,
  311,
  "Agent 已升级为 TV Director\n\n全流程成片规划、批量执行、创意脑"
 ],
 [
  "DIV",
  737,
  452,
  270,
  151,
  ""
 ],
 [
  "VIDEO",
  737,
  452,
  270,
  151,
  ""
 ],
 [
  "P",
  737,
  603,
  270,
  46,
  "Agent 已升级为 TV Director"
 ],
 [
  "P",
  737,
  649,
  270,
  48,
  "全流程成片规划、批量执行、创意脑暴、剧本创编…… 现在统统交给 TV Direc"
 ],
 [
  "DIV",
  737,
  697,
  270,
  56,
  "知道了"
 ],
 [
  "BUTTON",
  928,
  709,
  67,
  32,
  "知道了"
 ]
]
· 面板候选（宽>140 高>100 的新增）：[["DIV",1038,790,372,8,""],["DIV",1042,740,364,32,"全能创作"],["DIV",1033,659,382,122,"视频节点 3\n\n全能创作"],["DIV",1042,668,364,64,"视频节点 3"],["DIV",1042,668,364,64,"视频节点 3"],["DIV",1042,668,364,64,"视频节点 3"],["DIV",1042,668,364,64,"视频节点 3"],["DIV",1042,668,364,64,"视频节点 3"]]
· ⭐ 含「新功能/真人」的元素：[
 {
  "标签": "DIV",
  "文字": "新功能：支持真人",
  "子数": 1,
  "cls": "m_1b3c8819 mantine-Tooltip-tooltip",
  "box": [
   541,
   191,
   114,
   27
  ],
  "opacity": "1",
  "pointerEvents": "none",
  "zIndex": "300",
  "position": "absolute",
  "祖先链": [
   {
    "t": "DIV",
    "c": "",
    "box": [
     0,
     810,
     1440,
     0
    ],
    "子": 33
   },
   {
    "t": "BODY",
    "c": "antialiased",
    "box": [
     0,
     0,
     1440,
     810
    ],
    "子": 31
   },
   {
    "t": "HTML",
    "c": "dark",
    "box": [
     0,
     0,
     1440,
     810
    ],
    "子": 2
   }
  ],
  "兄弟": [],
  "邻居": [
   {
    "水平距": 58,
    "t": "DIV",
    "c": "react-flow__node react-flow__node-director-console",
    "文字": "导演台 5\n\n在3D空间中搭建场景并进行多视角截图\n\n打开导",
    "box": [
     323,
     77,
     161,
     161
    ]
   },
   {
    "水平距": 58,
    "t": "DIV",
    "c": "",
    "文字": "导演台 5\n\n在3D空间中搭建场景并进行多视角截图\n\n打开导",
    "box": [
     323,
     77,
     161,
     161
    ]
   },
   {
    "水平距": 58,
    "t": "DIV",
    "c": "",
    "文字": "导演台 5\n\n在3D空间中搭建场景并进行多视角截图\n\n打开导",
    "box": [
     323,
     77,
     161,
     161
    ]
   },
   {
    "水平距": 58,
    "t": "DIV",
    "c": "node-shell relative",
    "文字": "导演台 5\n\n在3D空间中搭建场景并进行多视角截图\n\n打开导",
    "box": [
     323,
     77,
     161,
     161
    ]
   },
   {
    "水平距": 58,
    "t": "DIV",
    "c": "group overflow-hidden rounded-2xl",
    "文字": "在3D空间中搭建场景并进行多视角截图\n\n打开导演台",
    "box": [
     323,
     77,
     161,
     161
    ]
   },
   {
    "水平距": 58,
    "t": "DIV",
    "c": "relative flex h-full w-full flex-col items-center ",
    "文字": "在3D空间中搭建场景并进行多视角截图\n\n打开导演台",
    "box": [
     323,
     77,
     160,
     160
    ]
   },
   {
    "水平距": 89,
    "t": "DIV",
    "c": "flex h-full flex-col items-center justify-center p",
    "文字": "尝试：\n5分钟超长视频\n首尾帧生成视频\n首帧生成视频",
    "box": [
     566,
     45,
     284,
     160
    ]
   },
   {
    "水平距": 90,
    "t": "DIV",
    "c": "react-flow__node react-flow__node-video nopan sele",
    "文字": "视频节点 3\n尝试：\n5分钟超长视频\n首尾帧生成视频\n首帧生",
    "box": [
     565,
     44,
     285,
     161
    ]
   }
  ]
 }
]
· 已拍 ew3-面板左缘.png
· ⭐⭐ 静置 15s 后坐标复核：[]

=== 已写 tools/batchEW3.json ===
