· 开局坐标偏差：[]
· —— A 未选中任何节点：扫出 3 种气泡 ——
·    「添加节点」 气泡@[563,715,66,27] 触发点[[584,758]] 元素=SPAN/添加节点
·    「移动」 气泡@[615,715,42,27] 触发点[[640,758]] 元素=BUTTON/移动
·    「手动生成」 气泡@[1214,706,66,27] 触发点[[1256,758]] 元素=BUTTON/手动生成
· 点视频节点 [708,62] 落点自证=v-v2hlWY4Br3
· —— B 选中视频节点：扫出 1 种气泡 ——
·    「新功能：支持真人」 气泡@[541,191,114,27] 触发点[[24,30],[80,30],[136,30],[192,30],[248,30],[304,30]] 元素=path/—
· ⭐ 选中后新增的气泡：[
 {
  "文字": "新功能：支持真人",
  "气泡": [
   541,
   191,
   114,
   27
  ],
  "触发点": [
   [
    24,
    30
   ],
   [
    80,
    30
   ],
   [
    136,
    30
   ],
   [
    192,
    30
   ],
   [
    248,
    30
   ],
   [
    304,
    30
   ]
  ],
  "触发元素": {
   "标签": "path",
   "元素aria": null,
   "元素文字": "",
   "元素cls": "[object SVGAnimatedString]",
   "元素box": [
    17,
    17,
    25,
    15
   ],
   "指针box": [
    17,
    17,
    25,
    15
   ]
  }
 }
]
· ⭐⭐ 静置 15s 后坐标复核：[]

=== 已写 tools/batchEW5.json ===
