· 开局坐标偏差：[]
· ✓ v-v2hlWY4Br3 选中｜气泡=[541,191,114,27] 面板=undefined 节点卡=[565,44,285,161]
· ✓ v-eMpqKtiLlx 选中｜气泡=undefined 面板=undefined 节点卡=[65,319,285,161]
· ✓ v-oZNpH99MtM 选中｜气泡=undefined 面板=undefined 节点卡=[945,44,161,161]
· ✗ a-THmbuJXQj4：点不到（被 n-56F19pXVB4 挡住）
· ✓ i-sODTbgLUm1 选中｜气泡=undefined 面板=undefined 节点卡=[808,319,285,161]
· ✗ t-UtVx3lZmrV：点不到（被 null 挡住）
· ✓ b-mfkcQNULC3 选中｜气泡=undefined 面板=undefined 节点卡=[1176,44,147,178]
· ✓ n-56F19pXVB4 选中｜气泡=undefined 面板=undefined 节点卡=[323,77,161,214]
· ⭐ 有气泡的节点：["v-v2hlWY4Br3"]
· ⭐ 气泡位置：[["v-v2hlWY4Br3",[541,191,114,27]]]
· ⭐ 气泡位置的不同取值个数 = 1（1 = 完全固定，多 = 跟着节点走）
· ⭐ 面板位置的不同取值个数 = 1
· 参数条明细：[
 {
  "文字": "",
  "aria": "添加节点",
  "box": [
   580,
   757,
   32,
   32
  ],
  "svg数": 1
 },
 {
  "文字": "",
  "aria": "移动",
  "box": [
   620,
   757,
   32,
   32
  ],
  "svg数": 1
 },
 {
  "文字": "",
  "aria": "素材库",
  "box": [
   660,
   757,
   32,
   32
  ],
  "svg数": 1
 },
 {
  "文字": "",
  "aria": "角色造型室",
  "box": [
   700,
   757,
   32,
   32
  ],
  "svg数": 1
 },
 {
  "文字": "",
  "aria": "生成历史",
  "box": [
   740,
   757,
   32,
   32
  ],
  "svg数": 1
 },
 {
  "文字": "",
  "aria": "快捷键",
  "box": [
   789,
   757,
   32,
   32
  ],
  "svg数": 1
 },
 {
  "文字": "",
  "aria": "教程",
  "box": [
   829,
   757,
   32,
   32
  ],
  "svg数": 1
 },
 {
  "文字": "2.0",
  "aria": null,
  "box": [
   387,
   363,
   91,
   32
  ],
  "svg数": 2
 },
 {
  "文字": "文生视频",
  "aria": null,
  "box": [
   482,
   363,
   108,
   32
  ],
  "svg数": 2
 },
 {
  "文字": "16:9 · 720P · 5s · 1个 ·",
  "aria": null,
  "box": [
   599,
   363,
   204,
   32
  ],
  "svg数": 2
 },
 {
  "文字": "",
  "aria": null,
  "box": [
   828,
   363,
   32,
   32
  ],
  "svg数": 1
 },
 {
  "文字": "",
  "aria": null,
  "box": [
   864,
   363,
   32,
   32
  ],
  "svg数": 1
 },
 {
  "文字": "",
  "aria": null,
  "box": [
   904,
   363,
   32,
   32
  ],
  "svg数": 1
 },
 {
  "文字": "",
  "aria": null,
  "box": [
   997,
   363,
   32,
   32
  ],
  "svg数": 1
 },
 {
  "文字": "",
  "aria": "关闭浏览器通知提示",
  "box": [
   1383,
   619,
   24,
   24
  ],
  "svg数": 1
 },
 {
  "文字": "",
  "aria": "添加附件",
  "box": [
   1042,
   740,
   32,
   32
  ],
  "svg数": 1
 },
 {
  "文字": "全能创作",
  "aria": "选择创作模式",
  "box": [
   1077,
   740,
   81,
   32
  ],
  "svg数": 1
 },
 {
  "文字": "",
  "aria": "选择模型",
  "box": [
   1161,
   740,
   32,
   32
  ],
  "svg数": 1
 },
 {
  "文字": "",
  "aria": "Skill",
  "box": [
   1196,
   740,
   32,
   32
  ],
  "svg数": 1
 },
 {
  "文字": "",
  "aria": "手动生成",
  "box": [
   1231,
   740,
   32,
   32
  ],
  "svg数": 1
 },
 {
  "文字": "",
  "aria": "Send",
  "box": [
   1374,
   740,
   32,
   32
  ],
  "svg数": 1
 },
 {
  "文字": "知道了",
  "aria": null,
  "box": [
   928,
   709,
   67,
   32
  ],
  "svg数": 0
 }
]
· ⭐⭐ 静置 15s 后坐标复核：[]

=== 已写 tools/batchEW6.json ===
