· 开局坐标偏差：[]
· ① 扫底栏（8px 网格）…
·    扫了 1432 个点，扫出 16 种气泡
·    「添加附件」 气泡@[1025,706,66,27] 命中10点 触发=BUTTON/添加附件 [1042,740,32,32]
·    「选择模型」 气泡@[1144,706,66,27] 命中9点 触发=BUTTON/选择模型 [1161,740,32,32]
·    「Skill」 气泡@[1191,708,41,25] 命中9点 触发=BUTTON/Skill [1196,740,32,32]
·    「手动生成」 气泡@[1214,706,66,27] 命中9点 触发=BUTTON/手动生成 [1231,740,32,32]
·    「整理画布
⌥⇧F」 气泡@[76,730,100,27] 命中10点 触发=BUTTON/整理画布，Option+Shift+F [112,764,28,28]
·    「隐藏节点连线」 气泡@[145,730,90,27] 命中9点 触发=BUTTON/隐藏节点连线 [176,764,28,28]
·    「网格吸附」 气泡@[189,730,66,27] 命中11点 触发=BUTTON/网格吸附 [208,764,28,28]
·    「缩放选项」 气泡@[225,730,66,27] 命中14点 触发=BUTTON/缩放选项 [240,764,36,28]
·    「添加节点」 气泡@[563,715,66,27] 命中13点 触发=BUTTON/添加节点 [580,757,32,32]
·    「移动」 气泡@[615,715,42,27] 命中13点 触发=BUTTON/移动 [620,757,32,32]
·    「素材库」 气泡@[649,715,54,27] 命中13点 触发=BUTTON/素材库 [660,757,32,32]
·    「角色造型室」 气泡@[677,715,78,27] 命中12点 触发=BUTTON/角色造型室 [700,757,32,32]
·    「生成历史」 气泡@[723,715,66,27] 命中12点 触发=BUTTON/生成历史 [740,757,32,32]
·    「快捷键」 气泡@[778,715,54,27] 命中12点 触发=BUTTON/快捷键 [789,757,32,32]
·    「教程」 气泡@[824,715,42,27] 命中14点 触发=BUTTON/教程 [829,757,32,32]
·    「画布小地图」 气泡@[119,730,78,27] 命中8点 触发=BUTTON/切换小地图 [144,764,28,28]
· 落点自证=v-v2hlWY4Br3
· 面板区域=[[855,0,1440,288]]
· ② 扫参数面板（16px 网格）…
·    扫了 666 个点，扫出 8 种气泡
·    「新功能：支持真人」 气泡@[541,191,114,27] 命中666点 触发=DIV/音频节点 1
尝试：
音频生视频
音频节点 1
 [0,0,1440,810]
·    「发布与分享」 气泡@[1064,46,78,27] 命中2点 触发=BUTTON/发布与分享 [1087,8,32,32]
·    「积分超市」 气泡@[1110,47,66,27] 命中3点 触发=BUTTON/积分超市 [1127,8,32,32]
·    「当前已是新对话」 气泡@[1162,200,102,27] 命中1点 触发=BUTTON/当前已是新对话 [1199,165,28,28]
·    「历史对话」 气泡@[1210,200,66,27] 命中2点 触发=BUTTON/历史对话 [1229,165,28,28]
·    「LibTV Plugin」 气泡@[1289,200,88,25] 命中1点 触发=BUTTON/LibTV Plugin [1319,165,28,28]
·    「停靠到右侧」 气泡@[1324,200,78,27] 命中1点 触发=BUTTON/停靠到右侧 [1349,165,28,28]
·    「关闭」 气泡@[1372,200,42,27] 命中2点 触发=BUTTON/关闭 [1379,165,28,28]
· 已拍 ex1-面板全景.png
· ③ 扫其余画布（40px 网格）…
·    扫了 630 个点，扫出 2 种气泡
·    「新功能：支持真人」 气泡@[541,191,114,27] 命中630点 触发=DIV/音频节点 1
尝试：
音频生视频
音频节点 1

·    「在当前画布中添加参考」 气泡@[349,191,138,27] 命中1点 触发=BUTTON/参考
· ④ 指针停在空画布时的气泡：[{"文字":"新功能：支持真人","box":[541,191,114,27]}]
· ⭐⭐ 静置 15s 后坐标复核：[]

=== 已写 tools/batchEX1.json ===
