· 开局坐标偏差：[]
· 开素材库：{"ok":true,"点":[676,773],"自证":"素材库"}
· 已拍 ey1-素材库打开.png
· 页签/按钮清单（前 30）：[{"文字":"画布 2","中心":[200,24],"box":[165,8,69,32],"aria":null},{"文字":"20","中心":[1363,24],"box":[1334,8,58,32],"aria":null},{"文字":"打开工具箱","中心":[676,701],"box":[565,675,222,52],"aria":null},{"文字":"音频生视频","中心":[1253,700],"box":[1226,692,53,17],"aria":null},{"文字":"音频生视频","中心":[301,283],"box":[274,275,53,17],"aria":null},{"文字":"上传视频后开始","中心":[1250,120],"box":[1182,82,135,76],"aria":null},{"文字":"分镜","中心":[1203,183],"box":[1182,176,42,15],"aria":null},{"文字":"动态","中心":[1250,183],"box":[1228,176,43,15],"aria":null},{"文字":"音乐","中心":[1296,183],"box":[1275,176,43,15],"aria":null},{"文字":"开始拉片","中心":[1250,208],"box":[1182,200,135,17],"aria":null},{"文字":"图生图","中心":[839,421],"box":[819,413,40,17],"aria":null},{"文字":"图片高清","中心":[843,439],"box":[819,431,48,17],"aria":null},{"文字":"打开导演台","中心":[403,179],"box":[382,172,42,15],"aria":null},{"文字":"自己编写内容","中心":[249,689],"box":[219,681,60,17],"aria":null},{"文字":"文生视频","中心":[242,707],"box":[219,699,47,17],"aria":null},{"文字":"图片反推提示词","中心":[252,726],"box":[219,717,66,17],"aria":null},{"文字":"文字生音乐","中心":[246,744],"box":[219,736,53,17],"aria":null},{"文字":"自己编写内容","中心":[1201,403],"box":[1171,394,60,17],"aria":null},{"文字":"文生视频","中心":[1195,421],"box":[1171,413,47,17],"aria":null},{"文字":"图片反推提示词","中心":[1204,439],"box":[1171,431,66,17],"aria":null},{"文字":"文字生音乐","中心":[1198,458],"box":[1171,449,53,17],"aria":null},{"文字":"讲解视频","中心":[980,129],"box":[960,122,39,13],"aria":null},{"文字":"批量广告","中心":[980,144],"box":[960,137,39,13],"aria":null},{"文字":"口播视频","中心":[980,158],"box":[960,152,39,13],"aria":null},{"文字":"素材混剪","中心":[980,173],"box":[960,167,39,13],"aria":null},{"文字":"5分钟超长视频","中心":[609,131],"box":[577,122,64,17],"aria":null},{"文字":"首尾帧生成视频","中心":[610,149],"box":[577,141,66,17],"aria":null},{"文字":"首帧生成视频","中心":[607,167],"box":[577,159,60,17],"aria":null},{"文字":"资产管理","中心":[61,778],"box":[14,764,94,28],"aria":"资产管理"},{"文字":"46%","中心":[258,778],"box":[240,764,36,28],"aria":"缩放选项"}]
· 切到特效广场：{"ok":false,"原因":"没找到「特效广场」"}
· 特效广场：可见可交互元素 67 个
·   明细：[{"文字":"画布 2","aria":null,"box":[165,8,69,32],"中心":[200,24],"svg数":1,"path头":"M6.2.12a.4.4 0 0 1 .56 0l.43.42a.4.4 0 0","disabled":false},{"文字":"","aria":"工作流","box":[244,8,32,32],"中心":[260,24],"svg数":1,"path头":"M12.25 11.03a1.22 1.22 0 1 0-2.45 0 1.22","disabled":false},{"文字":"","aria":"故事板","box":[276,8,32,32],"中心":[292,24],"svg数":1,"path头":"M10.5 6.3H6.3v4.2h1.93q.73 0 1.1-.02t.5-","disabled":false},{"文字":"","aria":"发布与分享","box":[1087,8,32,32],"中心":[1103,24],"svg数":1,"path头":"M10.12.642a2.276 2.276 0 0 1 0 4.55 2.27","disabled":false},{"文字":"","aria":"积分超市","box":[1127,8,32,32],"中心":[1143,24],"svg数":1,"path头":"M8 1.33a6.67 6.67 0 1 1 0 13.34A6.67 6.6","disabled":false},{"文字":"20","aria":null,"box":[1334,8,58,32],"中心":[1363,24],"svg数":1,"path头":"M7.3.64A.5.5 0 0 0 7 .05a.6.6 0 0 0-.67.","disabled":false},{"文字":"","aria":"添加节点","box":[580,757,32,32],"中心":[596,773],"svg数":1,"path头":"M9.38 16.67v-6.05H3.33a.62.62 0 1 1 0-1.","disabled":false},{"文字":"","aria":"移动","box":[620,757,32,32],"中心":[636,773],"svg数":1,"path头":"M2.33 4.72c-.5-1.48.9-2.9 2.39-2.39L17.0","disabled":false},{"文字":"","aria":"素材库","box":[660,757,32,32],"中心":[676,773],"svg数":1,"path头":"M6.94 10.84c1.15 0 2.08.93 2.08 2.08v2.6","disabled":false},{"文字":"","aria":"角色造型室","box":[700,757,32,32],"中心":[716,773],"svg数":1,"path头":"M17.08 10a7.08 7.08 0 1 0-14.16 0 7.08 7","disabled":false},{"文字":"","aria":"生成历史","box":[740,757,32,32],"中心":[756,773],"svg数":1,"path头":"M17.08 10a7.08 7.08 0 1 0-14.16 0 7.08 7","disabled":false},{"文字":"","aria":"快捷键","box":[789,757,32,32],"中心":[805,773],"svg数":1,"path头":"M16.08 3.35c1.72 0 3.12 1.4 3.12 3.13l-.","disabled":false},{"文字":"","aria":"教程","box":[829,757,32,32],"中心":[845,773],"svg数":1,"path头":"M10 1.67a8.33 8.33 0 1 1 0 16.66 8.33 8.","disabled":false},{"文字":"风格库\n新增风格节点\nNEW","aria":null,"box":[565,563,222,52],"中心":[676,589],"svg数":1,"path头":"M15.66 8.27a2.3 2.3 0 0 1 2.32 0l5.83 3.","disabled":false},{"文字":"特效库\n新增特效节点\nNEW","aria":null,"box":[565,619,222,52],"中心":[676,645],"svg数":1,"path头":"M24.58 17q0-1.36-.45-2.58h-3.9l3.5 6.07c","disabled":false},{"文字":"打开工具箱","aria":null,"box":[565,675,222,52],"中心":[676,701],"svg数":1,"path头":"M15.65 0a2.3 2.3 0 0 1 2.32 2.32v1.66a2.","disabled":false},{"文字":"音频生视频","aria":null,"box":[1226,692,53,17],"中心":[1253,700],"svg数":1,"path头":"M17.4 0A2.6 2.6 0 0 1 20 2.6v14.8a2.6 2.","disabled":false},{"文字":"音频生视频","aria":null,"box":[274,275,53,17],"中心":[301,283],"svg数":1,"path头":"M17.4 0A2.6 2.6 0 0 1 20 2.6v14.8a2.6 2.","disabled":false},{"文字":"上传视频后开始","aria":null,"box":[1182,82,135,76],"中心":[1250,120],"svg数":1,"path头":"M16.25 16.25v-2.5h-2.5a.75.75 0 0 1 0-1.","disabled":false},{"文字":"分镜","aria":null,"box":[1182,176,42,15],"中心":[1203,183],"svg数":1,"path头":"M6.85 8.74q0-.46-.13-.88h-.05a4 4 0 0 1-","disabled":false},{"文字":"动态","aria":null,"box":[1228,176,43,15],"中心":[1250,183],"svg数":1,"path头":"M11 2.5c0-.83-.67-1.5-1.5-1.5h-.17v1.75H","disabled":false},{"文字":"音乐","aria":null,"box":[1275,176,43,15],"中心":[1296,183],"svg数":1,"path头":"M2.67 11.5V.5a.5.5 0 1 1 1 0v11a.5.5 0 0","disabled":false},{"文字":"开始拉片","aria":null,"box":[1182,200,135,17],"中心":[1250,208],"svg数":0,"path头":null,"disabled":true},{"文字":"图生图","aria":null,"box":[819,413,40,17],"中心":[839,421],"svg数":1,"path头":"M1.8 16.9A1.1 1.1 0 0 0 2.9 18h14a1.1 1.","disabled":false},{"文字":"图片高清","aria":null,"box":[819,431,48,17],"中心":[843,439],"svg数":1,"path头":"M16.75 0C18.55 0 20 1.45 20 3.25v13.5c0 ","disabled":false},{"文字":"打开导演台","aria":null,"box":[382,172,42,15],"中心":[403,179],"svg数":0,"path头":null,"disabled":false},{"文字":"自己编写内容","aria":null,"box":[219,681,60,17],"中心":[249,689],"svg数":1,"path头":"M17.4 0A2.6 2.6 0 0 1 20 2.6v14.8a2.6 2.","disabled":false},{"文字":"文生视频","aria":null,"box":[219,699,47,17],"中心":[242,707],"svg数":1,"path头":"M17.4 0A2.6 2.6 0 0 1 20 2.6v14.8a2.6 2.","disabled":false},{"文字":"图片反推提示词","aria":null,"box":[219,717,66,17],"中心":[252,726],"svg数":1,"path头":"M17.4 0A2.6 2.6 0 0 1 20 2.6v14.8a2.6 2.","disabled":false},{"文字":"文字生音乐","aria":null,"box":[219,736,53,17],"中心":[246,744],"svg数":1,"path头":"M11.2.03a1.8 1.8 0 0 1 2.17 1.77v16.32a1","disabled":false},{"文字":"自己编写内容","aria":null,"box":[1171,394,60,17],"中心":[1201,403],"svg数":1,"path头":"M17.4 0A2.6 2.6 0 0 1 20 2.6v14.8a2.6 2.","disabled":false},{"文字":"文生视频","aria":null,"box":[1171,413,47,17],"中心":[1195,421],"svg数":1,"path头":"M17.4 0A2.6 2.6 0 0 1 20 2.6v14.8a2.6 2.","disabled":false},{"文字":"图片反推提示词","aria":null,"box":[1171,431,66,17],"中心":[1204,439],"svg数":1,"path头":"M17.4 0A2.6 2.6 0 0 1 20 2.6v14.8a2.6 2.","disabled":false},{"文字":"文字生音乐","aria":null,"box":[1171,449,53,17],"中心":[1198,458],"svg数":1,"path头":"M11.2.03a1.8 1.8 0 0 1 2.17 1.77v16.32a1","disabled":false},{"文字":"讲解视频","aria":null,"box":[960,122,39,13],"中心":[980,129],"svg数":1,"path头":"M8.33 1.75c.42 0 .75.34.75.75v15a.75.75 ","disabled":false},{"文字":"批量广告","aria":null,"box":[960,137,39,13],"中心":[980,144],"svg数":1,"path头":"M5.63 3.13h8.75","disabled":false},{"文字":"口播视频","aria":null,"box":[960,152,39,13],"中心":[980,158],"svg数":1,"path头":"M12 19v3m7-12v2a7 7 0 0 1-14 0v-2","disabled":false},{"文字":"素材混剪","aria":null,"box":[960,167,39,13],"中心":[980,173],"svg数":1,"path头":"m7.7 4.48-.44-1.13a.55.55 0 0 0-1.02 0l-","disabled":false},{"文字":"5分钟超长视频","aria":null,"box":[577,122,64,17],"中心":[609,131],"svg数":1,"path头":"M1.1 4.3a2.94 2.94 0 0 1 4.42.13l1.5 1.7","disabled":false},{"文字":"首尾帧生成视频","aria":null,"box":[577,141,66,17],"中心":[610,149],"svg数":1,"path头":"M19.49 15c.75.43.75 1.51 0 1.94l-8.36 4.","disabled":false}]
·   含「详情」的元素：[]
· 已拍 ey1-特效广场.png
· 切到风格广场：{"ok":false,"原因":"没找到「风格广场」"}
· 风格广场：可见可交互元素 67 个；含「详情」的元素 0 个
·   含「详情」的元素：[]
· 已拍 ey1-风格广场.png
· 我的收藏：没找到「我的收藏」
· 最近使用：没找到「最近使用」
· ⭐ 汇总：{
 "特效": {
  "名称": "特效广场",
  "总数": 67,
  "详情类": []
 },
 "风格": {
  "名称": "风格广场",
  "总数": 67,
  "详情类": []
 }
}
· ⭐⭐ 静置 15s 后坐标复核：[]

=== 已写 tools/batchEY1.json ===
