· 开局坐标偏差：[]
· 视口：{"zoom":0.458621,"tx":884.556,"ty":-93.5213}
·   a-GgqvrVz0pw 画布 [719.388,1509.13] 屏 [1214,599,161,161]
·   a-THmbuJXQj4 画布 [-1356,600] 屏 [263,182,161,161]
·   b-mfkcQNULC3 画布 [636,300] 屏 [1176,44,147,178]
·   i-9nlG6HdjK2 画布 [-1764,900] 屏 [76,319,285,161]
·   i-sODTbgLUm1 画布 [-168,900] 屏 [808,319,285,161]
·   n-56F19pXVB4 画布 [-1225.03,370.975] 屏 [323,77,161,161]
·   t-2AK3Ukyxj3 画布 [-1476,1524] 屏 [208,605,161,161]
·   t-UtVx3lZmrV 画布 [600,900] 屏 [1160,319,161,161]
·   v-eMpqKtiLlx 画布 [-1787,900] 屏 [65,319,285,161]
·   v-oZNpH99MtM 画布 [132,300] 屏 [945,44,161,161]
·   v-v2hlWY4Br3 画布 [-696,300] 屏 [565,44,285,161]
· ⭐ v-eMpqKtiLlx 的画布坐标 = [-1787,900]
· —— 阶段 1：把视频节点挪开 ——
·   v-eMpqKtiLlx 第 1 轮：现画布 [-1787, 900] → 目标 [-1787, 1320]，误差 420.000
·   v-eMpqKtiLlx 第 2 轮：现画布 [-1787, 1284] → 目标 [-1787, 1320]，误差 36.000
·   v-eMpqKtiLlx 第 3 轮：现画布 [-1787, 1320] → 目标 [-1787, 1320]，误差 0.000
·   ✅ v-eMpqKtiLlx 到位（误差 0.000 < 0.5）
·   已拍 ez1e-1-视频节点挪开.png
·   挪开后图 A 的归属分布：{"i-9nlG6HdjK2":720} 框=[76,319,285,161]
· —— 阶段 2/3：选中两个纯图片节点 ——
·   图 A 的可用落点：[336,340]
·   图 A 落点自证：{"id":"i-9nlG6HdjK2","tag":"DIV"}
·   【图A】选中 1 个：["i-9nlG6HdjK2"]
·   图 B 落点自证：{"id":"i-sODTbgLUm1","tag":"DIV"}
·   【图A + Shift图B】选中 2 个：["i-9nlG6HdjK2","i-sODTbgLUm1"]
· ❌ 选中框.map is not a function

=== 已写 tools/batchEZ1e.json ===
