· 开局坐标偏差：[]
· 视口：{"zoom":0.458621,"tx":884.556,"ty":-93.5213}
·   a-GgqvrVz0pw 画布 [719.388,1509.13] 屏 [1214,599,161,161]
·   a-THmbuJXQj4 画布 [-1356,600] 屏 [263,182,161,161]
·   b-mfkcQNULC3 画布 [636,300] 屏 [1176,44,147,178]
·   i-9nlG6HdjK2 画布 [-1764,900] 屏 [76,319,285,161]
·   i-sODTbgLUm1 画布 [-168,900] 屏 [808,319,285,161]
·   n-56F19pXVB4 画布 [-1225.03,370.975] 屏 [323,77,161,161]
·   t-2AK3Ukyxj3 画布 [-1476,1524] 屏 [208,605,161,161]
·   t-UtVx3lZmrV 画布 [600,900] 屏 [1160,319,161,161]
·   v-eMpqKtiLlx 画布 [-1787,900] 屏 [65,319,285,161]
·   v-oZNpH99MtM 画布 [132,300] 屏 [945,44,161,161]
·   v-v2hlWY4Br3 画布 [-696,300] 屏 [565,44,285,161]
· ⭐ v-eMpqKtiLlx 的画布坐标 = [-1787,900]
· —— 阶段 1：把视频节点挪开 ——
·   v-eMpqKtiLlx 第 1 轮：现画布 [-1787, 900] → 目标 [-1787, 1320]，误差 420.000
·   v-eMpqKtiLlx 第 2 轮：现画布 [-1787, 1284] → 目标 [-1787, 1320]，误差 36.000
·   v-eMpqKtiLlx 第 3 轮：现画布 [-1787, 1320] → 目标 [-1787, 1320]，误差 0.000
·   ✅ v-eMpqKtiLlx 到位（误差 0.000 < 0.5）
·   已拍 ez1f-1-视频节点挪开.png
·   挪开后图 A 的归属分布：{"i-9nlG6HdjK2":720} 框=[76,319,285,161]
· —— 阶段 2/3：选中两个纯图片节点 ——
·   图 A 的可用落点：[336,340]
·   图 A 落点自证：{"id":"i-9nlG6HdjK2","tag":"DIV"}
·   【图A】选中 1 个：["i-9nlG6HdjK2"]
·   图 B 落点自证：{"id":"i-sODTbgLUm1","tag":"DIV"}
·   【图A + Shift图B】选中 2 个：["i-9nlG6HdjK2","i-sODTbgLUm1"]
·   选区包围盒：[76,319,1093,480]
·   ⭐ 选区上沿那一带的文字元素 67 个：
·      [div] "音频节点 1 尝试： 音频生视频" [263,182,161,161]
·      [div] "音频节点 1 尝试： 音频生视频" [263,182,161,161]
·      [div] "音频节点 1 尝试： 音频生视频" [263,182,161,161]
·      [div] "音频节点 1 尝试： 音频生视频" [263,182,161,161]
·      [div] "音频节点 1" [263,158,161,22]
·      [div] "音频节点 1" [263,158,161,22]
·      [div] "音频节点 1" [263,160,161,18]
·      [span] "音频节点 1" [279,160,56,18]
·      [div] "尝试： 音频生视频" [263,182,161,161]
·      [div] "尝试： 音频生视频" [263,182,160,160]
·      [div] "尝试： 音频生视频" [274,262,138,29]
·      [div] "尝试：" [274,262,138,9]
·      [div] "音频生视频" [274,275,138,17]
·      [button] "音频生视频" [274,275,53,17]
·      [span] "音频生视频" [290,278,32,9]
·      [div] "视频素材 上传视频后开始" [1179,67,142,90]
·      [div] "上传视频后开始" [1179,82,142,76]
·      [button] "上传视频后开始" [1182,82,135,76]
·      [span] "上传视频后开始" [1230,124,39,8]
·      [div] "拆解维度 分镜 动态 音乐" [1179,161,142,29]
·      [div] "拆解维度" [1179,161,142,15]
·      [span] "拆解维度" [1184,165,131,8]
·      [div] "分镜 动态 音乐" [1179,176,142,15]
·      [button] "分镜" [1182,176,42,15]
·      [span] "分镜" [1203,179,12,9]
·      [button] "动态" [1228,176,43,15]
·      [span] "动态" [1249,179,12,9]
·      [button] "音乐" [1275,176,43,15]
·      [span] "音乐" [1295,179,12,9]
·      [div] "开始拉片" [1177,191,146,31]
·      [button] "开始拉片" [1182,200,135,17]
·      [div] "图片节点 2" [76,319,285,161]
·      [div] "图片节点 2" [76,319,285,161]
·      [div] "图片节点 2" [76,319,285,161]
·      [div] "图片节点 2" [76,319,285,161]
·      [div] "图片节点 2" [76,295,285,22]
·      [div] "图片节点 2" [76,295,285,22]
·      [div] "图片节点 2" [76,297,285,18]
·      [span] "图片节点 2" [92,297,58,18]
·      [div] "图片节点 2" [808,295,285,22]
·   已拍 ez1f-选区上沿.png
·   ⛔ 找不到「打组」按钮
· ⭐⭐ 静置 15s 后坐标复核：[{"id":"v-eMpqKtiLlx","标准":[-1787,900],"现":[-1787,1320]}]
·   视频节点画布坐标现值：[-1787,1320] 基线：[-1787,900]
· —— finally：把 v-eMpqKtiLlx 挪回原位（无条件）——
·   v-eMpqKtiLlx 第 1 轮：现画布 [-1787, 1320] → 目标 [-1787, 900]，误差 420.000
·   v-eMpqKtiLlx 第 2 轮：现画布 [-1787, 936] → 目标 [-1787, 900]，误差 36.000
·   v-eMpqKtiLlx 第 3 轮：现画布 [-1787, 900] → 目标 [-1787, 900]，误差 0.000
·   ✅ v-eMpqKtiLlx 到位（误差 0.000 < 0.5）
·   复原结果：✅ 到位

=== 已写 tools/batchEZ1f.json ===
