· 开局坐标偏差：[]
· 渲染节点：["a-GgqvrVz0pw","a-THmbuJXQj4","b-mfkcQNULC3","i-9nlG6HdjK2","i-sODTbgLUm1","n-56F19pXVB4","t-2AK3Ukyxj3","t-UtVx3lZmrV","v-eMpqKtiLlx","v-oZNpH99MtM","v-v2hlWY4Br3"]
· —— 轮 1/2：选中 v-v2hlWY4Br3，连读两次 ——
·     落点【上缘】点击后 .selected = ["v-v2hlWY4Br3"]
·   ✅ v-v2hlWY4Br3 用【上缘】选中（节点框 [565,44,285,161]）
·   轮 1：选中=true｜全页选中=["v-v2hlWY4Br3"]｜类名="react-flow__node react-flow__node-video nopan selected selectable draggable"
·   参数条 18 枚按钮；节点框 [565,44,285,161]
·   ⭐ 同节点连读两次，逐字相同？ true
·   ⭐ 三枚候选（无 aria / 无 title / 无文字）：5 枚
·      box=[828,363,32,32] svg=1 图形=path path="M10.26 1.67c.32 0 .57.25.57.57v.35c0 .32"
·      box=[864,363,32,32] svg=1 图形=path path="M15.52 7.2c.16 0 .31.1.37.26l3.8 10a.4.4"
·      box=[904,363,32,32] svg=1 图形=g+path+circle+circle path="M14 17H5M19 7h-9"
·      box=[997,363,32,32] svg=1 图形=path path="M8.3.3a1 1 0 0 1 1.4 0l8 8a1 1 0 0 1-1.4"
·      box=[1001,221,28,28] svg=1 图形=path path="M1.4 8.9c.22 0 .4.18.4.4v5.54l5.26-5.26a"
·   —— 逐枚悬停找气泡 ——
·     悬停【无名 path="M10.26 1.67c.32 …"】→ 气泡 [{"文字":"新功能：支持真人","box":[541,191,114,27]},{"文字":"提示词优化","box":[805,329,78,27]}]
·     悬停【无名 path="M15.52 7.2c.16 0…"】→ 气泡 [{"文字":"新功能：支持真人","box":[541,191,114,27]},{"文字":"翻译提示词","box":[841,329,78,27]}]
·     悬停【无名 path="M14 17H5M19 7h-9…"】→ 气泡 [{"文字":"新功能：支持真人","box":[541,191,114,27]}]
·     悬停【无名 path="M8.3.3a1 1 0 0 1…"】→ 气泡 [{"文字":"新功能：支持真人","box":[541,191,114,27]},{"文字":"请输入提示词或添加参考素材","box":[926,329,174,27]}]
·     悬停【无名 path="M1.4 8.9c.22 0 .…"】→ 气泡 [{"文字":"新功能：支持真人","box":[541,191,114,27]}]
·   —— ⭐ 阳性对照：悬停一枚有名字的 ——
·     悬停【「视频节点 3」】→ 气泡 [{"文字":"新功能：支持真人","box":[541,191,114,27]}]
· —— 轮 3：取消选中 → 重选 ——
·   取消后仍选中：[]
·     落点【上缘】点击后 .selected = ["v-v2hlWY4Br3"]
·   ✅ v-v2hlWY4Br3 用【上缘】选中（节点框 [565,44,285,161]）
·   轮 3 与轮 1 逐字相同？ true
· —— 轮 4：换选图片节点 i-sODTbgLUm1 ——
·     落点【上缘】点击后 .selected = ["i-sODTbgLUm1"]
·   ✅ i-sODTbgLUm1 用【上缘】选中（节点框 [808,319,285,161]）
·   图片节点参数条 15 枚；节点框 [808,319,285,161]
·   图片节点上的无名控件：5 枚
·      box=[1044,638,32,32] 图形= path=""
·      box=[1119,638,32,32] 图形=path path="M15.52 7.2c.16 0 .31.1.37.26l3.8 10a.4.4"
·      box=[1159,638,32,32] 图形=g+path+circle+circle path="M14 17H5M19 7h-9"
·      box=[1239,638,32,32] 图形=path path="M8.3.3a1 1 0 0 1 1.4 0l8 8a1 1 0 0 1-1.4"
·      box=[1243,496,28,28] 图形=path path="M1.4 8.9c.22 0 .4.18.4.4v5.54l5.26-5.26a"
· —— 轮 5：换回视频节点 v-v2hlWY4Br3 ——
·     落点【上缘】点击后 .selected = ["v-v2hlWY4Br3"]
·   ✅ v-v2hlWY4Br3 用【上缘】选中（节点框 [565,44,285,161]）
·   轮 5 与轮 1 逐字相同？ true
·   已拍 fa1-参数条-无名控件.png
·   已拍 fa1-最后一枚无名控件特写.png
· ⭐⭐ 静置 15s 后坐标复核：[]

=== 已写 tools/batchFA1.json ===
