· 开局坐标偏差：[]
· —— 阶段 1：11 个节点离 35 整数倍有多远（完全不动）——
·   按最小距离排序：
·     n-56F19pXVB4 画布 [-1225.03, 370.975]｜x 离 0.03｜y 离 14.025
·     v-eMpqKtiLlx 画布 [-1787, 900]｜x 离 2｜y 离 10
·     v-v2hlWY4Br3 画布 [-696, 300]｜x 离 4｜y 离 15
·     a-GgqvrVz0pw 画布 [719.388, 1509.13]｜x 离 15.612｜y 离 4.13
·     a-THmbuJXQj4 画布 [-1356, 600]｜x 离 9｜y 离 5
·     t-UtVx3lZmrV 画布 [600, 900]｜x 离 5｜y 离 10
·     b-mfkcQNULC3 画布 [636, 300]｜x 离 6｜y 离 15
·     t-2AK3Ukyxj3 画布 [-1476, 1524]｜x 离 6｜y 离 16
·     i-sODTbgLUm1 画布 [-168, 900]｜x 离 7｜y 离 10
·     v-oZNpH99MtM 画布 [132, 300]｜x 离 8｜y 离 15
·     i-9nlG6HdjK2 画布 [-1764, 900]｜x 离 14｜y 离 10
·   ⭐⭐ 全场最小距离 = 0.03
·   ⭐⭐ 小于 0.5 的有几个：1 个
· —— 阶段 2：开网格吸附，慢速小步拖拽 ——
·   开关初始 aria = "网格吸附"
·   网格吸附 aria：点击后 = "网格吸附"
·   吸附现在是「关」
·   a-THmbuJXQj4 的画布坐标 = [-1356,600]
·   慢拖 240×60（开吸附）：落点画布 [-1122.69,658.872]；x 离 35 整数倍 2.690
·     采样 10 点，x 离整数倍：[8.56,15.43,4.41,6.6,17.38,6.37,4.65,15.66,8.32,2.69]
·   复原第 1 轮：现 [-1122.69,658.872] → 目标 [-1356,600]，误差 240.623
·   复原第 2 轮：现 [-1338.56,606.541] → 目标 [-1356,600]，误差 18.626
·   复原第 3 轮：现 [-1353.82,602.18] → 目标 [-1356,600]，误差 3.083
·   复原第 4 轮：现 [-1353.82,602.18] → 目标 [-1356,600]，误差 3.083
·   复原第 5 轮：现 [-1353.82,602.18] → 目标 [-1356,600]，误差 3.083
·   复原第 6 轮：现 [-1353.82,602.18] → 目标 [-1356,600]，误差 3.083
·   复原第 7 轮：现 [-1353.82,602.18] → 目标 [-1356,600]，误差 3.083
·   复原第 8 轮：现 [-1353.82,602.18] → 目标 [-1356,600]，误差 3.083
·   慢拖 -175×-140（开吸附，目标是 -175 = 35×5）：落点画布 [-1526.07,464.812]；x 离 35 整数倍 13.930
·     采样 10 点，x 离整数倍：[4.08,13.47,3.97,13.59,3.86,13.7,3.74,13.81,3.63,13.93]
·   复原第 1 轮：现 [-1526.07,464.812] → 目标 [-1356,600]，误差 217.255
·   复原第 2 轮：现 [-1371.26,589.098] → 目标 [-1356,600]，误差 18.754
·   复原第 3 轮：现 [-1360.36,595.639] → 目标 [-1356,600]，误差 6.167
·   复原第 4 轮：现 [-1360.36,597.82] → 目标 [-1356,600]，误差 4.875
·   复原第 5 轮：现 [-1360.36,597.82] → 目标 [-1356,600]，误差 4.875
·   复原第 6 轮：现 [-1360.36,597.82] → 目标 [-1356,600]，误差 4.875
·   复原第 7 轮：现 [-1360.36,597.82] → 目标 [-1356,600]，误差 4.875
·   复原第 8 轮：现 [-1360.36,597.82] → 目标 [-1356,600]，误差 4.875
·   已拍 fb1-吸附实验后.png
· ⭐⭐ 静置 15s 后坐标复核：[{"id":"a-THmbuJXQj4","标准":[-1356,600],"现":[-1360.36,597.82]}]
·   a-THmbuJXQj4 画布坐标现值 [-1360.36,597.82]，基线 [-1356,600]
· —— finally：复原 a-THmbuJXQj4 ——
·   复原第 1 轮：现 [-1360.36,597.82] → 目标 [-1356,600]，误差 4.875
·   复原第 2 轮：现 [-1360.36,597.82] → 目标 [-1356,600]，误差 4.875
·   复原第 3 轮：现 [-1360.36,597.82] → 目标 [-1356,600]，误差 4.875
·   复原第 4 轮：现 [-1360.36,597.82] → 目标 [-1356,600]，误差 4.875
·   复原第 5 轮：现 [-1360.36,597.82] → 目标 [-1356,600]，误差 4.875
·   复原第 6 轮：现 [-1360.36,597.82] → 目标 [-1356,600]，误差 4.875
·   复原第 7 轮：现 [-1360.36,597.82] → 目标 [-1356,600]，误差 4.875
·   复原第 8 轮：现 [-1360.36,597.82] → 目标 [-1356,600]，误差 4.875
·   复原：⛔ 没到位

=== 已写 tools/batchFB1.json ===
