· zoom = 0.458621
· 导演台 基线 [-1225.03,370.975]｜现 [-1222.84,370.975]｜偏差 2.1900
· ⭐ 进场吸附态：svg 数 1 ⇒ **关**
· —— ① 往返法测拖拽阈值（当前 zoom）——
·    ± 1px：正 0｜反 0｜净 0
·    ± 2px：正 -1.16｜反 0｜净 -1.16
·    ± 3px：正 0｜反 0｜净 0
·    ± 4px：正 0｜反 0｜净 0
·    ± 6px：正 0｜反 0｜净 0
·    ± 8px：正 0｜反 0｜净 0
·    ±12px：正 0｜反 0｜净 0
·    ±20px：正 0｜反 0｜净 0
·    ±30px：正 0｜反 0｜净 0
·    ⭐ 从 2px 起开始生效
· —— ② 探缩放手段 ——
· ❌ keyboard.press: Unknown key: "Add"
· ⛔ n-56F19pXVB4 整数像素为 0（剩余 1.4531）
·   n-56F19pXVB4 终态 [-1224,372]｜基线 [-1225.03,370.975]
· ⭐⭐ 静置 15s 后坐标复核：["n-56F19pXVB4 基线[-1225.03,370.975] 现[-1224,372]"]

=== 已写 tools/batchFB6.json ===
