· zoom=0.458621｜1 屏px = 2.1804 画布单位
· 导演台 基线 [-1225.03,370.975]｜现 [-1224,372]｜偏差 x 1.0300 y 1.0250
· —— ① `=` / `+` 键的副作用 ——
·    按 6 次 `=` 后：导演台 [-1224,372]｜zoom 0.458621
·    ⭐ 坐标变了吗？ false｜zoom 变了吗？ false
· —— ② 滚轮缩放 ——
·    滚轮 ×3 后 zoom = 0.458621｜导演台 [-1224,372]
·    ⌘0 复位后 zoom = 0.458621｜导演台 [-1224,372]
· —— ③ 导演台逐帧往返（+12px / −12px，各 6 段）——
·    按下｜鼠标 [403,157]｜画布 [-1224,372]
·    1｜鼠标 [405,157]｜画布 [-1224,372]
·    2｜鼠标 [407,157]｜画布 [-1224,372]
·    3｜鼠标 [409,157]｜画布 [-1212,367]
·    4｜鼠标 [411,157]｜画布 [-1212,367]
·    5｜鼠标 [413,157]｜画布 [-1212,367]
·    6｜鼠标 [415,157]｜画布 [-1200,367]
·    松手后｜鼠标 null｜画布 [-1200,367]
·    按下｜鼠标 [414,182]｜画布 [-1200,367]
·    1｜鼠标 [412,182]｜画布 [-1200,367]
·    2｜鼠标 [410,182]｜画布 [-1200,367]
·    3｜鼠标 [408,182]｜画布 [-1200,367]
·    4｜鼠标 [406,182]｜画布 [-1200,367]
·    5｜鼠标 [404,182]｜画布 [-1200,367]
·    6｜鼠标 [402,182]｜画布 [-1200,367]
·    松手后｜鼠标 null｜画布 [-1200,367]
·    净位移：[24,-5]
· —— ④ 阳性对照 v-oZNpH99MtM [132,300] 中心 [1025,124] ——
·    净位移：[]
· —— finally：按基线往返复原 ——
·    轮1：现 [-1200,367] 误差 25.3437 → -11,2px
·      一来一回后 [-1200,367]
·    轮2：现 [-1200,367] 误差 25.3437 → -11,2px
·      一来一回后 [-1200,367]
·    轮3：现 [-1200,367] 误差 25.3437 → -11,2px
·      一来一回后 [-1200,367]
·    轮4：现 [-1200,367] 误差 25.3437 → -11,2px
·      一来一回后 [-1200,367]
·    轮5：现 [-1200,367] 误差 25.3437 → -11,2px
·      一来一回后 [-1200,367]
·    轮6：现 [-1200,367] 误差 25.3437 → -11,2px
·      一来一回后 [-1200,367]
·    轮7：现 [-1200,367] 误差 25.3437 → -11,2px
·      一来一回后 [-1200,367]
·    轮8：现 [-1200,367] 误差 25.3437 → -11,2px
·      一来一回后 [-1200,367]
·   导演台终态 [-1200,367]｜基线 [-1225.03,370.975]
·   v-oZNpH99MtM 终态 [132,300]｜基线 [132,300]
· ⭐⭐ 静置 15s 后复核：["n-56F19pXVB4 基线[-1225.03,370.975] 现[-1200,367]"]

=== 已写 tools/batchFB7.json ===
