· zoom = 0.482682｜1 屏px = 2.0718 画布单位
· —— ① 挑「框内有干净落点」的节点 ——
·    v-oZNpH99MtM 干净落点 36/36 个
·    n-56F19pXVB4 干净落点 26/36 个
·    b-mfkcQNULC3 干净落点 6/36 个
·    a-THmbuJXQj4 干净落点 18/36 个
·    ⭐ 选中 v-oZNpH99MtM、n-56F19pXVB4、b-mfkcQNULC3、a-THmbuJXQj4
· —— ② 三档开关态 A/B（初始 svg 数 1）——
· —— 节点 v-oZNpH99MtM（基线 [-48684,300]）——
·    【关】svg 数 1｜起 -48684
·       轨迹 [-48684,-48684,-48672,-48672,-48672,-48658,-48658]
·       落点 -48658｜预测 -48660｜命中？ false｜是 12 倍数？ false｜位移 26.00（自由值 26.93）
·       往返净位移 0.0000
·    ⭐ 点开关：svg 数 1 → 2｜外链变了？ true
·    【开】svg 数 2｜起 -48684
·       轨迹 [-48684,-48679.9,-48675.7,-48673.6,-48669.5,-48665.4,-48661.2]
·       落点 -48661.2｜预测 -48660｜命中？ false｜是 12 倍数？ false｜位移 22.80（自由值 26.93）
·       往返净位移 0.0000
·    ⭐ 点回开关：svg 数 1｜与初始外链一致？ true
·    【关2】svg 数 1｜起 -48684
·       轨迹 [-48684,-48684,-48672,-48672,-48672,-48658,-48658]
·       落点 -48658｜预测 -48660｜命中？ false｜是 12 倍数？ false｜位移 26.00（自由值 26.93）
·       往返净位移 0.0000
·    ⭐⭐⭐⭐ v-oZNpH99MtM：关态落点 -48658｜开态落点 -48661.2｜**相同？ false**
·       逐帧轨迹完全相同？ false
·    v-oZNpH99MtM 复原：{"ok":true,"轮":1,"终":[-48684,300]}
· —— 节点 n-56F19pXVB4（基线 [-47724,300]）——
·    【关】svg 数 1｜起 -47724
·       轨迹 [-47724,-47724,-47712,-47712,-47712,-47700,-47700]
·       落点 -47700｜预测 -47700｜命中？ true｜是 12 倍数？ true｜位移 24.00（自由值 26.93）
·       往返净位移 0.0000
·    ⭐ 点开关：svg 数 1 → 2｜外链变了？ true
·    【开】svg 数 2｜起 -47724
·       轨迹 [-47724,-47719.9,-47715.7,-47713.6,-47709.5,-47705.4,-47701.2]
·       落点 -47701.2｜预测 -47700｜命中？ false｜是 12 倍数？ false｜位移 22.80（自由值 26.93）
·       往返净位移 0.0000
·    ⭐ 点回开关：svg 数 1｜与初始外链一致？ true
·    【关2】svg 数 1｜起 -47724
·       轨迹 [-47724,-47724,-47712,-47712,-47712,-47700,-47700]
·       落点 -47700｜预测 -47700｜命中？ true｜是 12 倍数？ true｜位移 24.00（自由值 26.93）
·       往返净位移 0.0000
·    ⭐⭐⭐⭐ n-56F19pXVB4：关态落点 -47700｜开态落点 -47701.2｜**相同？ false**
·       逐帧轨迹完全相同？ false
·    n-56F19pXVB4 复原：{"ok":true,"轮":1,"终":[-47724,300]}
· ⭐⭐ 静置 15s 后坐标复核：[]（全部一致）

=== 已写 tools/batchFC2.json ===
