· —— ① 那层虚线遮罩在什么条件下出现 ——
·    【全不选】.selected=0｜遮罩 {"有":false}
·    【点选 1 个】.selected=1｜遮罩有？ false 
·    【框选 2 个】.selected=4｜遮罩有？ true
·       class = absolute inset-0 rounded-lg border-dashed
·       框 [35,278,760,466]｜尺寸 [760,466]
·       计算样式 {"zIndex":"auto","pointerEvents":"auto","border":"1px dashed rgb(168, 168, 168)","display":"block","opacity":"1"}
·       父 class = pointer-events-none absolute z-30｜父框 [35,278,760,466]｜父 z-index = 30
·       遮罩内文字「（空）」
·       ⭐ 遮罩个数 1
·       ⭐ z-30 层里的子元素：[{"class":"absolute inset-0 rounded-lg border-dashed","框":[35,278,760,466],"文字":""},{"class":"absolute left-0","框":[35,272,760,12],"文字":""},{"class":"absolute top-0","框":[789,278,12,201],"文字":""},{"class":"absolute bottom-0","框":[789,543,12,201],"文字":""},{"class":"absolute left-0","框":[35,738,760,12],"文字":""},{"class":"absolute top-0","框":[29,278,12,466],"文字":""}]
· —— ② 框选全部 11 个 ——
·    .selected = 11｜遮罩 [-82,9,1370,727]｜z-30 框 [-82,9,1370,727]
·    ⭐ z-30 层里的子元素：[{"class":"absolute inset-0 rounded-lg border-dashed","框":[-82,9,1370,727],"文字":""},{"class":"absolute left-0","框":[-82,3,1370,12],"文字":""},{"class":"absolute top-0","框":[1282,9,12,331],"文字":""},{"class":"absolute bottom-0","框":[1282,404,12,331],"文字":""},{"class":"absolute left-0","框":[-82,729,1370,12],"文字":""},{"class":"absolute top-0","框":[-88,9,12,727],"文字":""}]
· —— ③ 在遮罩上拖 +1100 屏px（松手落在空白区）——
·    起点 [33,633]｜终点 [1133,633]
·    ⭐ 终点落在哪些节点上：[] ✅ 空白，安全
·    实际落点 [1133,633]｜其上有节点：[] ✅ 空白
·    ⭐⭐⭐ 动了 4 个 / 4 个
·       {"a-GgqvrVz0pw":2278.9,"i-9nlG6HdjK2":2278.9,"t-2AK3Ukyxj3":2278.9,"v-v2hlWY4Br3":2278.9}
·    ⭐⭐⭐⭐ 位移区间 2278.900 ~ 2278.900｜**完全一致？ true**
·    拖完之后遮罩还有？ true
· —— finally：原样拖回 ——
·    轮1：偏 11 个，位移宽度 97720.100
·    ⛔ 位移不一致，停止
· ⭐⭐ 静置 15s 后坐标复核：["a-GgqvrVz0pw 基线[-49512,1344] 现[-47233.1,1344]","a-THmbuJXQj4 基线[-47220,300] 现[-44941.1,300]","b-mfkcQNULC3 基线[-48192,300] 现[-45913.1,300]","i-9nlG6HdjK2 基线[-49512,840] 现[-47233.1,840]","i-sODTbgLUm1 基线[-47916,840] 现[-45637.1,840]","n-56F19pXVB4 基线[-47724,300] 现[-45445.1,300]","t-2AK3Ukyxj3 基线[-49008,1344] 现[-46729.1,1344]","t-UtVx3lZmrV 基线[-47148,840] 现[-44869.1,840]","v-eMpqKtiLlx 基线[-48684,840] 现[-46405.1,840]","v-oZNpH99MtM 基线[-48684,300] 现[-46405.1,300]","v-v2hlWY4Br3 基线[-49512,300] 现[-47233.1,300]"]

=== 已写 tools/batchFD4.json ===
