· closePromos：[{"模态":false,"文字":"Agent 已升级为 TV Director 全流程成片规划、批量执行、创意脑暴、剧本创编…… 现在统统交给 TV Director。 知道了","按钮":"知道了","框":[732,447,280,311],"怎么关的":"fixed-按钮","gone":true}]
· zoom = 0.482682｜1 屏px = 2.0718 画布单位｜节点 v-oZNpH99MtM 基线 [-60276,300]
· 开关初始 svg 数 = 1（1 = 关/吸附态，2 = 开/斜杠态）
· —— ① 关态：粗扫 200 屏px / 100 帧 × 2px ——
·    理论步长 4.1435｜净位移 408｜绝对值集合 [6,8,9,10,12,14,16,19]｜最大偏差 14.8565
·    往返回程净位移 NaN
· —— ② 关态：细扫 20 屏px / 40 帧 × 0.5px ——
·    理论步长 1.0359｜净位移 36｜绝对值集合 [10,12,14]｜最大偏差 12.9641
·    往返回程净位移 NaN
· 点开关后 svg 数 = 2
· —— ③ 开态：粗扫 200 屏px / 100 帧 × 2px ——
·    理论步长 4.1435｜净位移 410.2｜绝对值集合 [4.1,4.2]｜最大偏差 0.0565
·    往返回程净位移 NaN
· —— ④ 开态：细扫 20 屏px / 40 帧 × 0.5px ——
·    理论步长 1.0359｜净位移 37.3｜绝对值集合 [2,2.1]｜最大偏差 1.0641
·    往返回程净位移 NaN
· ⛔ 收尾截图 fe1-01
· finally 复原：{"ok":true,"轮":1,"终":[-60276,300]}
· finally 点回开关：svg 2 → 1（目标 1）
· ⭐ 静置 15s 后核对坐标：[]
· done
