· closePromos：[{"模态":false,"文字":"Agent 已升级为 TV Director 全流程成片规划、批量执行、创意脑暴、剧本创编…… 现在统统交给 TV Director。 知道了","按钮":"知道了","框":[732,447,280,311],"怎么关的":"fixed-按钮","gone":true}]
· 起点 zoom=0.482682（⌘0）｜开关 svg=1｜v-oZNpH99MtM 基线 [-152772,300]
· —— ① ⌘0 档（对照）——
·    zoom=0.482682｜不同坐标 14 个｜间距集合 [6,10,12,14,16]
· —— ② 20% 档（区分度最高：画布单位说 12，屏幕像素说 60）——
·    zoom=0.2｜屏宽=70｜不同坐标 34 个｜间距集合 [6,8,9,10,12,14,16,19]
· —— ③ 50% 档（画布单位说 12，屏幕像素说 24）——
·    zoom=0.5｜屏宽=175｜不同坐标 14 个｜间距集合 [6,10,12,14,16]
· —— ④ 回 ⌘0，zoom=0.482682 ——
· —— 判据汇总 ——
·    ⌘0：zoom=0.482682｜间距 [6,10,12,14,16]｜若是画布单位应为 12，若是屏幕像素应为 24.861
·    20%：zoom=0.2｜间距 [6,8,9,10,12,14,16,19]｜若是画布单位应为 12，若是屏幕像素应为 60
·    50%：zoom=0.5｜间距 [6,10,12,14,16]｜若是画布单位应为 12，若是屏幕像素应为 24
· finally：先切成开态 svg 1 → 2
·    复原轮1：[-152760,300] → [-152797,300]（拖 -21,0px @zoom 0.482682）
·    复原轮2：[-152797,300] → [-152714,300]（拖 43,0px @zoom 0.482682）
·    复原轮3：[-152714,300] → [-152932,300]（拖 -108,0px @zoom 0.482682）
·    复原轮4：[-152932,300] → [-152277,300]（拖 319,0px @zoom 0.482682）
· finally 出错：Cannot read properties of null (reading '画布')
· ⭐ 静置 15s 后核对坐标：[{"id":"a-GgqvrVz0pw","现":null,"偏":"不在 DOM"},{"id":"a-THmbuJXQj4","现":null,"偏":"不在 DOM"},{"id":"b-mfkcQNULC3","现":null,"偏":"不在 DOM"},{"id":"i-9nlG6HdjK2","现":null,"偏":"不在 DOM"},{"id":"i-sODTbgLUm1","现":null,"偏":"不在 DOM"},{"id":"n-56F19pXVB4","现":null,"偏":"不在 DOM"},{"id":"t-2AK3Ukyxj3","现":null,"偏":"不在 DOM"},{"id":"t-UtVx3lZmrV","现":null,"偏":"不在 DOM"},{"id":"v-eMpqKtiLlx","现":null,"偏":"不在 DOM"},{"id":"v-oZNpH99MtM","现":null,"偏":"不在 DOM"},{"id":"v-v2hlWY4Br3","现":null,"偏":"不在 DOM"}]
· done
