· closePromos：[{"模态":false,"文字":"Agent 已升级为 TV Director 全流程成片规划、批量执行、创意脑暴、剧本创编…… 现在统统交给 TV Director。 知道了","按钮":"知道了","框":[732,447,280,
· —— ① 角色造型室（建立基准）——
·    「角色造型室」框 [700,757,32,32]｜落点 [716,773]｜落点属主 aria-label="角色造型室"｜class="relative flex items-center justify-center rounded-lg transition-colors"
·    ✅ 断言通过：「角色造型室」的落点属主就是它自己（没被浮层盖住）
·    ✅ 断言通过：「角色造型室」打开成功
·    全页 dump 127 条
·    ✅ 断言通过：角色造型室的独占文案确实在界面上（阳性对照）
· —— ② 关掉角色造型室 ——
·    ⛔ Escape 无效，点关闭钮 "关闭"
·    ✅ 断言通过：关面板后独占文案 ["我的角色库","官方角色库","创建新角色"] 真的消失
· —— ③ 干净状态下开「素材库」——
·    「素材库」框 [660,757,32,32]｜落点 [676,773]｜落点属主 aria-label="素材库"｜class="relative flex items-center justify-center rounded-lg transition-colors"
·    ✅ 断言通过：「素材库」的落点属主就是它自己（没被浮层盖住）
·    ✅ 断言通过：打开「素材库」后，上一面板的独占文案 ["我的角色库","官方角色库","创建新角色"] 已消失
·    ⭐ 素材库状态下全页 dump 66 条
·    候选浮层结构 []
· —— ④ 干净状态下开「生成历史」——
·    「生成历史」框 [740,757,32,32]｜落点 [756,773]｜落点属主 aria-label="生成历史"｜class="relative flex items-center justify-center rounded-lg transition-colors"
·    ✅ 断言通过：「生成历史」的落点属主就是它自己（没被浮层盖住）
·    ✅ 断言通过：打开「生成历史」后，上一面板的独占文案 ["我的角色库","官方角色库","创建新角色"] 已消失
·    ⭐ 生成历史状态下全页 dump 73 条
· —— 共跑了 8 条断言，失败 0 条 ——
· done
