· closePromos：[{"模态":false,"文字":"Agent 已升级为 TV Director 全流程成片规划、批量执行、创意脑暴、剧本创编…… 现在统统交给 TV Director。 知道了","按钮":"知道了","框":[73
· —— ① 开关行为 ——
·    ✅ 断言通过：打开素材库
·    ✅ 断言通过：三项都在
·    ❌ 断言失败：⭐ Escape **关不掉**素材库浮层｜数据 true
·    ✅ 断言通过：再点一次「素材库」
·    ✅ 断言通过：⭐ 再点一次同一枚按钮才关得掉（它是开关）
· —— ② 副标题的 opacity ——
·    ✅ 断言通过：再次打开
·    悬停前 {"字":"新增风格节点","opacity":"0","class":"text-fg-muted text-[12px] leading-snug opacity-0 transition-opacity duration-200 group-hover:opacity-100","transition":"0.2s"}
·    悬停后 {"opacity":"1","transition":"0.2s"}
·    ✅ 断言通过：⭐⭐ 副标题「新增风格节点」默认 opacity 0、悬停才淡入
· —— ③ 「风格库」→ 风格广场 ——
·    落点自证 {"点":[676,589],"命中":"风格库 新增风格节点 NEW"}
·    ✅ 断言通过：「风格库」的落点属主是它自己（CV-0 那次点成了特效库）
·    ⭐ 风格广场命中 14/14：风格广场 我的收藏 最近使用 推荐 摄影写真 电商营销 动漫游戏 风格插画 平面设计 建筑及室内设计 创意玩法 文创周边 小说推文 仅看可商用
·    ✅ 断言通过：⭐⭐ 风格广场真的开了 —— FI 的「广场入口不可达」正式作废
·    我的收藏：全页 71 条
· —— ④ 添加节点面板里的「素材库」——
·    ✅ 断言通过：打开添加节点面板
·    面板里那一行 {"tag":"DIV","框":[492,595,206,36],"文字":"素材库"}
·    ❌ 断言失败：添加节点面板里那一行点开也是同一个三项浮层｜数据 {"风格库":true,"特效库":true,"工具箱":false}
· —— 共跑了 11 条断言，失败 2 条 ——
· done
