· closePromos：[{"模态":false,"文字":"Agent 已升级为 TV Director 全流程成片规划、批量执行、创意脑暴、剧本创编…… 现在统统交给 TV Director。 知道了","按钮":"知道
· —— ① 打开生成历史 ——
·    「生成历史」框 [740,757,32,32]｜落点 [756,773]｜落点属主 aria-label="生成历史"
·    ✅ 断言通过：「生成历史」的落点属主就是它自己（没被浮层盖住）
·    ✅ 断言通过：「生成历史」打开成功（落点自证通过）
·    ✅ 断言通过：⭐ 面板确实打开了（阳性对照：独有文案在场）
·    壳 {"框":[73,158,1294,571],"class":"flex min-h-0 flex-1","z":"auto","position":"static"}
·    滑块 [{"tag":"INPUT","框":[1167,115,100,12],"min":"0","max":"4","step":"1","value":"2","aria":null,"ariaValueNow":null,"class":"h-3 w-[100px] cursor-pointer appearance-none bg-transparent [&::-moz-range-thumb]:size-[9p"}]
·    · {"框":[1167,115,100,12],"文字":"","aria":null,"title":null,"role":null,"tag":"INPUT","bg":"rgba(0, 0, 0, 0)","高亮":false}
·    · {"框":[1315,107,28,28],"文字":"","aria":null,"title":null,"role":null,"tag":"BUTTON","bg":"rgba(0, 0, 0, 0)","高亮":false}
·    · {"框":[99,172,80,32],"文字":"全部画布","aria":null,"title":null,"role":"radio","tag":"BUTTON","bg":"rgba(0, 0, 0, 0)","高亮":false}
·    · {"框":[181,172,66,32],"文字":"本画布","aria":null,"title":null,"role":"radio","tag":"BUTTON","bg":"rgba(0, 0, 0, 0)","高亮":false}
·    · {"框":[286,172,48,32],"文字":"图片 0","aria":null,"title":null,"role":null,"tag":"BUTTON","bg":"rgba(0, 0, 0, 0)","高亮":false}
·    · {"框":[350,172,48,32],"文字":"视频 0","aria":null,"title":null,"role":null,"tag":"BUTTON","bg":"rgba(0, 0, 0, 0)","高亮":false}
·    · {"框":[414,172,48,32],"文字":"音频 0","aria":null,"title":null,"role":null,"tag":"BUTTON","bg":"rgba(0, 0, 0, 0)","高亮":false}
·    · {"框":[1049,172,86,32],"文字":"所有评级","aria":null,"title":null,"role":null,"tag":"BUTTON","bg":"rgba(0, 0, 0, 0)","高亮":false}
·    · {"框":[1152,172,86,32],"文字":"时间倒序","aria":null,"title":"当前：最新优先","role":null,"tag":"BUTTON","bg":"rgba(0, 0, 0, 0)","高亮":false}
·    · {"框":[1255,172,88,32],"文字":"批量操作","aria":null,"title":null,"role":null,"tag":"BUTTON","bg":"rgba(0, 0, 0, 0)","高亮":false}
·    · {"框":[1183,167,56,17],"文字":"音频生视频","aria":null,"title":null,"role":null,"tag":"BUTTON","bg":"rgba(0, 0, 0, 0)","高亮":false}
·    · {"框":[708,109,142,80],"文字":"上传视频后开始","aria":null,"title":null,"role":null,"tag":"BUTTON","bg":"rgba(0, 0, 0, 0)","高亮":false}
·    · {"框":[708,208,45,15],"文字":"分镜","aria":null,"title":null,"role":null,"tag":"BUTTON","bg":"rgba(19, 213, 255, 0.12)","高亮":true}
·    · {"框":[757,208,45,15],"文字":"动态","aria":null,"title":null,"role":null,"tag":"BUTTON","bg":"rgba(19, 213, 255, 0.12)","高亮":true}
·    · {"框":[806,208,45,15],"文字":"音乐","aria":null,"title":null,"role":null,"tag":"BUTTON","bg":"rgba(19, 213, 255, 0.12)","高亮":true}
·    · {"框":[708,233,142,17],"文字":"开始拉片","aria":null,"title":null,"role":null,"tag":"BUTTON","bg":"rgba(255, 255, 255, 0.08)","高亮":true}
·    · {"框":[991,169,44,15],"文字":"打开导演台","aria":null,"title":null,"role":null,"tag":"BUTTON","bg":"lab(100 -0.0000298023 0.0000119209 / 0.1)","高亮":true}
·    · {"框":[481,151,42,14],"文字":"讲解视频","aria":null,"title":null,"role":null,"tag":"BUTTON","bg":"rgba(0, 0, 0, 0)","高亮":false}
·    · {"框":[481,167,42,14],"文字":"批量广告","aria":null,"title":null,"role":null,"tag":"BUTTON","bg":"rgba(0, 0, 0, 0)","高亮":false}
·    · {"框":[481,182,42,14],"文字":"口播视频","aria":null,"title":null,"role":null,"tag":"BUTTON","bg":"rgba(0, 0, 0, 0)","高亮":false}
·    · {"框":[481,198,42,14],"文字":"素材混剪","aria":null,"title":null,"role":null,"tag":"BUTTON","bg":"rgba(0, 0, 0, 0)","高亮":false}
·    · {"框":[77,151,67,17],"文字":"5分钟超长视频","aria":null,"title":null,"role":null,"tag":"BUTTON","bg":"rgba(0, 0, 0, 0)","高亮":false}
·    · {"框":[77,170,70,17],"文字":"首尾帧生成视频","aria":null,"title":null,"role":null,"tag":"BUTTON","bg":"rgba(0, 0, 0, 0)","高亮":false}
·    · {"框":[77,190,63,17],"文字":"首帧生成视频","aria":null,"title":null,"role":null,"tag":"BUTTON","bg":"rgba(0, 0, 0, 0)","高亮":false}
·    · {"框":[1199,165,28,28],"文字":"","aria":"当前已是新对话","title":null,"role":null,"tag":"BUTTON","bg":"rgba(0, 0, 0, 0)","高亮":false}
·    · {"框":[1229,165,28,28],"文字":"","aria":"历史对话","title":null,"role":null,"tag":"BUTTON","bg":"rgba(0, 0, 0, 0)","高亮":false}
·    · {"框":[1259,165,28,28],"文字":"","aria":"新对话无法分享","title":null,"role":null,"tag":"BUTTON","bg":"rgba(0, 0, 0, 0)","高亮":false}
·    · {"框":[1289,165,28,28],"文字":"","aria":"TV Director 全局设置","title":"TV Director 全局设置","role":null,"tag":"BUTTON","bg":"rgba(0, 0, 0, 0)","高亮":false}
·    · {"框":[1319,165,28,28],"文字":"","aria":"LibTV Plugin","title":null,"role":null,"tag":"BUTTON","bg":"rgba(0, 0, 0, 0)","高亮":false}
·    · {"框":[1349,165,28,28],"文字":"","aria":"停靠到右侧","title":null,"role":null,"tag":"BUTTON","bg":"rgba(0, 0, 0, 0)","高亮":false}
·    · {"框":[1379,165,28,28],"文字":"","aria":"关闭","title":null,"role":null,"tag":"BUTTON","bg":"rgba(0, 0, 0, 0)","高亮":false}
· —— ② 密度滑块 ——
·    拖动读数 [{"拖到":"4","读到":{"value":"4","aria":null}},{"拖到":"2","读到":{"value":"2","aria":null}},{"拖到":"0","读到":{"value":"0","aria":null}}]
·    ✅ 断言通过：⭐ 密度滑块真的能改值（不是装饰）
· —— ③ 所有评级 ——
·    控件 {"框":[1049,172,86,32],"点":[1092,188],"命中":"所有评级","title":null,"aria":null}
·    下拉 [{"框":[935,208,200,230],"项":["所有评级","1","1","2","2","3","3","4","4","5","5"]}]
·    ✅ 断言通过：⭐「所有评级」是真下拉，展开有 6 档
· —— ④ 时间倒序 ——
·    三轮 []
·    ❌ 断言失败：⭐「时间倒序」是两态循环切换（看 title 里的「当前：…」）｜数据 []
· —— ⑤ 全部画布 / 本画布 ——
·    []
·    ❌ 断言失败：⭐ 两个页签靠底色区分高亮｜数据 []
· —— ⑥ 批量操作 ——
·    null
·    ✅ Escape 就关掉了
· —— 共跑了 7 条断言，失败 2 条 ——
· done
