· closePromos：[{"模态":false,"文字":"Agent 已升级为 TV Director 全流程成片规划、批量执行、创意脑暴、剧本创编…… 现在统统交给 TV Director。 知道了
·    「生成历史」框 [740,757,32,32]｜落点 [756,773]｜落点属主 aria-label="生成历史"
·    ✅ 断言通过：「生成历史」的落点属主就是它自己（没被浮层盖住）
·    ✅ 断言通过：打开生成历史
· —— ① 收下拉的三种办法 ——
·    按 Esc：下拉 开 → 关；面板 ⛔ 被一起关掉了
·    「生成历史」框 [740,757,32,32]｜落点 [756,773]｜落点属主 aria-label="生成历史"
·    ✅ 断言通过：「生成历史」的落点属主就是它自己（没被浮层盖住）
·    点面板空白：下拉 开 → 关；面板 ✅ 还在
·    再点同一枚按钮：下拉 开 → 关；面板 ✅ 还在
·    ✅ 断言通过：⭐ 至少有一种办法能只收下拉、留住面板
·    ✅ 断言通过：⭐⭐ 确认「在下拉里按 Esc」会把整个面板一起关掉
· —— ② 时间倒序 ——
·    ✅ 断言通过：面板重开
·    四轮 [{"轮":1,"文字":"时间倒序","title":"当前：最新优先"},{"轮":2,"文字":"时间正序","title":"当前：最早优先"},{"轮":3,"文字":"时间倒序","title":"当前：最新优先"},{"轮":4,"文字":"时间正序","title":"当前：最早优先"}]
·    ✅ 断言通过：⭐「时间倒序」是两态循环（title 在「当前：最新优先 / 最早优先」之间换）
· —— ③ 全部画布 / 本画布 ——
·    点之前 [{"文字":"全部画布","role":"radio","ariaChecked":"true","底色":"rgba(0, 0, 0, 0)","框":[99,172,80,32]},{"文字":"本画布","role":"radio","ariaChecked":"false","底色":"rgba(0, 0, 0, 0)","框":[181,172,66,32]}]
·    点之后 [{"文字":"全部画布","role":"radio","ariaChecked":"false","底色":"rgba(0, 0, 0, 0)","框":[99,172,80,32]},{"文字":"本画布","role":"radio","ariaChecked":"true","底色":"rgba(0, 0, 0, 0)","框":[181,172,66,32]}]
·    ✅ 断言通过：⭐ 切页签后状态变了（能看出哪个高亮）
·    已复原到「全部画布」
· —— ④ 批量操作 ——
·    {"框":[1255,172,88,32],"点":[1299,188],"命中":"批量操作","title":null,"role":null,"checked":null}
·    div 数 429 → 437；新增文字 ["批量操作","删除","下载","批量广告"]；面板还在=true
·    ✅ 断言通过：点「批量操作」后面板**没被关掉**
· —— ⑤ 复原 ——
·    密度滑块 undefined → null
·    ❌ 断言失败：密度滑块复原到默认 2｜数据 {"后值":null}
·    ✅ Escape 就关掉了
· —— 共跑了 10 条断言，失败 1 条 ——
· done
