· closePromos：[{"模态":false,"文字":"Agent 已升级为 TV Director 全流程成片规划、批量执行、创意脑暴、剧本创编…… 现在统统交给 TV Dir
· —— ① 图片节点的参数条 ——
·    ✅ 断言通过：图片节点选上了
·    参数条可见控件 33 枚
·    · {"名":"添加节点","框":[580,757,32,32],"aria":"添加节点","title":null,"灰":"1","字色":"rgb(247, 247, 247)","svg数":1,"path指纹":"M9.38 16.67v-6.05H3.33a.62.6","子":["SPAN.bg-canvas-primary-btn hove"]}
·    · {"名":"移动","框":[620,757,32,32],"aria":"移动","title":null,"灰":"1","字色":"rgb(247, 247, 247)","svg数":1,"path指纹":"M2.33 4.72c-.5-1.48.9-2.9 2.","子":["svg.[object SVGAnimatedString]"]}
·    · {"名":"素材库","框":[660,757,32,32],"aria":"素材库","title":null,"灰":"1","字色":"rgb(247, 247, 247)","svg数":1,"path指纹":"M6.94 10.84c1.15 0 2.08.93 2","子":["svg.[object SVGAnimatedString]"]}
·    · {"名":"角色造型室","框":[700,757,32,32],"aria":"角色造型室","title":null,"灰":"1","字色":"rgb(247, 247, 247)","svg数":1,"path指纹":"M17.08 10a7.08 7.08 0 1 0-14","子":["svg.[object SVGAnimatedString]","SPAN.border-(--storyboard-group"]}
·    · {"名":"生成历史","框":[740,757,32,32],"aria":"生成历史","title":null,"灰":"1","字色":"rgb(247, 247, 247)","svg数":1,"path指纹":"M17.08 10a7.08 7.08 0 1 0-14","子":["svg.[object SVGAnimatedString]"]}
·    · {"名":"快捷键","框":[789,757,32,32],"aria":"快捷键","title":null,"灰":"1","字色":"rgb(247, 247, 247)","svg数":1,"path指纹":"M16.08 3.35c1.72 0 3.12 1.4 ","子":["svg.[object SVGAnimatedString]"]}
·    · {"名":"教程","框":[829,757,32,32],"aria":"教程","title":null,"灰":"1","字色":"rgb(247, 247, 247)","svg数":1,"path指纹":"M10 1.67a8.33 8.33 0 1 1 0 1","子":["svg.[object SVGAnimatedString]"]}
·    · {"名":"音频生视频","框":[77,670,56,17],"aria":null,"title":null,"灰":"1","字色":"rgb(247, 247, 247)","svg数":1,"path指纹":"M17.4 0A2.6 2.6 0 0 1 20 2.6","子":["svg.[object SVGAnimatedString]","SPAN."]}
·    · {"名":"Lib Image 2.5 Pro","框":[-106,657,159,32],"aria":null,"title":null,"灰":"1","字色":"rgb(247, 247, 247)","svg数":1,"path指纹":"M6.2.12a.4.4 0 0 1 .56 0l.43","子":["DIV.flex min-w-0 items-center ","svg.[object SVGAnimatedString]"]}
·    · {"名":"16:9 · 标准画质 · 2K · 1张","框":[63,657,201,32],"aria":null,"title":null,"灰":"1","字色":"rgb(247, 247, 247)","svg数":1,"path指纹":"M6.2.12a.4.4 0 0 1 .56 0l.43","子":["DIV.flex min-w-0 flex-1 items-","svg.[object SVGAnimatedString]"]}
·    · {"名":"预设","框":[273,657,32,32],"aria":"预设","title":null,"灰":"1","字色":"rgb(255, 255, 255)","svg数":1,"path指纹":"M5.12 7.8c.74 0 1.34.59 1.34","子":["SPAN.flex size-6 items-center j","SPAN.border-(--btn-ghost-hover)"]}
·    · {"名":"","框":[309,657,32,32],"aria":null,"title":null,"灰":"1","字色":"rgb(247, 247, 247)","svg数":0,"path指纹":null,"子":["SPAN.relative inline-flex shrin"]}
·    · {"名":"","框":[384,657,32,32],"aria":null,"title":null,"灰":"1","字色":"rgb(247, 247, 247)","svg数":1,"path指纹":"M15.52 7.2c.16 0 .31.1.37.26","子":["svg.[object SVGAnimatedString]"]}
·    · {"名":"","框":[424,657,32,32],"aria":null,"title":null,"灰":"1","字色":"rgb(255, 255, 255)","svg数":1,"path指纹":"M14 17H5M19 7h-9","子":["svg.[object SVGAnimatedString]"]}
·    · {"名":"","框":[504,657,32,32],"aria":null,"title":null,"灰":"0.5","字色":"rgb(145, 145, 145)","svg数":1,"path指纹":"M8.3.3a1 1 0 0 1 1.4 0l8 8a1","子":["svg.[object SVGAnimatedString]"]}
·    · {"名":"自己编写内容","框":[320,652,63,17],"aria":null,"title":null,"灰":"1","字色":"rgb(247, 247, 247)","svg数":1,"path指纹":"M17.4 0A2.6 2.6 0 0 1 20 2.6","子":["svg.[object SVGAnimatedString]","SPAN."]}
·    · {"名":"文生视频","框":[320,671,49,17],"aria":null,"title":null,"灰":"1","字色":"rgb(247, 247, 247)","svg数":1,"path指纹":"M17.4 0A2.6 2.6 0 0 1 20 2.6","子":["svg.[object SVGAnimatedString]","SPAN."]}
·    · {"名":"图片反推提示词","框":[320,690,70,17],"aria":null,"title":null,"灰":"1","字色":"rgb(247, 247, 247)","svg数":1,"path指纹":"M17.4 0A2.6 2.6 0 0 1 20 2.6","子":["svg.[object SVGAnimatedString]","SPAN."]}
·    · {"名":"文字生音乐","框":[320,710,56,17],"aria":null,"title":null,"灰":"1","字色":"rgb(247, 247, 247)","svg数":1,"path指纹":"M11.2.03a1.8 1.8 0 0 1 2.17 ","子":["svg.[object SVGAnimatedString]","SPAN."]}
·    · {"名":"资产管理","框":[14,764,94,28],"aria":"资产管理","title":null,"灰":"1","字色":"rgb(247, 247, 247)","svg数":1,"path指纹":"M17.48.01A2.8 2.8 0 0 1 20 2","子":["SPAN.flex items-center justify-","SPAN.whitespace-nowrap text-[13"]}
·    · {"名":"整理画布，Option+Shift+F","框":[112,764,28,28],"aria":"整理画布，Option+Shift+F","title":null,"灰":"1","字色":"rgb(247, 247, 247)","svg数":1,"path指纹":"M5.13 8.34c.87 0 1.58.7 1.58","子":["SPAN.flex items-center justify-"]}
·    · {"名":"切换小地图","框":[144,764,28,28],"aria":"切换小地图","title":null,"灰":"1","字色":"rgb(247, 247, 247)","svg数":1,"path指纹":"M10.9 0a6.9 6.9 0 0 1 6.9 6.","子":["SPAN.flex items-center justify-"]}
·    · {"名":"隐藏节点连线","框":[176,764,28,28],"aria":"隐藏节点连线","title":null,"灰":"1","字色":"rgb(247, 247, 247)","svg数":1,"path指纹":"M9.28 0a2.28 2.28 0 1 1-2.22","子":["SPAN.flex items-center justify-"]}
·    · {"名":"网格吸附","框":[208,764,28,28],"aria":"网格吸附","title":null,"灰":"1","字色":"rgb(247, 247, 247)","svg数":1,"path指纹":"m12 15l4 4M2.352 10.648a1.20","子":["SPAN.relative flex items-center"]}
·    · {"名":"48%","框":[240,764,36,28],"aria":"缩放选项","title":null,"灰":"1","字色":"rgb(255, 255, 255)","svg数":0,"path指纹":null,"子":[]}
·    · {"名":"开启","框":[1269,622,26,18],"aria":null,"title":null,"灰":"1","字色":"rgb(255, 255, 255)","svg数":0,"path指纹":null,"子":[]}
·    · {"名":"关闭浏览器通知提示","框":[1383,619,24,24],"aria":"关闭浏览器通知提示","title":null,"灰":"1","字色":"rgb(255, 255, 255)","svg数":1,"path指纹":"M15.8.12a.4.4 0 0 1 .56 0l.7","子":["SPAN.flex size-[14px] shrink-0 "]}
·    · {"名":"添加附件","框":[1042,740,32,32],"aria":"添加附件","title":null,"灰":"1","字色":"rgb(145, 145, 145)","svg数":1,"path指纹":"M8.38 1c.14 0 .26.11.26.25v6","子":["svg.[object SVGAnimatedString]"]}
·    · {"名":"全能创作","框":[1077,740,81,32],"aria":"选择创作模式","title":null,"灰":"1","字色":"rgb(247, 247, 247)","svg数":1,"path指纹":"M6.2.12a.4.4 0 0 1 .56 0l.43","子":["SPAN.min-w-0 truncate text-[13p","svg.[object SVGAnimatedString]"]}
·    · {"名":"选择模型","框":[1161,740,32,32],"aria":"选择模型","title":null,"灰":"1","字色":"rgb(145, 145, 145)","svg数":1,"path指纹":"M7.2.87c.5-.3 1.1-.3 1.6 0l5","子":["svg.[object SVGAnimatedString]"]}
·    · {"名":"Skill","框":[1196,740,32,32],"aria":"Skill","title":null,"灰":"1","字色":"rgb(145, 145, 145)","svg数":1,"path指纹":"M8.4 1.33c.15 0 .27.12.27.27","子":["SPAN.relative inline-flex size-"]}
·    · {"名":"手动生成","框":[1231,740,32,32],"aria":"手动生成","title":null,"灰":"1","字色":"rgb(145, 145, 145)","svg数":1,"path指纹":"M3.47 4a1.93 1.93 0 0 1 2.72","子":["svg.[object SVGAnimatedString]"]}
·    · {"名":"Send","框":[1374,740,32,32],"aria":"Send","title":null,"灰":"1","字色":"rgb(23, 23, 23)","svg数":1,"path指纹":"M8.3.3a1 1 0 0 1 1.4 0l8 8a1","子":["svg.[object SVGAnimatedString]"]}
·    ⭐ 悬停 [309,657,32,32] → ["Panavision DXL2 已关闭 Arri Signature Prime / 35mm / ƒ/4","按 ESC 退出"]
·    ⭐ 悬停 [384,657,32,32] → ["翻译提示词","按 ESC 退出"]
·    ⭐ 悬停 [424,657,32,32] → ["按 ESC 退出"]
·    ⭐ 悬停 [504,657,32,32] → ["请输入提示词或添加参考素材","按 ESC 退出"]
· —— ② 预设面板 ——
·    ✅ 断言通过：参数条上找得到「预设」按钮
·    分组标题 23 个：分镜 动态 音乐 / 分镜 / 分镜叙事 / 分镜叙事 / 生成完整剧情片段 / 25宫格连贯分镜 / 生成连续分镜长图 / 剧情推演四宫格 / 生成四格剧情推演 / 推演画面后续动作 / 质感调节 / 质感调节 / 人像质感调节 / 电影级光影校正 / 生成全景场景图 / 生成多视角机位图 / 设定图 / 设定图 / 角色脸部三视图 / 角色设定图 / 角色三视图 / 场景设定图 / 产品设定图
·    卡片 15 张
·    · {"名":"调度故事板 生成带有运动轨迹等调度草图分镜","框":[282,155,238,52],"opacity":"0.45","cursor":"not-allowed","蓝点":{"文字":"","底色":"rgb(93, 220, 255)","框":[315,167,6,6]}}
·    · {"名":"故事板 生成完整剧情片段","框":[282,211,238,52],"opacity":"0.45","cursor":"not-allowed","蓝点":{"文字":"","底色":"rgb(93, 220, 255)","框":[315,223,6,6]}}
·    · {"名":"25宫格连贯分镜 生成连续分镜长图","框":[282,267,238,52],"opacity":"0.45","cursor":"not-allowed","蓝点":null}
·    · {"名":"剧情推演四宫格 生成四格剧情推演","框":[282,323,238,52],"opacity":"0.45","cursor":"not-allowed","蓝点":null}
·    · {"名":"画面推演 - 3秒后 推演画面后续动作","框":[282,379,238,52],"opacity":"0.45","cursor":"not-allowed","蓝点":null}
·    · {"名":"画面推演 - 5秒前 还原画面前置状态","框":[282,435,238,52],"opacity":"0.45","cursor":"not-allowed","蓝点":null}
·    · {"名":"人像质感调节 降低 AI 感，优化人物质感与光影","框":[282,532,238,52],"opacity":"0.45","cursor":"not-allowed","蓝点":{"文字":"","底色":"rgb(93, 220, 255)","框":[315,544,6,6]}}
·    · {"名":"电影级光影校正 调整画面光影质感","框":[282,588,238,52],"opacity":"0.45","cursor":"not-allowed","蓝点":null}
·    · {"名":"720全景 生成全景场景图","框":[528,155,250,52],"opacity":"0.45","cursor":"not-allowed","蓝点":null}
·    · {"名":"多机位九宫格 生成多视角机位图","框":[528,211,250,52],"opacity":"0.45","cursor":"not-allowed","蓝点":null}
·    · {"名":"角色脸部三视图 基于一张参考图生成脸部细节三视图","框":[528,308,250,52],"opacity":"0.45","cursor":"not-allowed","蓝点":null}
·    · {"名":"角色设定图 角色主视觉与设定拆解","框":[528,364,250,52],"opacity":"0.45","cursor":"not-allowed","蓝点":null}
·    · {"名":"角色三视图 正侧背视图与脸部特写","框":[528,420,250,52],"opacity":"0.45","cursor":"not-allowed","蓝点":null}
·    · {"名":"场景设定图 角色主视觉与设定拆解","框":[528,476,250,52],"opacity":"0.45","cursor":"not-allowed","蓝点":null}
·    · {"名":"产品设定图 角色主视觉与设定拆解","框":[528,532,250,52],"opacity":"0.45","cursor":"not-allowed","蓝点":null}
·    ✅ 断言通过：⭐ 预设面板是一张「卡片墙」，卡片 ≥15 张
·    ✅ 断言通过：⭐⭐ 全部卡片都是灰态（opacity 0.45）—— 因为节点里没有图
·    外壳 {"框":[273,109,514,540],"z":"602","position":"fixed","class":"border-hair fixed z-[calc(var(--z-overlay)+2)] overflow-hidden rounded-2xl p-2 backdrop-blur-2xl border-border"}
· —— ③ 十八枚工具名复核 ——
·    ⭐⭐ 十八枚命中 0/21：(一条都没有)
·    ✅ 断言通过：⭐⭐⭐ 「扩图/擦除/抠图…」这 18 枚在界面上**一条都不出现** —— FL 的更正得到运行时确认
· —— 共跑了 5 条断言，失败 0 条 ——
· done
