· 损坏态：viewport = matrix(0.1, 0, 0, 0.1, 3142.13, 296.3)｜渲染 0 个节点
·    a-GgqvrVz0pw 基线[719.388,1509.13] 渲染"未渲染"
·    a-THmbuJXQj4 基线[-1356,600] 渲染"未渲染"
·    b-mfkcQNULC3 基线[636,300] 渲染"未渲染"
·    i-9nlG6HdjK2 基线[-1764,900] 渲染"未渲染"
·    i-sODTbgLUm1 基线[-168,900] 渲染"未渲染"
·    n-56F19pXVB4 基线[-1225.03,370.975] 渲染"未渲染"
·    t-2AK3Ukyxj3 基线[-1476,1524] 渲染"未渲染"
·    t-UtVx3lZmrV 基线[600,900] 渲染"未渲染"
·    v-eMpqKtiLlx 基线[-1787,900] 渲染"未渲染"
·    v-oZNpH99MtM 基线[132,300] 渲染"未渲染"
·    v-v2hlWY4Br3 基线[-696,300] 渲染"未渲染"
· 整理画布按钮 = {"aria":"整理画布，Option+Shift+F","文字":"","中心":[126,778],"框":[112,764,28,28]}
·   自证落点 = "整理画布，Option+Shift+F"
· 整理后（未点保留）：viewport = matrix(0.473839, 0, 0, 0.473839, 23508.7, -94.1518)｜渲染 11 个节点
·    a-GgqvrVz0pw 整理到 [-49512,1344]
·    a-THmbuJXQj4 整理到 [-47220,300]
·    b-mfkcQNULC3 整理到 [-48192,300]
·    i-9nlG6HdjK2 整理到 [-49512,840]
·    i-sODTbgLUm1 整理到 [-47916,840]
·    n-56F19pXVB4 整理到 [-47724,300]
·    t-2AK3Ukyxj3 整理到 [-49008,1344]
·    t-UtVx3lZmrV 整理到 [-47148,840]
·    v-eMpqKtiLlx 整理到 [-48684,840]
·    v-oZNpH99MtM 整理到 [-48684,300]
·    v-v2hlWY4Br3 整理到 [-49512,300]
· 当前可见按钮：[{"文字":"画布 2","中心":[200,24],"框":[165,8,69,32]},{"文字":"开通会员","中心":[0,0],"框":[0,0,0,0]},{"文字":"20","中心":[0,0],"框":[0,0,0,0]},{"文字":"20","中心":[1363,24],"框":[1334,8,58,32]},{"文字":"音频生视频","中心":[87,647],"框":[60,639,55,17]},{"文字":"音频生视频","中心":[1173,153],"框":[1146,144,55,17]},{"文字":"上传视频后开始","中心":[749,126],"框":[680,87,139,78]},{"文字":"分镜","中心":[702,192],"框":[680,184,44,15]},{"文字":"动态","中心":[749,192],"框":[727,184,44,15]},{"文字":"音乐","中心":[797,192],"框":[775,184,44,15]},{"文字":"开始拉片","中心":[749,218],"框":[680,209,139,17]},{"文字":"图生图","中心":[837,409],"框":[816,401,42,17]},{"文字":"图片高清","中心":[841,428],"框":[816,419,49,17]},{"文字":"打开导演台","中心":[978,154],"框":[957,147,43,15]},{"文字":"自己编写内容","中心":[329,629],"框":[299,620,62,17]},{"文字":"文生视频","中心":[323,648],"框":[299,639,48,17]},{"文字":"图片反推提示词","中心":[333,667],"框":[299,658,68,17]},{"文字":"文字生音乐","中心":[326,686],"框":[299,677,55,17]},{"文字":"自己编写内容","中心":[1211,390],"框":[1180,382,62,17]},{"文字":"文生视频","中心":[1204,409],"框":[1180,401,48,17]},{"文字":"图片反推提示词","中心":[1214,428],"框":[1180,419,68,17]},{"文字":"文字生音乐","中心":[1207,447],"框":[1180,438,55,17]},{"文字":"讲解视频","中心":[476,136],"框":[456,129,41,13]},{"文字":"批量广告","中心":[476,151],"框":[456,144,41,13]},{"文字":"口播视频","中心":[476,166],"框":[456,159,41,13]},{"文字":"素材混剪","中心":[476,181],"框":[456,175,41,13]},{"文字":"5分钟超长视频","中心":[93,138],"框":[60,129,66,17]},{"文字":"首尾帧生成视频","中心":[94,157],"框":[60,148,68,17]},{"文字":"首帧生成视频","中心":[91,175],"框":[60,167,62,17]},{"文字":"资产管理","中心":[61,778],"框":[14,764,94,28]},{"文字":"47%","中心":[258,778],"框":[240,764,36,28]},{"文字":"感知画布开始创作","中心":[1224,463],"框":[1041,443,366,39]},{"文字":"从爆款预设开始剧本原创","中心":[1224,502],"框":[1041,482,366,39]},{"文字":"上传故事来改编","中心":[1224,541],"框":[1041,521,366,39]},{"文字":"批量优化提示词","中心":[1224,580],"框":[1041,560,366,39]},{"文字":"开启","中心":[1282,631],"框":[1269,622,26,18]},{"文字":"全能创作","中心":[1118,756],"框":[1077,740,81,32]},{"文字":"还原","中心":[115,727],"框":[90,711,50,32]},{"文字":"保留","中心":[173,727],"框":[148,711,50,32]},{"文字":"取消ESC","中心":[762,17],"框":[730,9,64,16]},{"文字":"知道了","中心":[962,725],"框":[928,709,67,32]}]
· 点「保留」{"文字":"保留","中心":[173,727],"框":[148,711,50,32]}
· 点保留后：viewport = matrix(0.473839, 0, 0, 0.473839, 23508.7, -94.1518)｜渲染 11 个节点
·    a-GgqvrVz0pw = [-49512,1344]
·    a-THmbuJXQj4 = [-47220,300]
·    b-mfkcQNULC3 = [-48192,300]
·    i-9nlG6HdjK2 = [-49512,840]
·    i-sODTbgLUm1 = [-47916,840]
·    n-56F19pXVB4 = [-47724,300]
·    t-2AK3Ukyxj3 = [-49008,1344]
·    t-UtVx3lZmrV = [-47148,840]
·    v-eMpqKtiLlx = [-48684,840]
·    v-oZNpH99MtM = [-48684,300]
·    v-v2hlWY4Br3 = [-49512,300]
· ⭐⭐ 静置 15s 后：viewport = matrix(0.482682, 0, 0, 0.482682, 23963.6, -76.2343)｜渲染 11 个节点
·    a-GgqvrVz0pw = [-49512,1344]
·    a-THmbuJXQj4 = [-47220,300]
·    b-mfkcQNULC3 = [-48192,300]
·    i-9nlG6HdjK2 = [-49512,840]
·    i-sODTbgLUm1 = [-47916,840]
·    n-56F19pXVB4 = [-47724,300]
·    t-2AK3Ukyxj3 = [-49008,1344]
·    t-UtVx3lZmrV = [-47148,840]
·    v-eMpqKtiLlx = [-48684,840]
·    v-oZNpH99MtM = [-48684,300]
·    v-v2hlWY4Br3 = [-49512,300]

=== 已写 tools/restore-v4.json ===
