· zoom = 0.482682｜1 屏px = 2.0718 画布单位｜每段 1200 屏 px = 2486.1 画布单位
· 轮1：读到 11/11｜x 偏离 11 个｜y 偏离 0 个
·    x 偏差 -12440.20 ~ -12440.20（宽度 0.000）
·    框选 11 个｜方向 右｜落点用 a-GgqvrVz0pw 中心 [35,649]
·    拖 1200 屏 px：[35,649] → [1235,649]
·    → [-59466.1,1344]｜基线 [-49512,1344]｜偏差 -9954.10
· 轮2：读到 4/11｜x 偏离 4 个｜y 偏离 0 个
·    x 偏差 -9954.10 ~ -9954.10（宽度 0.000）
·    框选 11 个｜方向 右｜落点用 a-GgqvrVz0pw 中心 [31,648]
·    拖 1200 屏 px：[31,648] → [1231,648]
·    → [-56979.9,1344]｜基线 [-49512,1344]｜偏差 -7467.90
· 轮3：读到 4/11｜x 偏离 4 个｜y 偏离 0 个
·    x 偏差 -7467.90 ~ -7467.90（宽度 0.000）
·    框选 11 个｜方向 右｜落点用 a-GgqvrVz0pw 中心 [32,649]
·    拖 1200 屏 px：[32,649] → [1232,649]
·    → [-54493.8,1344]｜基线 [-49512,1344]｜偏差 -4981.80
· 轮4：读到 4/11｜x 偏离 4 个｜y 偏离 0 个
·    x 偏差 -4981.80 ~ -4981.80（宽度 0.000）
·    框选 11 个｜方向 右｜落点用 a-GgqvrVz0pw 中心 [37,649]
·    拖 1200 屏 px：[37,649] → [1237,649]
·    → [-52007.7,1344]｜基线 [-49512,1344]｜偏差 -2495.70
· 轮5：读到 4/11｜x 偏离 4 个｜y 偏离 0 个
·    x 偏差 -2495.70 ~ -2495.70（宽度 0.000）
·    框选 11 个｜方向 右｜落点用 a-GgqvrVz0pw 中心 [33,649]
·    拖 1200 屏 px：[33,649] → [1233,649]
·    → [-49521.6,1344]｜基线 [-49512,1344]｜偏差 -9.60
· 轮6：读到 4/11｜x 偏离 4 个｜y 偏离 0 个
·    x 偏差 -9.60 ~ -9.60（宽度 0.000）
·    框选 11 个｜方向 右｜落点用 a-GgqvrVz0pw 中心 [34,649]
·    拖 1200 屏 px：[34,649] → [1234,649]
·    → [-47035.5,1344]｜基线 [-49512,1344]｜偏差 2476.50
· 轮7：读到 4/11｜x 偏离 4 个｜y 偏离 0 个
·    x 偏差 2476.50 ~ 2476.50（宽度 0.000）
·    框选 11 个｜方向 左｜落点用 t-UtVx3lZmrV 中心 [1177,406]
·    ⛔ 落点 [-23,406] 出视界，缩小段
·   a-GgqvrVz0pw = [-47035.5,1344]｜基线 [-49512,1344]
·   a-THmbuJXQj4 = [-44743.5,300]｜基线 [-47220,300]
·   b-mfkcQNULC3 = [-45715.5,300]｜基线 [-48192,300]
·   i-9nlG6HdjK2 = [-47035.5,840]｜基线 [-49512,840]
·   i-sODTbgLUm1 = [-45439.5,840]｜基线 [-47916,840]
·   n-56F19pXVB4 = [-45247.5,300]｜基线 [-47724,300]
·   t-2AK3Ukyxj3 = [-46531.5,1344]｜基线 [-49008,1344]
·   t-UtVx3lZmrV = [-44671.5,840]｜基线 [-47148,840]
·   v-eMpqKtiLlx = [-46207.5,840]｜基线 [-48684,840]
·   v-oZNpH99MtM = [-46207.5,300]｜基线 [-48684,300]
·   v-v2hlWY4Br3 = [-47035.5,300]｜基线 [-49512,300]
· ⭐⭐ 静置 15s 后坐标复核：["a-GgqvrVz0pw 基线[-49512,1344] 现[-47035.5,1344]","a-THmbuJXQj4 基线[-47220,300] 现[-44743.5,300]","b-mfkcQNULC3 基线[-48192,300] 现[-45715.5,300]","i-9nlG6HdjK2 基线[-49512,840] 现[-47035.5,840]","i-sODTbgLUm1 基线[-47916,840] 现[-45439.5,840]","n-56F19pXVB4 基线[-47724,300] 现[-45247.5,300]","t-2AK3Ukyxj3 基线[-49008,1344] 现[-46531.5,1344]","t-UtVx3lZmrV 基线[-47148,840] 现[-44671.5,840]","v-eMpqKtiLlx 基线[-48684,840] 现[-46207.5,840]","v-oZNpH99MtM 基线[-48684,300] 现[-46207.5,300]","v-v2hlWY4Br3 基线[-49512,300] 现[-47035.5,300]"]
