· closePromos：[{"模态":false,"文字":"Agent 已升级为 TV Director 全流程成片规划、批量执行、创意脑暴、剧本创编…… 现在统统交给 TV Director。 知道了","按钮":"知道了","框":[732,447,280,311],"怎么关的":"fixed-按钮","gone":true}]
· 【A1】zoom=0.482682｜渲染节点 0 个｜视口 matrix(0.482682, 0, 0, 0.482682, 96008.3, -76.2343)
· ⛔ 节点没全部渲染，先按 ⌘0
· 【B1】⌘0 之后 zoom=0.1｜渲染 0 个
· ⛔ 仍然不渲染 ⇒ 用产品自带的「整理画布」+「保留」
·    整理按钮：{"aria":"整理画布，Option+Shift+F","文字":"","中心":[126,778]}
·    弹窗里的按钮：["画布 2","开通会员","20","20","音频生视频","音频生视频","上传视频后开始","分镜","动态","音乐","开始拉片","图生图","图片高清","打开导演台","自己编写内容","文生视频","图片反推提示词","文字生音乐","自己编写内容","文生视频","图片反推提示词","文字生音乐","讲解视频","批量广告","口播视频","素材混剪","5分钟超长视频","首尾帧生成视频","首帧生成视频","资产管理"]
·    「保留」按钮：[173,727]
· 【B2】整理+保留之后 zoom=0.482682｜渲染 11 个
· 开关当前 svg=1
· 【C】最终 zoom=0.482682｜渲染 11/11 个
·    ⚠️ a-GgqvrVz0pw 偏离 45936.0：基线 [-153600,1344] → 现 [-199536,1344]
·    ⚠️ a-THmbuJXQj4 偏离 45936.0：基线 [-151308,300] → 现 [-197244,300]
·    ⚠️ b-mfkcQNULC3 偏离 45936.0：基线 [-152280,300] → 现 [-198216,300]
·    ⚠️ i-9nlG6HdjK2 偏离 45936.0：基线 [-153600,840] → 现 [-199536,840]
·    ⚠️ i-sODTbgLUm1 偏离 45936.0：基线 [-152004,840] → 现 [-197940,840]
·    ⚠️ n-56F19pXVB4 偏离 45936.0：基线 [-151812,300] → 现 [-197748,300]
·    ⚠️ t-2AK3Ukyxj3 偏离 45936.0：基线 [-153096,1344] → 现 [-199032,1344]
·    ⚠️ t-UtVx3lZmrV 偏离 45936.0：基线 [-151236,840] → 现 [-197172,840]
·    ⚠️ v-eMpqKtiLlx 偏离 45936.0：基线 [-152772,840] → 现 [-198708,840]
·    ⚠️ v-oZNpH99MtM 偏离 45936.0：基线 [-152772,300] → 现 [-198708,300]
·    ⚠️ v-v2hlWY4Br3 偏离 45936.0：基线 [-153600,300] → 现 [-199536,300]
· 偏离基线 11 个｜读不到 0 个｜全部是 12 的倍数？ true
· ⛔ 截图 fe-restore-A1-现场.png / fe-restore-C-收尾.png
· done
